06-30 04:00:08.004  3339  3339 I ViewInteraction: Checking 'MatchesViewAssertion{viewMatcher=an instance of android.widget.TextView and view.getText() with or without transformation to match: a string containing "Subtotal: $1.00"}' assertion on view view.getId() is <2131231225/com.example.lunchtray:id/subtotal>
06-30 04:00:08.005  2353  4556 W Finsky  : [149] qlz.a(95): IQ: Resolved conflict: [Package:com.google.android.inputmethod.latin, isid:SDifnW2RS_2EisQfxbL8IA]. oldConstraints=[(REQ_CHARGING, REQ_GEARHEAD_PROJECTION_OFF, NETWORK=UNMETERED, PROVISIONING_STATE=PROVISIONED, BACKUP_MANAGER_STATE=BACKUP_READY, PROCESS_IMPORTANCE_THRESHOLD=125), (REQ_DEVICE_IDLE, REQ_GEARHEAD_PROJECTION_OFF, NETWORK=UNMETERED, PROVISIONING_STATE=PROVISIONED, BACKUP_MANAGER_STATE=BACKUP_READY), (REQ_CHARGING, REQ_DEVICE_IDLE, REQ_GEARHEAD_PROJECTION_OFF, NETWORK=UNMETERED, PROVISIONING_STATE=PROVISIONED, BACKUP_MANAGER_STATE=BACKUP_READY)], newConstraints=[(REQ_CHARGING, REQ_DEVICE_IDLE, REQ_GEARHEAD_PROJECTION_OFF, NETWORK=UNMETERED, PROVISIONING_STATE=PROVISIONED, BACKUP_MANAGER_STATE=BACKUP_READY), (REQ_DEVICE_IDLE, REQ_GEARHEAD_PROJECTION_OFF, NETWORK=UNMETERED, PROVISIONING_STATE=PROVISIONED, BACKUP_MANAGER_STATE=BACKUP_READY)]
06-30 04:00:08.009  3339  3339 I ViewInteraction: Performing 'single click' action on view view.getId() is <2131231106/com.example.lunchtray:id/pickles>
06-30 04:00:08.025  2353  4556 W Finsky  : [149] qlz.a(95): IQ: Resolved conflict: [Package:com.google.android.tts, isid:3MqHZ7qgQuWo_KkXyhwoSQ]. oldConstraints=[(REQ_CHARGING, REQ_GEARHEAD_PROJECTION_OFF, NETWORK=UNMETERED, PROVISIONING_STATE=PROVISIONED, BACKUP_MANAGER_STATE=BACKUP_READY), (REQ_DEVICE_IDLE, REQ_GEARHEAD_PROJECTION_OFF, NETWORK=UNMETERED, PROVISIONING_STATE=PROVISIONED, BACKUP_MANAGER_STATE=BACKUP_READY)], newConstraints=[(REQ_CHARGING, REQ_DEVICE_IDLE, REQ_GEARHEAD_PROJECTION_OFF, NETWORK=UNMETERED, PROVISIONING_STATE=PROVISIONED, BACKUP_MANAGER_STATE=BACKUP_READY), (REQ_DEVICE_IDLE, REQ_GEARHEAD_PROJECTION_OFF, NETWORK=UNMETERED, PROVISIONING_STATE=PROVISIONED, BACKUP_MANAGER_STATE=BACKUP_READY)]
06-30 04:00:08.056  2353  4556 W Finsky  : [149] qlz.a(95): IQ: Resolved conflict: [Package:com.google.android.webview, isid:aUbgUVK-SMCqV-X_F196EA]. oldConstraints=[(REQ_CHARGING, REQ_GEARHEAD_PROJECTION_OFF, NETWORK=UNMETERED, PROVISIONING_STATE=PROVISIONED, BACKUP_MANAGER_STATE=BACKUP_READY), (REQ_DEVICE_IDLE, REQ_GEARHEAD_PROJECTION_OFF, NETWORK=UNMETERED, PROVISIONING_STATE=PROVISIONED, BACKUP_MANAGER_STATE=BACKUP_READY)], newConstraints=[(REQ_CHARGING, REQ_DEVICE_IDLE, REQ_GEARHEAD_PROJECTION_OFF, NETWORK=UNMETERED, PROVISIONING_STATE=PROVISIONED, BACKUP_MANAGER_STATE=BACKUP_READY), (REQ_DEVICE_IDLE, REQ_GEARHEAD_PROJECTION_OFF, NETWORK=UNMETERED, PROVISIONING_STATE=PROVISIONED, BACKUP_MANAGER_STATE=BACKUP_READY)]
06-30 04:00:08.067  2353  4556 I Finsky  : [149] qml.Q(2): IQ: Notifying installation update. [Package:com.google.android.deskclock, isid:RreaX2NjTjqCeXFt7lJ1Aw], status=SCHEDULED, tsc=PT3.069S
06-30 04:00:08.135  2353  4556 I Finsky  : [149] qml.Q(2): IQ: Notifying installation update. [Package:com.google.android.gm, isid:CW6YLoENRg-i55S_FdyFsA], status=SCHEDULED, tsc=PT1.933S
06-30 04:00:08.156  2353  4556 I Finsky  : [149] qml.Q(2): IQ: Notifying installation update. [Package:com.google.android.apps.wellbeing, isid:vUC6qdFVRo2ho3TaESTDDQ], status=SCHEDULED, tsc=PT3.283S
06-30 04:00:08.188  3339  3581 D EGL_emulation: app_time_stats: avg=25.06ms min=5.32ms max=391.81ms count=50
06-30 04:00:08.198  2353  2353 I Finsky  : [2] zls.M(12): IT: DL session turned off due to Incremental install not requested: com.google.android.deskclock
06-30 04:00:08.250  2353  2353 I Finsky  : [2] xfp.adr(4): PIM: Ignore install package event for: com.google.android.deskclock, isid: RreaX2NjTjqCeXFt7lJ1Aw
06-30 04:00:08.253  2353  2353 I Finsky  : [2] jjo.g(1): AIM: AppInfoManager-Perf > getApps > called for 1 apps
06-30 04:00:08.258  2353  2506 I Finsky  : [52] jku.a(5): AIM: AppInfoManager-Perf > OnDeviceAppInfo > cacheHitCount=0, cacheMissCount=1. Missed  in cache (limit 10) : [com.google.android.deskclock]
06-30 04:00:08.261  2353  2506 I Finsky  : [52] jik.apply(105): AIM: Got app ownership map. App counts: . Unique apps: 0
06-30 04:00:08.265  2353  2353 I Finsky  : [2] zls.M(12): IT: DL session turned off due to Incremental install not requested: com.google.android.gm
06-30 04:00:08.265  2353  2353 I Finsky  : [2] xfp.adr(4): PIM: Ignore install package event for: com.google.android.gm, isid: CW6YLoENRg-i55S_FdyFsA
06-30 04:00:08.265  2353  2353 I Finsky  : [2] jjo.g(1): AIM: AppInfoManager-Perf > getApps > called for 1 apps
06-30 04:00:08.267  2353  2527 I Finsky  : [58] jku.a(5): AIM: AppInfoManager-Perf > OnDeviceAppInfo > cacheHitCount=0, cacheMissCount=1. Missed  in cache (limit 10) : [com.google.android.gm]
06-30 04:00:08.273  2353  2353 I Finsky  : [2] zls.M(12): IT: DL session turned off due to Incremental install not requested: com.google.android.apps.wellbeing
06-30 04:00:08.275  2353  2353 I Finsky  : [2] xfp.adr(4): PIM: Ignore install package event for: com.google.android.apps.wellbeing, isid: vUC6qdFVRo2ho3TaESTDDQ
06-30 04:00:08.275  2353  2353 I Finsky  : [2] jjo.g(1): AIM: AppInfoManager-Perf > getApps > called for 1 apps
06-30 04:00:08.278  2353  4556 I Finsky  : [149] qml.Q(2): IQ: Notifying installation update. [Package:com.google.android.webview, isid:aUbgUVK-SMCqV-X_F196EA], status=SCHEDULED, tsc=PT2.769S
06-30 04:00:08.280  2353  2527 I Finsky  : [58] jik.apply(105): AIM: Got app ownership map. App counts: . Unique apps: 0
06-30 04:00:08.280  2353  2527 I Finsky  : [58] jku.a(5): AIM: AppInfoManager-Perf > OnDeviceAppInfo > cacheHitCount=0, cacheMissCount=1. Missed  in cache (limit 10) : [com.google.android.apps.wellbeing]
06-30 04:00:08.281  2353  2353 I Finsky  : [2] zlt.apply(80): IQ::HLD: Ongoing hold off applicable installs: []
06-30 04:00:08.281  2353  2353 I Finsky  : [2] zlt.apply(80): IQ::HLD: Ongoing hold off applicable installs: []
06-30 04:00:08.283  2353  2353 I Finsky  : [2] ysp.a(60): IQ::HLD: previousAllInstallsDone is Optional.empty, allInstallationsDone is Optional[true]
06-30 04:00:08.283  2353  2353 I Finsky  : [2] ysp.a(62): IQ::HLD: Updating installations status false cross profiles
06-30 04:00:08.283  2353  2353 I Finsky  : [2] leg.b(1): XPF:Binding for 222382944
06-30 04:00:08.285  2353  2506 I Finsky  : [52] jik.apply(105): AIM: Got app ownership map. App counts: . Unique apps: 0
06-30 04:00:08.304  2353  2353 I Finsky  : [2] zlt.apply(80): IQ::HLD: Ongoing hold off applicable installs: []
06-30 04:00:08.305  2353  2353 I Finsky  : [2] ProfileStateService.onCreate(5): XPF:creating profileStateService
06-30 04:00:08.309  2353  2353 I Finsky  : [2] led.a(3): XPF:Registering listener 6274444 for user UserHandle{0}.
06-30 04:00:08.309  2353  2353 I Finsky  : [2] led.b(4): XPF:User UserHandle{0} finished enterprise setup, removing profile.
06-30 04:00:08.309  2353  2353 I Finsky  : [2] led.c(3): XPF:User UserHandle{0} is not in installation anymore, removing profile.
06-30 04:00:08.309  2353  2353 I Finsky  : [2] led.c(5): XPF:Notifying user UserHandle{0} that all installs are finished
06-30 04:00:08.309  2353  2353 I Finsky  : [2] leg.d(1): XPF:unbinding for 222382944
06-30 04:00:08.312  2353  2629 I Finsky  : [83] led.e(3): XPF:Removing listener for user UserHandle{0} and listener 6274444
06-30 04:00:08.340  2353  2353 I Finsky  : [2] zls.M(12): IT: DL session turned off due to Incremental install not requested: com.google.android.webview
06-30 04:00:08.340  2353  2353 I Finsky  : [2] xfp.adr(4): PIM: Ignore install package event for: com.google.android.webview, isid: aUbgUVK-SMCqV-X_F196EA
06-30 04:00:08.341  2353  2353 I Finsky  : [2] jjo.g(1): AIM: AppInfoManager-Perf > getApps > called for 1 apps
06-30 04:00:08.343  2353  2506 I Finsky  : [52] jku.a(5): AIM: AppInfoManager-Perf > OnDeviceAppInfo > cacheHitCount=0, cacheMissCount=1. Missed  in cache (limit 10) : [com.google.android.webview]
06-30 04:00:08.349  2353  2527 I Finsky  : [58] jkr.a(11): AIM: AppInfoManager-Perf > ItemModel > CacheSize=0, cacheHitCount=0, cacheMissCount=1, total appsWithNoServerDataCount=0. Missed  in cache (limit 10) : [com.google.android.deskclock]
06-30 04:00:08.350  2353  4556 I Finsky  : [149] qml.Q(2): IQ: Notifying installation update. [Package:com.android.chrome, isid:hLw97YKbRkuHjIlY0nBwQQ], status=SCHEDULED, tsc=PT2.729S
06-30 04:00:08.352   939   948 W .apps.wellbein: Suspending all threads took: 7.303ms
06-30 04:00:08.356  2353  2353 I Finsky  : [2] zlt.apply(80): IQ::HLD: Ongoing hold off applicable installs: []
06-30 04:00:08.359  2353  2506 I Finsky  : [52] jik.apply(105): AIM: Got app ownership map. App counts: . Unique apps: 0
06-30 04:00:08.365  2353  2506 I Finsky  : [52] jkr.a(11): AIM: AppInfoManager-Perf > ItemModel > CacheSize=0, cacheHitCount=0, cacheMissCount=1, total appsWithNoServerDataCount=0. Missed  in cache (limit 10) : [com.google.android.apps.wellbeing]
06-30 04:00:08.366  2353  2506 I Finsky  : [52] jkt.n(3): AIM: AppInfoManager-Perf > ItemModel > ItemStore Called 1 apps cacheOptions = REFRESH_LOCAL_CACHE
06-30 04:00:08.366  2353  2506 I Finsky  : [52] jkr.a(98): AIM: ItemModel fetch - unauth(1), auth()
06-30 04:00:08.373  2353  2527 I Finsky  : [58] jkt.n(3): AIM: AppInfoManager-Perf > ItemModel > ItemStore Called 1 apps cacheOptions = REFRESH_LOCAL_CACHE
06-30 04:00:08.375  2353  2527 I Finsky  : [58] jkr.a(98): AIM: ItemModel fetch - unauth(1), auth()
06-30 04:00:08.378  2353  2506 I Finsky  : [52] jkr.a(11): AIM: AppInfoManager-Perf > ItemModel > CacheSize=0, cacheHitCount=0, cacheMissCount=1, total appsWithNoServerDataCount=0. Missed  in cache (limit 10) : [com.google.android.gm]
06-30 04:00:08.378  2353  2506 I Finsky  : [52] jkt.n(3): AIM: AppInfoManager-Perf > ItemModel > ItemStore Called 1 apps cacheOptions = REFRESH_LOCAL_CACHE
06-30 04:00:08.379  2353  2506 I Finsky  : [52] jkr.a(98): AIM: ItemModel fetch - unauth(1), auth()
06-30 04:00:08.387  2353  2537 I Finsky  : [62] iqr.accept(30): AIM: AppInfoManager-Perf > getApps > data collection finished
06-30 04:00:08.388  2353  2537 I Finsky  : [62] jkr.a(11): AIM: AppInfoManager-Perf > ItemModel > CacheSize=0, cacheHitCount=0, cacheMissCount=1, total appsWithNoServerDataCount=0. Missed  in cache (limit 10) : [com.google.android.webview]
06-30 04:00:08.389  2353  2537 I Finsky  : [62] jkt.n(3): AIM: AppInfoManager-Perf > ItemModel > ItemStore Called 1 apps cacheOptions = REFRESH_LOCAL_CACHE
06-30 04:00:08.389  2353  2506 I Finsky  : [52] iqr.accept(30): AIM: AppInfoManager-Perf > getApps > data collection finished
06-30 04:00:08.389  2353  2537 I Finsky  : [62] jkr.a(98): AIM: ItemModel fetch - unauth(1), auth()
06-30 04:00:08.394  2353  4556 I Finsky  : [149] qml.Q(2): IQ: Notifying installation update. [Package:com.google.android.tts, isid:3MqHZ7qgQuWo_KkXyhwoSQ], status=SCHEDULED, tsc=PT3.457S
06-30 04:00:08.395  3339  3339 I ViewInteraction: Checking 'MatchesViewAssertion{viewMatcher=an instance of android.widget.TextView and view.getText() with or without transformation to match: a string containing "Subtotal: $0.50"}' assertion on view view.getId() is <2131231225/com.example.lunchtray:id/subtotal>
06-30 04:00:08.396  2353  2353 I Finsky  : [2] zls.M(12): IT: DL session turned off due to Incremental install not requested: com.android.chrome
06-30 04:00:08.396  2353  2353 I Finsky  : [2] xfp.adr(4): PIM: Ignore install package event for: com.android.chrome, isid: hLw97YKbRkuHjIlY0nBwQQ
06-30 04:00:08.397  3339  3563 I TestRunner: finished: radio_buttons_update_accompaniment_menu_subtotal(com.example.lunchtray.OrderFunctionalityTests)
