06-30 03:59:31.917  2353  2460 D HeterodyneSyncer: updateFlag: com.google.android.finsky.stable, 83621120, 3, , Cashmere__power_cache_storage_threshold_low_watermark_bytes
06-30 03:59:31.917  2353  2460 D HeterodyneSyncer: updateFlag: com.google.android.finsky.stable, 83621120, 3, , Cashmere__retry_download_backoff_time_seed_ms
06-30 03:59:31.917  2353  2460 D HeterodyneSyncer: updateFlag: com.google.android.finsky.stable, 83621120, 3, , Cashmere__super_power_cache_storage_threshold_high_watermark_bytes
06-30 03:59:31.917  2353  2460 D HeterodyneSyncer: updateFlag: com.google.android.finsky.stable, 83621120, 3, , Cashmere__super_power_cache_storage_threshold_low_watermark_bytes
06-30 03:59:31.917  2353  2460 D HeterodyneSyncer: updateFlag: com.google.android.finsky.stable, 83621120, 3, , Cashmere__time_to_wait_before_force_running_jobs_ms
06-30 03:59:31.918  2353  2460 D HeterodyneSyncer: updateFlag: com.google.android.finsky.stable, 83621120, 3, , ClearVolleyCacheForPlayBillingLab__enable_clear_volley_cache
06-30 03:59:31.918  2353  2460 D HeterodyneSyncer: updateFlag: com.google.android.finsky.stable, 83621120, 3, , CloudProfileSelfUpdate__enable_dm_installing
06-30 03:59:31.919  2353  2460 D HeterodyneSyncer: updateFlag: com.google.android.finsky.stable, 83621120, 3, , ClusterInstalling__enable_serp_cluster_installing
06-30 03:59:31.919  2353  2460 D HeterodyneSyncer: updateFlag: com.google.android.finsky.stable, 83621120, 3, , ClusterInstalling__enable_top_charts_cluster_installing
06-30 03:59:31.920  2353  2460 D HeterodyneSyncer: updateFlag: com.google.android.finsky.stable, 83621120, 3, , ClusterInstalling__enable_wide_media_cluster_installing
06-30 03:59:31.922  2353  2460 D HeterodyneSyncer: updateFlag: com.google.android.finsky.stable, 83621120, 3, , ClusterTitleLayout__enable_cluster_title_layout_v2
06-30 03:59:31.922  2353  2460 D HeterodyneSyncer: updateFlag: com.google.android.finsky.stable, 83621120, 3, , ContentFramePaddingSupplier__enable_new_small_phone_ui
06-30 03:59:31.924  2353  2460 D HeterodyneSyncer: updateFlag: com.google.android.finsky.stable, 83621120, 3, , ContentPaddingOnDetailsfragment__is_enabled
06-30 03:59:31.925  2353  2460 D HeterodyneSyncer: updateFlag: com.google.android.finsky.stable, 83621120, 3, , CrossFormFactorInstall__change_app_incompatible_message
06-30 03:59:31.925  2353  2460 D HeterodyneSyncer: updateFlag: com.google.android.finsky.stable, 83621120, 3, , CrossFormFactorInstall__cross_device_install_cached_downloading_state_timeout
06-30 03:59:31.925  2353  2460 D HeterodyneSyncer: updateFlag: com.google.android.finsky.stable, 83621120, 3, , CrossFormFactorInstall__cross_device_install_cached_install_pending_state_timeout
06-30 03:59:31.926  1851  3429 I Icing   : IndexChimeraService.getServiceInterface callingPackage=com.google.android.gms componentName=null serviceId=36
06-30 03:59:31.926  2353  2460 D HeterodyneSyncer: updateFlag: com.google.android.finsky.stable, 83621120, 3, , CrossFormFactorInstall__cross_device_install_cached_install_scheduled_state_timeout
06-30 03:59:31.926  2353  2460 D HeterodyneSyncer: updateFlag: com.google.android.finsky.stable, 83621120, 3, , CrossFormFactorInstall__cross_device_install_cached_installing_state_timeout
06-30 03:59:31.926  2353  2460 D HeterodyneSyncer: updateFlag: com.google.android.finsky.stable, 83621120, 3, , CrossFormFactorInstall__cross_device_install_cached_request_timeout
06-30 03:59:31.926  2353  2460 D HeterodyneSyncer: updateFlag: com.google.android.finsky.stable, 83621120, 3, , CrossFormFactorInstall__cross_device_install_module_max_rows
06-30 03:59:31.926  2353  2460 D HeterodyneSyncer: updateFlag: com.google.android.finsky.stable, 83621120, 3, , CrossFormFactorInstall__daily_hygiene_refresh_cookie_task_enabled
06-30 03:59:31.926  2353  2460 D HeterodyneSyncer: updateFlag: com.google.android.finsky.stable, 83621120, 3, , CrossFormFactorInstall__disable_ri_ads_mdp_card
06-30 03:59:31.927  2353  2460 D HeterodyneSyncer: updateFlag: com.google.android.finsky.stable, 83621120, 3, , CrossFormFactorInstall__enable_delay_install_plan_until_install_state_received
06-30 03:59:31.927  2353  2460 D HeterodyneSyncer: updateFlag: com.google.android.finsky.stable, 83621120, 3, , CrossFormFactorInstall__enable_filter_device_without_installation_details
06-30 03:59:31.928  2353  2460 D HeterodyneSyncer: updateFlag: com.google.android.finsky.stable, 83621120, 3, , CrossFormFactorInstall__enable_install_state_fix
06-30 03:59:31.928  2353  2460 D HeterodyneSyncer: updateFlag: com.google.android.finsky.stable, 83621120, 3, , CrossFormFactorInstall__enable_item_store_cache_cacheability_logging
06-30 03:59:31.928  2353  2460 D HeterodyneSyncer: updateFlag: com.google.android.finsky.stable, 83621120, 3, , CrossFormFactorInstall__enable_item_store_cache_retry
06-30 03:59:31.928  2353  2460 D HeterodyneSyncer: updateFlag: com.google.android.finsky.stable, 83621120, 3, , CrossFormFactorInstall__enable_univision_dialog
06-30 03:59:31.928  2353  2460 D HeterodyneSyncer: updateFlag: com.google.android.finsky.stable, 83621120, 3, , CrossFormFactorInstall__enable_wear_companion_app_install
06-30 03:59:31.928  2353  2460 D HeterodyneSyncer: updateFlag: com.google.android.finsky.stable, 83621120, 3, , CrossFormFactorInstall__enable_xff_acc
06-30 03:59:31.928  2353  2460 D HeterodyneSyncer: updateFlag: com.google.android.finsky.stable, 83621120, 3, , CrossFormFactorInstall__enable_xff_fcc_ahc
06-30 03:59:31.928  2353  2460 D HeterodyneSyncer: updateFlag: com.google.android.finsky.stable, 83621120, 3, , CrossFormFactorInstall__enable_xff_install_on_alleyoop
06-30 03:59:31.928  2353  2460 D HeterodyneSyncer: updateFlag: com.google.android.finsky.stable, 83621120, 3, , CrossFormFactorInstall__enable_xff_mdp
06-30 03:59:31.929  2353  2460 D HeterodyneSyncer: updateFlag: com.google.android.finsky.stable, 83621120, 3, , CrossFormFactorInstall__enable_xff_udpr
06-30 03:59:31.929  2353  2460 D HeterodyneSyncer: updateFlag: com.google.android.finsky.stable, 83621120, 3, , CrossFormFactorInstall__fake_devices
06-30 03:59:31.929  2353  2460 D HeterodyneSyncer: updateFlag: com.google.android.finsky.stable, 83621120, 3, , CrossFormFactorInstall__suppress_device_list_pre_install
06-30 03:59:31.929  2353  2460 D HeterodyneSyncer: updateFlag: com.google.android.finsky.stable, 83621120, 3, , CrossFormFactorSearch__enable_xff_search
06-30 03:59:31.929  2353  2460 D HeterodyneSyncer: updateFlag: com.google.android.finsky.stable, 83621120, 3, , D30__enable_auto_scroll_from_sticky_nav
06-30 03:59:31.929  2353  2460 D HeterodyneSyncer: updateFlag: com.google.android.finsky.stable, 83621120, 3, , D30__enable_developer_page_redesign
06-30 03:59:31.929  2353  2460 D HeterodyneSyncer: updateFlag: com.google.android.finsky.stable, 83621120, 3, , DaggerCreation__enable_dagger_creation
06-30 03:59:31.929  2353  2460 D HeterodyneSyncer: updateFlag: com.google.android.finsky.stable, 83621120, 3, , DarkTheme__dark_theme_enabled_features_for_billing
06-30 03:59:31.929  2353  2460 D HeterodyneSyncer: updateFlag: com.google.android.finsky.stable, 83621120, 3, , DarkTheme__force_dark_theme
06-30 03:59:31.929  2353  2460 D HeterodyneSyncer: updateFlag: com.google.android.finsky.stable, 83621120, 3, , DataLoader__capability_cache_expiration_ms
06-30 03:59:31.929  2353  2460 D HeterodyneSyncer: updateFlag: com.google.android.finsky.stable, 83621120, 3, , DataLoader__dataloader_native_libraries_check
06-30 03:59:31.929  2353  2460 D HeterodyneSyncer: updateFlag: com.google.android.finsky.stable, 83621120, 3, , DataLoader__disable_on_install_loop
06-30 03:59:31.929  2353  2460 D HeterodyneSyncer: updateFlag: com.google.android.finsky.stable, 83621120, 3, , DataLoader__disable_streaming_for_notification_experiment
06-30 03:59:31.929  2353  2460 D HeterodyneSyncer: updateFlag: com.google.android.finsky.stable, 83621120, 3, , DataLoader__disable_streaming_for_returning_users
06-30 03:59:31.929  2353  2460 D HeterodyneSyncer: updateFlag: com.google.android.finsky.stable, 83621120, 3, , DataLoader__disable_streaming_if_digesters_present
06-30 03:59:31.929  2353  2460 D HeterodyneSyncer: updateFlag: com.google.android.finsky.stable, 83621120, 3, , DataLoader__downloader_network_read_buffer_bytes
06-30 03:59:31.929  2353  2460 D HeterodyneSyncer: updateFlag: com.google.android.finsky.stable, 83621120, 3, , DataLoader__downloader_network_read_timeout_ms
06-30 03:59:31.931  2353  2460 D HeterodyneSyncer: updateFlag: com.google.android.finsky.stable, 83621120, 3, , DataLoader__enable_aadc_for_logging
06-30 03:59:31.933  2353  2460 D HeterodyneSyncer: updateFlag: com.google.android.finsky.stable, 83621120, 3, , DataLoader__enable_aadc_for_ui
06-30 03:59:31.934  1851  1851 D BoundBrokerSvc: onUnbind: Intent { act=com.google.android.gms.common.BIND_SHARED_PREFS pkg=com.google.android.gms }
06-30 03:59:31.934  2353  2460 D HeterodyneSyncer: updateFlag: com.google.android.finsky.stable, 83621120, 3, , DataLoader__enable_auto_incremental_branding_selection
06-30 03:59:31.934  2353  2460 D HeterodyneSyncer: updateFlag: com.google.android.finsky.stable, 83621120, 3, , DataLoader__enable_auto_update_on_incomplete_incrementals
06-30 03:59:31.936  2353  2460 D HeterodyneSyncer: updateFlag: com.google.android.finsky.stable, 83621120, 3, , DataLoader__enable_dataloader_failure_record
06-30 03:59:31.938  1104  3253 W NearbyDiscovery: Runnable[fastPairBroadcastHandler] was delayed for 30:04.660 [CONTEXT service_id=265 ]
06-30 03:59:31.938  1104  3253 I NearbyDiscovery: (REDACTED) FastPairHandler: Received action %s
06-30 03:59:31.938  2353  2460 D HeterodyneSyncer: updateFlag: com.google.android.finsky.stable, 83621120, 3, , DataLoader__enable_dataloader_general_latency_logging
06-30 03:59:31.939  2353  2460 D HeterodyneSyncer: updateFlag: com.google.android.finsky.stable, 83621120, 3, , DataLoader__enable_dataloader_v2
06-30 03:59:31.940  2353  2460 D HeterodyneSyncer: updateFlag: com.google.android.finsky.stable, 83621120, 3, , DataLoader__enable_device_digest_detection
06-30 03:59:31.943  2353  2460 D HeterodyneSyncer: updateFlag: com.google.android.finsky.stable, 83621120, 3, , DataLoader__enable_digester_checker_initialization
06-30 03:59:31.943  2353  2460 D HeterodyneSyncer: updateFlag: com.google.android.finsky.stable, 83621120, 3, , DataLoader__enable_download_service_downloader
06-30 03:59:31.943  2353  2460 D HeterodyneSyncer: updateFlag: com.google.android.finsky.stable, 83621120, 3, , DataLoader__enable_educational_tooltip
06-30 03:59:31.943  2353  2460 D HeterodyneSyncer: updateFlag: com.google.android.finsky.stable, 83621120, 3, , DataLoader__enable_fallback_notification_channel
06-30 03:59:31.944  2353  2460 D HeterodyneSyncer: updateFlag: com.google.android.finsky.stable, 83621120, 3, , DataLoader__enable_feature_detection_hygiene
06-30 03:59:31.945  2353  2460 D HeterodyneSyncer: updateFlag: com.google.android.finsky.stable, 83621120, 3, , DataLoader__enable_incremental_dataloader
06-30 03:59:31.945  2353  2460 D HeterodyneSyncer: updateFlag: com.google.android.finsky.stable, 83621120, 3, , DataLoader__enable_incremental_nugget_installation
06-30 03:59:31.945  2353  2460 D HeterodyneSyncer: updateFlag: com.google.android.finsky.stable, 83621120, 3, , DataLoader__enable_incremental_progress_spinner
06-30 03:59:31.945  2353  2460 D HeterodyneSyncer: updateFlag: com.google.android.finsky.stable, 83621120, 3, , DataLoader__enable_incremental_progress_spinner_animation
06-30 03:59:31.945  2353  2460 D HeterodyneSyncer: updateFlag: com.google.android.finsky.stable, 83621120, 3, , DataLoader__enable_installerv2_incremental_install
06-30 03:59:31.945  2353  2460 D HeterodyneSyncer: updateFlag: com.google.android.finsky.stable, 83621120, 3, , DataLoader__enable_installerv2_incremental_streaming_install
06-30 03:59:31.945  2353  2460 D HeterodyneSyncer: updateFlag: com.google.android.finsky.stable, 83621120, 3, , DataLoader__enable_lightning_bolt_icon
06-30 03:59:31.945  2353  2460 D HeterodyneSyncer: updateFlag: com.google.android.finsky.stable, 83621120, 3, , DataLoader__enable_notification_buttons
06-30 03:59:31.945  2353  2460 D HeterodyneSyncer: updateFlag: com.google.android.finsky.stable, 83621120, 3, , DataLoader__enable_on_demand_download_latency_funnel_logging
06-30 03:59:31.945  2353  2460 D HeterodyneSyncer: updateFlag: com.google.android.finsky.stable, 83621120, 3, , DataLoader__enable_performance_metrics
06-30 03:59:31.945  2353  2460 D HeterodyneSyncer: updateFlag: com.google.android.finsky.stable, 83621120, 3, , DataLoader__enable_performance_metrics_install_session_id_log
06-30 03:59:31.946  2353  2460 D HeterodyneSyncer: updateFlag: com.google.android.finsky.stable, 83621120, 3, , DataLoader__enable_performance_metrics_package_monitor_events
06-30 03:59:31.946  2353  2460 D HeterodyneSyncer: updateFlag: com.google.android.finsky.stable, 83621120, 3, , DataLoader__enable_play_button_streaming_installation_tooltip
06-30 03:59:31.946  2353  2460 D HeterodyneSyncer: updateFlag: com.google.android.finsky.stable, 83621120, 3, , DataLoader__enable_pre_commit_bandwidth_enforcement_experiment
06-30 03:59:31.947  2353  2460 D HeterodyneSyncer: updateFlag: com.google.android.finsky.stable, 83621120, 3, , DataLoader__enable_prioritized_streaming_coordinator_v2
06-30 03:59:31.947  2353  2460 D HeterodyneSyncer: updateFlag: com.google.android.finsky.stable, 83621120, 3, , DataLoader__enable_prod_readlog_notice
06-30 03:59:31.947  2353  2460 D HeterodyneSyncer: updateFlag: com.google.android.finsky.stable, 83621120, 3, , DataLoader__enable_redirect_cache_prewarming
06-30 03:59:31.947  2353  2460 D HeterodyneSyncer: updateFlag: com.google.android.finsky.stable, 83621120, 3, , DataLoader__enable_redirect_caching
06-30 03:59:31.947  2353  2460 D HeterodyneSyncer: updateFlag: com.google.android.finsky.stable, 83621120, 3, , DataLoader__enable_reenablement_of_digest_disabled_device
06-30 03:59:31.948  2353  2460 D HeterodyneSyncer: updateFlag: com.google.android.finsky.stable, 83621120, 3, , DataLoader__enable_selinux_patch_check
06-30 03:59:31.948  2353  2460 D HeterodyneSyncer: updateFlag: com.google.android.finsky.stable, 83621120, 3, , DataLoader__enable_streaming_async_tasks
06-30 03:59:31.948  2353  2460 D HeterodyneSyncer: updateFlag: com.google.android.finsky.stable, 83621120, 3, , DataLoader__enable_streaming_coordinator_v2_for_apps
06-30 03:59:31.948  2353  2460 D HeterodyneSyncer: updateFlag: com.google.android.finsky.stable, 83621120, 3, , DataLoader__enable_streaming_coordinator_v2_for_games
06-30 03:59:31.948  2353  2460 D HeterodyneSyncer: updateFlag: com.google.android.finsky.stable, 83621120, 3, , DataLoader__enable_streaming_downloader
06-30 03:59:31.948  2353  2460 D HeterodyneSyncer: updateFlag: com.google.android.finsky.stable, 83621120, 3, , DataLoader__enable_streaming_manager
06-30 03:59:31.948  2353  2460 D HeterodyneSyncer: updateFlag: com.google.android.finsky.stable, 83621120, 3, , DataLoader__enable_streaming_notification_experiment
06-30 03:59:31.948  2353  2460 D HeterodyneSyncer: updateFlag: com.google.android.finsky.stable, 83621120, 3, , DataLoader__enable_streaming_only_for_non_digesting_device
06-30 03:59:31.948  2353  2460 D HeterodyneSyncer: updateFlag: com.google.android.finsky.stable, 83621120, 3, , DataLoader__enable_uncompressed_rest_stream_resumption
06-30 03:59:31.948  2353  2460 D HeterodyneSyncer: updateFlag: com.google.android.finsky.stable, 83621120, 3, , DataLoader__flavor_based_on_demand_chunk_sizes
06-30 03:59:31.948  2353  2460 D HeterodyneSyncer: updateFlag: com.google.android.finsky.stable, 83621120, 3, , DataLoader__install_failures_per_app_threshold
06-30 03:59:31.948  2353  2460 D HeterodyneSyncer: updateFlag: com.google.android.finsky.stable, 83621120, 3, , DataLoader__install_failures_threshold
06-30 03:59:31.948  2353  2460 D HeterodyneSyncer: updateFlag: com.google.android.finsky.stable, 83621120, 3, , DataLoader__install_loop_threshold_seconds
06-30 03:59:31.948  2353  2460 D HeterodyneSyncer: updateFlag: com.google.android.finsky.stable, 83621120, 3, , DataLoader__install_time_digest_detection_interval
06-30 03:59:31.948  2353  2460 D HeterodyneSyncer: updateFlag: com.google.android.finsky.stable, 83621120, 3, , DataLoader__install_time_digest_rate_threshold
06-30 03:59:31.949  2353  2460 D HeterodyneSyncer: updateFlag: com.google.android.finsky.stable, 83621120, 3, , DataLoader__killswitch_incremental_dataloader
06-30 03:59:31.949  2353  2460 D HeterodyneSyncer: updateFlag: com.google.android.finsky.stable, 83621120, 3, , DataLoader__known_external_digesters
06-30 03:59:31.949  2353  2460 D HeterodyneSyncer: updateFlag: com.google.android.finsky.stable, 83621120, 3, , DataLoader__known_non_digesting_apps_hashes
06-30 03:59:31.949  2353  2460 D HeterodyneSyncer: updateFlag: com.google.android.finsky.stable, 83621120, 3, , DataLoader__log_digester_category_with_read_logs
06-30 03:59:31.949  1938  2250 E PhFileGroupPop: Failed to add file group
06-30 03:59:31.950  2353  2460 D HeterodyneSyncer: updateFlag: com.google.android.finsky.stable, 83621120, 3, , DataLoader__low_bandwidth_check_ttl
06-30 03:59:31.950  2353  2460 D HeterodyneSyncer: updateFlag: com.google.android.finsky.stable, 83621120, 3, , DataLoader__low_bandwidth_threshold_for_app_streaming
06-30 03:59:31.950  2353  2460 D HeterodyneSyncer: updateFlag: com.google.android.finsky.stable, 83621120, 3, , DataLoader__low_bandwidth_threshold_for_streaming
06-30 03:59:31.950  2353  2460 D HeterodyneSyncer: updateFlag: com.google.android.finsky.stable, 83621120, 3, , DataLoader__migrate_off_incfs
06-30 03:59:31.950  2353  2460 D HeterodyneSyncer: updateFlag: com.google.android.finsky.stable, 83621120, 3, , DataLoader__migrate_off_incfs_app_blocklist
06-30 03:59:31.950  2353  2460 D HeterodyneSyncer: updateFlag: com.google.android.finsky.stable, 83621120, 3, , DataLoader__nugget_saving_rate_threshold
06-30 03:59:31.950  2353  2460 D HeterodyneSyncer: updateFlag: com.google.android.finsky.stable, 83621120, 3, , DataLoader__on_demand_bulk_write_page_count
06-30 03:59:31.950  2353  2460 D HeterodyneSyncer: updateFlag: com.google.android.finsky.stable, 83621120, 3, , DataLoader__override_install_details_app_allowlist
06-30 03:59:31.950  2353  2460 D HeterodyneSyncer: updateFlag: com.google.android.finsky.stable, 83621120, 3, , DataLoader__package_monitor_event_max_logging_interval
06-30 03:59:31.950  2353  2460 D HeterodyneSyncer: updateFlag: com.google.android.finsky.stable, 83621120, 3, , DataLoader__performance_metrics_rest_stream_progress_chunk_size
06-30 03:59:31.950  2353  2460 D HeterodyneSyncer: updateFlag: com.google.android.finsky.stable, 83621120, 3, , DataLoader__prewarm_connection_with_num_bytes_remaining
06-30 03:59:31.950  2353  2460 D HeterodyneSyncer: updateFlag: com.google.android.finsky.stable, 83621120, 3, , DataLoader__readlogs_cache_expiration_ms
06-30 03:59:31.950  2353  2460 D HeterodyneSyncer: updateFlag: com.google.android.finsky.stable, 83621120, 3, , DataLoader__readlogs_logging_batch_size
06-30 03:59:31.951  2353  2460 D HeterodyneSyncer: updateFlag: com.google.android.finsky.stable, 83621120, 3, , DataLoader__rest_stream_chunk_size_bytes
06-30 03:59:31.951  2353  2460 D HeterodyneSyncer: updateFlag: com.google.android.finsky.stable, 83621120, 3, , DataLoader__rest_stream_download_immediate_fail_http_codes
06-30 03:59:31.951  2353  2460 D HeterodyneSyncer: updateFlag: com.google.android.finsky.stable, 83621120, 3, , DataLoader__rest_stream_download_initial_retry_delay
06-30 03:59:31.951  2353  2460 D HeterodyneSyncer: updateFlag: com.google.android.finsky.stable, 83621120, 3, , DataLoader__rest_stream_download_max_delay_time
06-30 03:59:31.951  2353  2460 D HeterodyneSyncer: updateFlag: com.google.android.finsky.stable, 83621120, 3, , DataLoader__rest_stream_download_max_total_retry_time
06-30 03:59:31.951  2353  2460 D HeterodyneSyncer: updateFlag: com.google.android.finsky.stable, 83621120, 3, , DataLoader__rest_stream_progress_reporting_chunk_interval
06-30 03:59:31.951  2353  2460 D HeterodyneSyncer: updateFlag: com.google.android.finsky.stable, 83621120, 3, , DataLoader__set_incremental_readlogs_not_privacy_sensitive
06-30 03:59:31.951  1938  2250 E PhFileGroupPop: Failed to add file group
06-30 03:59:31.951  1938  2250 E PhFileGroupPop: Failed to add file group
06-30 03:59:31.951  2353  2460 D HeterodyneSyncer: updateFlag: com.google.android.finsky.stable, 83621120, 3, , DataLoader__set_streaming_test_session_logging_indicator
06-30 03:59:31.951  2353  2460 D HeterodyneSyncer: updateFlag: com.google.android.finsky.stable, 83621120, 3, , DataLoader__show_toast_in_release_build
06-30 03:59:31.951  2353  2460 D HeterodyneSyncer: updateFlag: com.google.android.finsky.stable, 83621120, 3, , DataLoader__streaming_coordinator_app_task_generation_strategy
06-30 03:59:31.951  2353  2460 D HeterodyneSyncer: updateFlag: com.google.android.finsky.stable, 83621120, 3, , DataLoader__streaming_coordinator_game_task_generation_strategy
06-30 03:59:31.951  2353  2460 D HeterodyneSyncer: updateFlag: com.google.android.finsky.stable, 83621120, 3, , DataLoader__streaming_coordinator_scheduling_strategy
06-30 03:59:31.952  2353  2460 D HeterodyneSyncer: updateFlag: com.google.android.finsky.stable, 83621120, 3, , DataLoader__streaming_environment
06-30 03:59:31.952  2353  2460 D HeterodyneSyncer: updateFlag: com.google.android.finsky.stable, 83621120, 3, , DataLoader__temp_data_loader_files_expiration_ms
06-30 03:59:31.952  2353  2460 D HeterodyneSyncer: updateFlag: com.google.android.finsky.stable, 83621120, 3, , DataLoader__turn_off_digest_based_disablement_for_games_on_v2
06-30 03:59:31.952  2353  2460 D HeterodyneSyncer: updateFlag: com.google.android.finsky.stable, 83621120, 3, , DealsStore__enable_deals_store
06-30 03:59:31.952  2353  2460 D HeterodyneSyncer: updateFlag: com.google.android.finsky.stable, 83621120, 3, , DealsStore__enable_marking_as_soft_stale_on_device_that_triggered_notification
06-30 03:59:31.952  2353  2460 D HeterodyneSyncer: updateFlag: com.google.android.finsky.stable, 83621120, 3, , DealsStore__time_between_full_sync
06-30 03:59:31.953  2353  2460 D HeterodyneSyncer: updateFlag: com.google.android.finsky.stable, 83621120, 3, , DecideBadgeCenterAligned__enable_decide_badge_center_alignment
06-30 03:59:31.953  2353  2460 D HeterodyneSyncer: updateFlag: com.google.android.finsky.stable, 83621120, 3, , DecideBarUiComponent__override_no_scroll_badge_count
06-30 03:59:31.954  2353  2460 D HeterodyneSyncer: updateFlag: com.google.android.finsky.stable, 83621120, 3, , DecideBarUiComponent__use_peeking_row
06-30 03:59:31.954  2353  2460 D HeterodyneSyncer: updateFlag: com.google.android.finsky.stable, 83621120, 3, , DetailsFragmentContentPadding__is_enabled
06-30 03:59:31.954  2353  2460 D HeterodyneSyncer: updateFlag: com.google.android.finsky.stable, 83621120, 3, , DetailsPagePrimaryNav__enable_bottomnav_on_details_page
06-30 03:59:31.954  2353  2460 D HeterodyneSyncer: updateFlag: com.google.android.finsky.stable, 83621120, 3, , DetailsPagePrimaryNav__only_show_bottomnav_on_details_page_from_deeplink
06-30 03:59:31.955  2353  2460 D HeterodyneSyncer: updateFlag: com.google.android.finsky.stable, 83621120, 3, , DetailsPagePromotion__enable_dp_promotion
06-30 03:59:31.956  2353  2460 D HeterodyneSyncer: updateFlag: com.google.android.finsky.stable, 83621120, 3, , DetailsPageRedirection__enable_games_home_navigation_upon_install_button_click
06-30 03:59:31.956  2353  2460 D HeterodyneSyncer: updateFlag: com.google.android.finsky.stable, 83621120, 3, , DetailsPageRedirection__enable_home_navigation_upon_install_button_click
06-30 03:59:31.956  1938  2250 E PhFileGroupPop: Failed to add file group
06-30 03:59:31.956  1938  2250 E PhFileGroupPop: Failed to add file group
06-30 03:59:31.956  1938  2250 E PhFileGroupPop: Failed to add file group
06-30 03:59:31.956  1938  2250 E PhFileGroupPop: Failed to add file group
06-30 03:59:31.956  1938  2250 E PhFileGroupPop: Failed to add file group
06-30 03:59:31.956  1938  2250 E PhFileGroupPop: Failed to add file group
06-30 03:59:31.956  1938  2250 E PhFileGroupPop: Failed to add file group
06-30 03:59:31.956  1938  2250 E PhFileGroupPop: Failed to add file group
06-30 03:59:31.956  1938  2250 E PhFileGroupPop: Failed to add file group
06-30 03:59:31.957  1938  2250 E PhFileGroupPop: Failed to add file group
06-30 03:59:31.957  1938  2250 E PhFileGroupPop: Failed to add file group
06-30 03:59:31.957  1938  2250 E PhFileGroupPop: Failed to add file group
06-30 03:59:31.957  1938  2250 E PhFileGroupPop: Failed to add file group
06-30 03:59:31.958  2353  2460 D HeterodyneSyncer: updateFlag: com.google.android.finsky.stable, 83621120, 3, , DetailsPageRedirection__enable_sticky_home_navigation_upon_install_button_click
06-30 03:59:31.960  2353  2460 D HeterodyneSyncer: updateFlag: com.google.android.finsky.stable, 83621120, 3, , DetailsPageRedirection__should_log_test_code
06-30 03:59:31.960  2353  2460 D HeterodyneSyncer: updateFlag: com.google.android.finsky.stable, 83621120, 3, , DetailsPageRefactoring__enable_details_page_ui_composer_v2
06-30 03:59:31.960  1104  3253 W NearbyDiscovery: Runnable[fastPairBroadcastHandler] was delayed for 30:04.682 [CONTEXT service_id=265 ]
06-30 03:59:31.960  2353  2460 D HeterodyneSyncer: updateFlag: com.google.android.finsky.stable, 83621120, 3, , DetailsToDeliveryToken__is_enabled
06-30 03:59:31.960  2353  2460 D HeterodyneSyncer: updateFlag: com.google.android.finsky.stable, 83621120, 3, , DeviceRebootCacheClear__disable_sim_cache_key_clear
06-30 03:59:31.960  2353  2460 D HeterodyneSyncer: updateFlag: com.google.android.finsky.stable, 83621120, 3, , DeviceRebootCacheClear__enable_cache_clear_on_sim_change
06-30 03:59:31.961  1104  3253 I NearbyDiscovery: (REDACTED) FastPairHandler: Received action %s
06-30 03:59:31.961  2353  2460 D HeterodyneSyncer: updateFlag: com.google.android.finsky.stable, 83621120, 3, , DeviceUserAuthenticationSettingsSync__enable_device_user_authentication_settings_sync
06-30 03:59:31.961  2353  2460 D HeterodyneSyncer: updateFlag: com.google.android.finsky.stable, 83621120, 3, , DeviceUserAuthenticationSettingsSync__enable_update_fallback_purchase_authentication_method_job
06-30 03:59:31.961  2353  2460 D HeterodyneSyncer: updateFlag: com.google.android.finsky.stable, 83621120, 3, , DialogUiComponent__use_compose_dialogs_in_serp
06-30 03:59:31.961  2353  2460 D HeterodyneSyncer: updateFlag: com.google.android.finsky.stable, 83621120, 3, , DocKeyedCache__check_item_for_fields
06-30 03:59:31.961  2353  2460 D HeterodyneSyncer: updateFlag: com.google.android.finsky.stable, 83621120, 3, , DocKeyedCache__clear_item_cache_on_reasons
06-30 03:59:31.961  2353  2460 D HeterodyneSyncer: updateFlag: com.google.android.finsky.stable, 83621120, 3, , DocKeyedCache__do_blocking_io_on_future
06-30 03:59:31.961  2353  2460 D HeterodyneSyncer: updateFlag: com.google.android.finsky.stable, 83621120, 3, , DocKeyedCache__enable_disk_write_on_bg
06-30 03:59:31.961  2353  2460 D HeterodyneSyncer: updateFlag: com.google.android.finsky.stable, 83621120, 3, , DocKeyedCache__enable_get_items_without_consistency_token
06-30 03:59:31.961  2353  2460 D HeterodyneSyncer: updateFlag: com.google.android.finsky.stable, 83621120, 3, , DocKeyedCache__enable_item_cache_clearing
06-30 03:59:31.961  2353  2460 D HeterodyneSyncer: updateFlag: com.google.android.finsky.stable, 83621120, 3, , DocKeyedCache__enable_minimal_locking
06-30 03:59:31.961  2353  2460 D HeterodyneSyncer: updateFlag: com.google.android.finsky.stable, 83621120, 3, , DocKeyedCache__item_cache_size_in_mb
06-30 03:59:31.961  2353  2460 D HeterodyneSyncer: updateFlag: com.google.android.finsky.stable, 83621120, 3, , DocKeyedCache__prewarm_item_cache_in_task
06-30 03:59:31.961  2353  2460 D HeterodyneSyncer: updateFlag: com.google.android.finsky.stable, 83621120, 3, , DocKeyedCache__return_non_propagating_future
06-30 03:59:31.962  2353  2460 D HeterodyneSyncer: updateFlag: com.google.android.finsky.stable, 83621120, 3, , DocKeyedCache__return_null_for_partial_response
06-30 03:59:31.962  2353  2460 D HeterodyneSyncer: updateFlag: com.google.android.finsky.stable, 83621120, 3, , DocKeyedCache__stop_clearing_item_store_on_self_update
06-30 03:59:31.962  2353  2460 D HeterodyneSyncer: updateFlag: com.google.android.finsky.stable, 83621120, 3, , DocKeyedCache__support_multiple_vx
06-30 03:59:31.962  1104  3253 W NearbyDiscovery: Runnable[subscribe] was delayed for 30:04.679 [CONTEXT service_id=265 ]
06-30 03:59:31.962  2353  2460 D HeterodyneSyncer: updateFlag: com.google.android.finsky.stable, 83621120, 3, , DocKeyedCache__try_to_read_memory_when_rpc_fails
06-30 03:59:31.962  2353  2460 D HeterodyneSyncer: updateFlag: com.google.android.finsky.stable, 83621120, 3, , DocKeyedCache__use_bytes_for_item_field_mask
06-30 03:59:31.962  2353  2460 D HeterodyneSyncer: updateFlag: com.google.android.finsky.stable, 83621120, 3, , DocKeyedCache__use_store_cacheability_killswitch
06-30 03:59:31.962  2353  2460 D HeterodyneSyncer: updateFlag: com.google.android.finsky.stable, 83621120, 3, , DownloadBubble__enable_download_bubble
06-30 03:59:31.962  2353  2460 D HeterodyneSyncer: updateFlag: com.google.android.finsky.stable, 83621120, 3, , DownloadService__asset_module_service_group_by_session
06-30 03:59:31.962  2353  2460 D HeterodyneSyncer: updateFlag: com.google.android.finsky.stable, 83621120, 3, , DownloadService__cronet_enable_http2
06-30 03:59:31.962  2353  2460 D HeterodyneSyncer: updateFlag: com.google.android.finsky.stable, 83621120, 3, , DownloadService__cronet_enable_migrate_sessions_early
06-30 03:59:31.963  2353  2460 D HeterodyneSyncer: updateFlag: com.google.android.finsky.stable, 83621120, 3, , DownloadService__cronet_enable_migrate_sessions_on_network_change
06-30 03:59:31.963  2353  2460 D HeterodyneSyncer: updateFlag: com.google.android.finsky.stable, 83621120, 3, , DownloadService__cronet_enable_nel
06-30 03:59:31.963  2353  2460 D HeterodyneSyncer: updateFlag: com.google.android.finsky.stable, 83621120, 3, , DownloadService__cronet_enable_quic
06-30 03:59:31.963  2353  2460 D HeterodyneSyncer: updateFlag: com.google.android.finsky.stable, 83621120, 3, , DownloadService__cronet_enable_quic_store_server_configs_in_properties
06-30 03:59:31.963  2353  2460 D HeterodyneSyncer: updateFlag: com.google.android.finsky.stable, 83621120, 3, , DownloadService__cronet_enable_stale_dns
06-30 03:59:31.963  2353  2460 D HeterodyneSyncer: updateFlag: com.google.android.finsky.stable, 83621120, 3, , DownloadService__cronet_quic_hint_host_names
06-30 03:59:31.963  2353  2460 D HeterodyneSyncer: updateFlag: com.google.android.finsky.stable, 83621120, 3, , DownloadService__cronet_stale_dns_delay_ms
06-30 03:59:31.963  2353  2460 D HeterodyneSyncer: updateFlag: com.google.android.finsky.stable, 83621120, 3, , DownloadService__cronet_stale_dns_max_expired_time_ms
06-30 03:59:31.963  2353  2460 D HeterodyneSyncer: updateFlag: com.google.android.finsky.stable, 83621120, 3, , DownloadService__download_retry_initial_backoff_seconds
06-30 03:59:31.963  2353  2460 D HeterodyneSyncer: updateFlag: com.google.android.finsky.stable, 83621120, 3, , DownloadService__download_stream_write_buffer_size_bytes
06-30 03:59:31.964  2353  2460 D HeterodyneSyncer: updateFlag: com.google.android.finsky.stable, 83621120, 3, , DownloadService__downloader_facade_interaction_with_download_manager_duration_millis
06-30 03:59:31.964  2353  2460 D HeterodyneSyncer: updateFlag: com.google.android.finsky.stable, 83621120, 3, , DownloadService__enable_canonical_download_progress
06-30 03:59:31.964  2353  2460 D HeterodyneSyncer: updateFlag: com.google.android.finsky.stable, 83621120, 3, , DownloadService__enable_cronet_connection_open_timeout
06-30 03:59:31.964  1938  2250 E bcdt    : RuntimeException while executing runnable bcgm{arwo@4af3132} with executor MoreExecutors.directExecutor()
06-30 03:59:31.964  1938  2250 E bcdt    : java.lang.NullPointerException: Attempt to read from field 'java.lang.String aqxn.b' on a null object reference
06-30 03:59:31.964  1938  2250 E bcdt    : 	at arwo.b(PG:2)
06-30 03:59:31.964  1938  2250 E bcdt    : 	at bcgm.run(PG:7)
06-30 03:59:31.964  1938  2250 E bcdt    : 	at bcfq.execute(PG:1)
06-30 03:59:31.964  1938  2250 E bcdt    : 	at bcdt.p(PG:1)
06-30 03:59:31.964  1938  2250 E bcdt    : 	at bcdt.a(PG:6)
06-30 03:59:31.964  1938  2250 E bcdt    : 	at bcgs.q(PG:2)
06-30 03:59:31.964  1938  2250 E bcdt    : 	at arwq.h(PG:16)
06-30 03:59:31.964  1938  2250 E bcdt    : 	at thv.h(PG:2)
06-30 03:59:31.964  1938  2250 E bcdt    : 	at arcm.p(PG:3)
06-30 03:59:31.964  1938  2250 E bcdt    : 	at arbh.a(PG:2)
06-30 03:59:31.964  1938  2250 E bcdt    : 	at bcdv.e(PG:2)
06-30 03:59:31.964  1938  2250 E bcdt    : 	at bcdx.run(PG:9)
06-30 03:59:31.964  1938  2250 E bcdt    : 	at bchu.run(PG:4)
06-30 03:59:31.964  1938  2250 E bcdt    : 	at aosz.run(PG:1)
06-30 03:59:31.964  1938  2250 E bcdt    : 	at java.util.concurrent.ThreadPoolExecutor.runWorker(ThreadPoolExecutor.java:1167)
06-30 03:59:31.964  1938  2250 E bcdt    : 	at java.util.concurrent.ThreadPoolExecutor$Worker.run(ThreadPoolExecutor.java:641)
06-30 03:59:31.964  1938  2250 E bcdt    : 	at aosl.run(PG:2)
06-30 03:59:31.964  1938  2250 E bcdt    : 	at aory.run(PG:3)
06-30 03:59:31.964  1938  2250 E bcdt    : 	at java.lang.Thread.run(Thread.java:920)
06-30 03:59:31.964  1938  2250 E PhFileGroupPop: Failed to add file group
06-30 03:59:31.964  1938  2250 E bcdt    : RuntimeException while executing runnable bcgm{arwo@8f35800} with executor MoreExecutors.directExecutor()
06-30 03:59:31.964  1938  2250 E bcdt    : java.lang.NullPointerException: Attempt to read from field 'java.lang.String aqxn.b' on a null object reference
06-30 03:59:31.964  1938  2250 E bcdt    : 	at arwo.b(PG:2)
06-30 03:59:31.964  1938  2250 E bcdt    : 	at bcgm.run(PG:7)
06-30 03:59:31.964  1938  2250 E bcdt    : 	at bcfq.execute(PG:1)
06-30 03:59:31.964  1938  2250 E bcdt    : 	at bcdt.p(PG:1)
06-30 03:59:31.964  1938  2250 E bcdt    : 	at bcdt.a(PG:6)
06-30 03:59:31.964  1938  2250 E bcdt    : 	at bcgs.q(PG:2)
06-30 03:59:31.964  1938  2250 E bcdt    : 	at arwq.h(PG:16)
06-30 03:59:31.964  1938  2250 E bcdt    : 	at thv.h(PG:2)
06-30 03:59:31.964  1938  2250 E bcdt    : 	at arcm.p(PG:3)
06-30 03:59:31.964  1938  2250 E bcdt    : 	at arbh.a(PG:2)
06-30 03:59:31.964  1938  2250 E bcdt    : 	at bcdv.e(PG:2)
06-30 03:59:31.964  1938  2250 E bcdt    : 	at bcdx.run(PG:9)
06-30 03:59:31.964  1938  2250 E bcdt    : 	at bchu.run(PG:4)
06-30 03:59:31.964  1938  2250 E bcdt    : 	at aosz.run(PG:1)
06-30 03:59:31.964  1938  2250 E bcdt    : 	at java.util.concurrent.ThreadPoolExecutor.runWorker(ThreadPoolExecutor.java:1167)
06-30 03:59:31.964  1938  2250 E bcdt    : 	at java.util.concurrent.ThreadPoolExecutor$Worker.run(ThreadPoolExecutor.java:641)
06-30 03:59:31.964  1938  2250 E bcdt    : 	at aosl.run(PG:2)
06-30 03:59:31.964  1938  2250 E bcdt    : 	at aory.run(PG:3)
06-30 03:59:31.964  1938  2250 E bcdt    : 	at java.lang.Thread.run(Thread.java:920)
06-30 03:59:31.965  1938  2250 E bcdt    : RuntimeException while executing runnable bcgm{arwo@29b2e7e} with executor MoreExecutors.directExecutor()
06-30 03:59:31.965  1938  2250 E bcdt    : java.lang.NullPointerException: Attempt to read from field 'java.lang.String aqxn.b' on a null object reference
06-30 03:59:31.965  1938  2250 E bcdt    : 	at arwo.b(PG:2)
06-30 03:59:31.965  1938  2250 E bcdt    : 	at bcgm.run(PG:7)
06-30 03:59:31.965  1938  2250 E bcdt    : 	at bcfq.execute(PG:1)
06-30 03:59:31.965  1938  2250 E bcdt    : 	at bcdt.p(PG:1)
06-30 03:59:31.965  1938  2250 E bcdt    : 	at bcdt.a(PG:6)
06-30 03:59:31.965  1938  2250 E bcdt    : 	at bcgs.q(PG:2)
06-30 03:59:31.965  1938  2250 E bcdt    : 	at arwq.h(PG:16)
06-30 03:59:31.965  1938  2250 E bcdt    : 	at thv.h(PG:2)
06-30 03:59:31.965  1938  2250 E bcdt    : 	at arcm.p(PG:3)
06-30 03:59:31.965  1938  2250 E bcdt    : 	at arbh.a(PG:2)
06-30 03:59:31.965  1938  2250 E bcdt    : 	at bcdv.e(PG:2)
06-30 03:59:31.965  1938  2250 E bcdt    : 	at bcdx.run(PG:9)
06-30 03:59:31.965  1938  2250 E bcdt    : 	at bchu.run(PG:4)
06-30 03:59:31.965  1938  2250 E bcdt    : 	at aosz.run(PG:1)
06-30 03:59:31.965  1938  2250 E bcdt    : 	at java.util.concurrent.ThreadPoolExecutor.runWorker(ThreadPoolExecutor.java:1167)
06-30 03:59:31.965  1938  2250 E bcdt    : 	at java.util.concurrent.ThreadPoolExecutor$Worker.run(ThreadPoolExecutor.java:641)
06-30 03:59:31.965  1938  2250 E bcdt    : 	at aosl.run(PG:2)
06-30 03:59:31.965  1938  2250 E bcdt    : 	at aory.run(PG:3)
06-30 03:59:31.965  1938  2250 E bcdt    : 	at java.lang.Thread.run(Thread.java:920)
06-30 03:59:31.965  2353  2460 D HeterodyneSyncer: updateFlag: com.google.android.finsky.stable, 83621120, 3, , DownloadService__enable_database_caching
06-30 03:59:31.965  2353  2460 D HeterodyneSyncer: updateFlag: com.google.android.finsky.stable, 83621120, 3, , DownloadService__enable_download_exchanger_improved_timeout_behavior
06-30 03:59:31.965  2353  2460 D HeterodyneSyncer: updateFlag: com.google.android.finsky.stable, 83621120, 3, , DownloadService__enable_download_service_parented_events
06-30 03:59:31.965  2353  2460 D HeterodyneSyncer: updateFlag: com.google.android.finsky.stable, 83621120, 3, , DownloadService__enable_download_thread_limit
06-30 03:59:31.965  2353  2460 D HeterodyneSyncer: updateFlag: com.google.android.finsky.stable, 83621120, 3, , DownloadService__enable_group_cancellation
06-30 03:59:31.965  2353  2460 D HeterodyneSyncer: updateFlag: com.google.android.finsky.stable, 83621120, 3, , DownloadService__enable_group_notification
06-30 03:59:31.965  2353  2460 D HeterodyneSyncer: updateFlag: com.google.android.finsky.stable, 83621120, 3, , DownloadService__enable_jobscheduler_will_be_foreground_flag
06-30 03:59:31.968  2353  2460 D HeterodyneSyncer: updateFlag: com.google.android.finsky.stable, 83621120, 3, , DownloadService__enable_parallel_downloads_per_group_in_queue
06-30 03:59:31.968  2353  2460 D HeterodyneSyncer: updateFlag: com.google.android.finsky.stable, 83621120, 3, , DownloadService__enable_phonesky_scheduler_for_post_n
06-30 03:59:31.968  2353  2460 D HeterodyneSyncer: updateFlag: com.google.android.finsky.stable, 83621120, 3, , DownloadService__enable_redirect_prefetch
06-30 03:59:31.968  2353  2460 D HeterodyneSyncer: updateFlag: com.google.android.finsky.stable, 83621120, 3, , DownloadService__enable_resolved_uri
06-30 03:59:31.968  2353  2460 D HeterodyneSyncer: updateFlag: com.google.android.finsky.stable, 83621120, 3, , DownloadService__enable_resource_manager_download_service_adapter
06-30 03:59:31.968  2353  2460 D HeterodyneSyncer: updateFlag: com.google.android.finsky.stable, 83621120, 3, , DownloadService__enable_retry_strategy
06-30 03:59:31.968  2353  2460 D HeterodyneSyncer: updateFlag: com.google.android.finsky.stable, 83621120, 3, , DownloadService__enable_retry_strategy_with_fallback
06-30 03:59:31.968  2353  2460 D HeterodyneSyncer: updateFlag: com.google.android.finsky.stable, 83621120, 3, , DownloadService__enable_soft_delete
06-30 03:59:31.968  2353  2460 D HeterodyneSyncer: updateFlag: com.google.android.finsky.stable, 83621120, 3, , DownloadService__enable_uncaught_downloader_exception_logging
06-30 03:59:31.969  2353  2460 D HeterodyneSyncer: updateFlag: com.google.android.finsky.stable, 83621120, 3, , DownloadService__get_download_from_download_service
06-30 03:59:31.969  2353  2460 D HeterodyneSyncer: updateFlag: com.google.android.finsky.stable, 83621120, 3, , DownloadService__intermediate_notification_timeout_millis
06-30 03:59:31.969  2353  2460 D HeterodyneSyncer: updateFlag: com.google.android.finsky.stable, 83621120, 3, , DownloadService__killswitch_populate_last_update_time
06-30 03:59:31.969  2353  2460 D HeterodyneSyncer: updateFlag: com.google.android.finsky.stable, 83621120, 3, , DownloadService__max_http_redirects_to_follow
06-30 03:59:31.969  2353  2460 D HeterodyneSyncer: updateFlag: com.google.android.finsky.stable, 83621120, 3, , DownloadService__network_read_timeout
06-30 03:59:31.970  2353  2460 D HeterodyneSyncer: updateFlag: com.google.android.finsky.stable, 83621120, 3, , DownloadService__network_stack
06-30 03:59:31.970  2353  2460 D HeterodyneSyncer: updateFlag: com.google.android.finsky.stable, 83621120, 3, , DownloadService__notification_timeout_millis
06-30 03:59:31.970  2353  2460 D HeterodyneSyncer: updateFlag: com.google.android.finsky.stable, 83621120, 3, , DownloadService__notifications_dismissible_for_pre_o
06-30 03:59:31.970  2353  2460 D HeterodyneSyncer: updateFlag: com.google.android.finsky.stable, 83621120, 3, , DownloadService__number_of_download_retries_of_a_file_in_request
06-30 03:59:31.970  2353  2460 D HeterodyneSyncer: updateFlag: com.google.android.finsky.stable, 83621120, 3, , DownloadService__number_of_simultaneous_downloads
06-30 03:59:31.971  2353  2460 D HeterodyneSyncer: updateFlag: com.google.android.finsky.stable, 83621120, 3, , DownloadService__pass_session_id_in_group_id
06-30 03:59:31.971  2353  2460 D HeterodyneSyncer: updateFlag: com.google.android.finsky.stable, 83621120, 3, , DownloadService__self_update_group_by_session
06-30 03:59:31.971  2353  2460 D HeterodyneSyncer: updateFlag: com.google.android.finsky.stable, 83621120, 3, , DownloadService__send_foreground_broadcast_on_complete
06-30 03:59:31.975  2353  2460 D HeterodyneSyncer: updateFlag: com.google.android.finsky.stable, 83621120, 3, , DownloadService__send_foreground_broadcast_on_status_update
06-30 03:59:31.975  2353  2460 D HeterodyneSyncer: updateFlag: com.google.android.finsky.stable, 83621120, 3, , DownloadService__set_group_network_restriction
06-30 03:59:31.976  2353  2460 D HeterodyneSyncer: updateFlag: com.google.android.finsky.stable, 83621120, 3, , DownloadService__show_manage_notification_button
06-30 03:59:31.978  2353  2460 D HeterodyneSyncer: updateFlag: com.google.android.finsky.stable, 83621120, 3, , DownloadService__stop_invisible_job_proactively
06-30 03:59:31.978  2353  2460 D HeterodyneSyncer: updateFlag: com.google.android.finsky.stable, 83621120, 3, , DownloadService__thread_priority
06-30 03:59:31.978  2353  2460 D HeterodyneSyncer: updateFlag: com.google.android.finsky.stable, 83621120, 3, , DownloadService__use_grpc_based_download_progress
06-30 03:59:31.978  2353  2460 D HeterodyneSyncer: updateFlag: com.google.android.finsky.stable, 83621120, 3, , Downloadbuddy__allowlist_install_reasons
06-30 03:59:31.978  2353  2460 D HeterodyneSyncer: updateFlag: com.google.android.finsky.stable, 83621120, 3, , Downloadbuddy__dismissal_count_before_sleep
06-30 03:59:31.978  2353  2460 D HeterodyneSyncer: updateFlag: com.google.android.finsky.stable, 83621120, 3, , Downloadbuddy__dismissal_sleep_window_threshold_duration_minutes
06-30 03:59:31.978  2353  2460 D HeterodyneSyncer: updateFlag: com.google.android.finsky.stable, 83621120, 3, , Downloadbuddy__enable_clear_queue_on_dismiss
06-30 03:59:31.978  2353  2460 D HeterodyneSyncer: updateFlag: com.google.android.finsky.stable, 83621120, 3, , Downloadbuddy__enable_downloadbuddy
06-30 03:59:31.978  2353  2460 D HeterodyneSyncer: updateFlag: com.google.android.finsky.stable, 83621120, 3, , Downloadbuddy__enable_expanded_outside_events
06-30 03:59:31.978  2353  2460 D HeterodyneSyncer: updateFlag: com.google.android.finsky.stable, 83621120, 3, , Downloadbuddy__enable_for_a11y_users
06-30 03:59:31.978  2353  2460 D HeterodyneSyncer: updateFlag: com.google.android.finsky.stable, 83621120, 3, , Downloadbuddy__enable_for_talkback_users
06-30 03:59:31.978  2353  2460 D HeterodyneSyncer: updateFlag: com.google.android.finsky.stable, 83621120, 3, , Downloadbuddy__item_list_order
06-30 03:59:31.978  2353  2460 D HeterodyneSyncer: updateFlag: com.google.android.finsky.stable, 83621120, 3, , Downloadbuddy__max_count_apps_displayed
06-30 03:59:31.978  2353  2460 D HeterodyneSyncer: updateFlag: com.google.android.finsky.stable, 83621120, 3, , Downloadbuddy__unopened_threshold_duration_minutes
06-30 03:59:31.978  2353  2460 D HeterodyneSyncer: updateFlag: com.google.android.finsky.stable, 83621120, 3, , DsaRegulations__disable_flag_review_as_spam
06-30 03:59:31.979  2353  2460 D HeterodyneSyncer: updateFlag: com.google.android.finsky.stable, 83621120, 3, , DsaRegulations__enable_alternate_flag_apps_cta_text
06-30 03:59:31.979  2353  2460 D HeterodyneSyncer: updateFlag: com.google.android.finsky.stable, 83621120, 3, , DsaRegulations__enable_developer_identification
06-30 03:59:31.979  2353  2460 D HeterodyneSyncer: updateFlag: com.google.android.finsky.stable, 83621120, 3, , DsaRegulations__enable_flag_apps_as_illegal_content
06-30 03:59:31.979  2353  2460 D HeterodyneSyncer: updateFlag: com.google.android.finsky.stable, 83621120, 3, , DsaRegulations__enable_flag_reviews_as_illegal_content
06-30 03:59:31.979  2353  2460 D HeterodyneSyncer: updateFlag: com.google.android.finsky.stable, 83621120, 3, , DsaRegulations__flag_review_or_apps_help_center_id
06-30 03:59:31.979  2353  2460 D HeterodyneSyncer: updateFlag: com.google.android.finsky.stable, 83621120, 3, , EnableBadgeRedesign__content_rating_learn_more_url_param
06-30 03:59:31.980  2353  2460 D HeterodyneSyncer: updateFlag: com.google.android.finsky.stable, 83621120, 3, , EnableBadgeRedesign__enable_merging_category_and_top_chart_ranking_tag
06-30 03:59:31.981  2353  2460 D HeterodyneSyncer: updateFlag: com.google.android.finsky.stable, 83621120, 3, , EnableBadgeRedesign__enable_new_game_discover_tag
06-30 03:59:31.981  2353  2460 D HeterodyneSyncer: updateFlag: com.google.android.finsky.stable, 83621120, 3, , EnableBadgeRedesign__enable_preregistration_discover_tag
06-30 03:59:31.981  2353  2460 D HeterodyneSyncer: updateFlag: com.google.android.finsky.stable, 83621120, 3, , EnableBadgeRedesign__enable_screen_reader_friendly_tag_prioritization
06-30 03:59:31.981  2353  2460 D HeterodyneSyncer: updateFlag: com.google.android.finsky.stable, 83621120, 3, , EnableBadgeRedesign__exposure_notification_badge_image_url
06-30 03:59:31.981  2353  2460 D HeterodyneSyncer: updateFlag: com.google.android.finsky.stable, 83621120, 3, , EnableBadgeRedesign__new_game_cutoff_days
06-30 03:59:31.981  2353  2460 D HeterodyneSyncer: updateFlag: com.google.android.finsky.stable, 83621120, 3, , EnableBadgeRedesign__show_apk_size_badge
06-30 03:59:31.981  2353  2460 D HeterodyneSyncer: updateFlag: com.google.android.finsky.stable, 83621120, 3, , EnableBadgeRedesign__use_badge_redesign_for_app_details
06-30 03:59:31.981  2353  2460 D HeterodyneSyncer: updateFlag: com.google.android.finsky.stable, 83621120, 3, , EnableDirectoryStorageUsageLogging__is_enabled
06-30 03:59:31.982  2353  2460 D HeterodyneSyncer: updateFlag: com.google.android.finsky.stable, 83621120, 3, , EnableGetItemForDetails__fall_back_to_volley_for_local_link_resolution
06-30 03:59:31.982  2353  2460 D HeterodyneSyncer: updateFlag: com.google.android.finsky.stable, 83621120, 3, , EnableGetItemForDetails__use_get_item_for_app_details
06-30 03:59:31.982  2353  2460 D HeterodyneSyncer: updateFlag: com.google.android.finsky.stable, 83621120, 3, , EnterpriseMainlineAutoUpdate__disable_mainline_update_policy
06-30 03:59:31.982  2353  2460 D HeterodyneSyncer: updateFlag: com.google.android.finsky.stable, 83621120, 3, , Executors__background_core_pool_size
06-30 03:59:31.982  2353  2460 D HeterodyneSyncer: updateFlag: com.google.android.finsky.stable, 83621120, 3, , Executors__background_maximum_pool_size
06-30 03:59:31.982  2353  2460 D HeterodyneSyncer: updateFlag: com.google.android.finsky.stable, 83621120, 3, , ExportedExperiments__enable_exported_experiments
06-30 03:59:31.982  2353  2460 D HeterodyneSyncer: updateFlag: com.google.android.finsky.stable, 83621120, 3, , ExportedExperiments__enable_exported_release_experiments
06-30 03:59:31.982  2353  2460 D HeterodyneSyncer: updateFlag: com.google.android.finsky.stable, 83621120, 3, , ExportedExperiments__export_experiments_timeout
06-30 03:59:31.982  2353  2460 D HeterodyneSyncer: updateFlag: com.google.android.finsky.stable, 83621120, 3, , ExportedExperiments__export_release_experiments_timeout
06-30 03:59:31.982  2353  2460 D HeterodyneSyncer: updateFlag: com.google.android.finsky.stable, 83621120, 3, , ExternalReferrerAppstatesMigration__enabled
06-30 03:59:31.982  2353  2460 D HeterodyneSyncer: updateFlag: com.google.android.finsky.stable, 83621120, 3, , FeedbackSurvey__consolidate_feedback_survey_settings
06-30 03:59:31.982  2353  2460 D HeterodyneSyncer: updateFlag: com.google.android.finsky.stable, 83621120, 3, , FeedbackSurvey__enable_app_content_feedback_surveys
06-30 03:59:31.982  2353  2460 D HeterodyneSyncer: updateFlag: com.google.android.finsky.stable, 83621120, 3, , FeedbackSurvey__enable_fcc_cluster_feedback_surveys
06-30 03:59:31.983  2353  2460 D HeterodyneSyncer: updateFlag: com.google.android.finsky.stable, 83621120, 3, , FeedbackSurvey__enable_feedback_survey_hygiene_job
06-30 03:59:31.983  2353  2460 D HeterodyneSyncer: updateFlag: com.google.android.finsky.stable, 83621120, 3, , FeedbackSurvey__enable_feedback_survey_settings
06-30 03:59:31.983  2353  2460 D HeterodyneSyncer: updateFlag: com.google.android.finsky.stable, 83621120, 3, , FeedbackSurvey__enable_feedback_survey_settings_v1
06-30 03:59:31.983  2353  2460 D HeterodyneSyncer: updateFlag: com.google.android.finsky.stable, 83621120, 3, , FeedbackSurvey__enable_flexible_content_card_feedback_surveys
06-30 03:59:31.983  2353  2460 D HeterodyneSyncer: updateFlag: com.google.android.finsky.stable, 83621120, 3, , FeedbackSurvey__enable_floating_highlights_row_banner_feedback_surveys
