06-30 03:59:31.277  2353  2460 D HeterodyneSyncer: updateFlag: com.google.android.finsky.regular, 83621120, 3, , AutoUpdateCodegen__enable_dark_launch_phone_basic_server_policy
06-30 03:59:31.277  2353  2460 D HeterodyneSyncer: updateFlag: com.google.android.finsky.regular, 83621120, 3, , AutoUpdateCodegen__enable_dark_launch_rollout_policy_comparison
06-30 03:59:31.277  2353  2460 D HeterodyneSyncer: updateFlag: com.google.android.finsky.regular, 83621120, 3, , AutoUpdateCodegen__enable_dark_launch_tv_basic_server_policy
06-30 03:59:31.277  2353  2460 D HeterodyneSyncer: updateFlag: com.google.android.finsky.regular, 83621120, 3, , AutoUpdateCodegen__enable_gmscore_server_policy
06-30 03:59:31.277  2353  2460 D HeterodyneSyncer: updateFlag: com.google.android.finsky.regular, 83621120, 3, , AutoUpdateCodegen__enable_historical_discovered_and_update_time_collection
06-30 03:59:31.277  2353  2460 D HeterodyneSyncer: updateFlag: com.google.android.finsky.regular, 83621120, 3, , AutoUpdateCodegen__enable_install_event_policy_logging
06-30 03:59:31.278  2353  2460 D HeterodyneSyncer: updateFlag: com.google.android.finsky.regular, 83621120, 3, , AutoUpdateCodegen__enable_mainline_server_policy
06-30 03:59:31.278  2353  2460 D HeterodyneSyncer: updateFlag: com.google.android.finsky.regular, 83621120, 3, , AutoUpdateCodegen__enable_null_policybuilder_fix
06-30 03:59:31.278  2353  2460 D HeterodyneSyncer: updateFlag: com.google.android.finsky.regular, 83621120, 3, , AutoUpdateCodegen__enable_phone_basic_server_policy
06-30 03:59:31.278  2353  2460 D HeterodyneSyncer: updateFlag: com.google.android.finsky.regular, 83621120, 3, , AutoUpdateCodegen__enable_projection_with_car_connection
06-30 03:59:31.280  2353  2460 D HeterodyneSyncer: updateFlag: com.google.android.finsky.regular, 83621120, 3, , AutoUpdateCodegen__enable_reinstall_for_samegrade_placebo
06-30 03:59:31.281  2353  2460 D HeterodyneSyncer: updateFlag: com.google.android.finsky.regular, 83621120, 3, , AutoUpdateCodegen__enable_track_app_disable_state_change
06-30 03:59:31.281  2353  2460 D HeterodyneSyncer: updateFlag: com.google.android.finsky.regular, 83621120, 3, , AutoUpdateCodegen__enable_true_launch_app_state_dao_migration
06-30 03:59:31.281  2353  2460 D HeterodyneSyncer: updateFlag: com.google.android.finsky.regular, 83621120, 3, , AutoUpdateCodegen__enable_tv_basic_server_policy
06-30 03:59:31.281  2353  2460 D HeterodyneSyncer: updateFlag: com.google.android.finsky.regular, 83621120, 3, , AutoUpdateCodegen__enable_unauth_bug_fix
06-30 03:59:31.282  2353  2460 D HeterodyneSyncer: updateFlag: com.google.android.finsky.regular, 83621120, 3, , AutoUpdateCodegen__enable_update_check_time_track
06-30 03:59:31.282  2353  2460 D HeterodyneSyncer: updateFlag: com.google.android.finsky.regular, 83621120, 3, , AutoUpdateCodegen__enable_verification_launch_app_state_dao_migration
06-30 03:59:31.282  2353  2460 D HeterodyneSyncer: updateFlag: com.google.android.finsky.regular, 83621120, 3, , AutoUpdateCodegen__enable_wear_basic_server_policy
06-30 03:59:31.282  2353  2460 D HeterodyneSyncer: updateFlag: com.google.android.finsky.regular, 83621120, 3, , AutoUpdateCodegen__enable_write_persistent_flags_to_app_state_dao
06-30 03:59:31.283  2353  2460 D HeterodyneSyncer: updateFlag: com.google.android.finsky.regular, 83621120, 3, , AutoUpdateCodegen__enforce_system_component_auto_update_setting
06-30 03:59:31.283  2353  2460 D HeterodyneSyncer: updateFlag: com.google.android.finsky.regular, 83621120, 3, , AutoUpdateCodegen__gmscore_canary_idle_relaxation_threshold_ms
06-30 03:59:31.283  2353  2460 D HeterodyneSyncer: updateFlag: com.google.android.finsky.regular, 83621120, 3, , AutoUpdateCodegen__gmscore_canary_wifi_charger_relaxation_threshold_ms
06-30 03:59:31.301  2353  2460 D HeterodyneSyncer: updateFlag: com.google.android.finsky.regular, 83621120, 3, , AutoUpdateCodegen__historical_days_list_for_staleness_detail
06-30 03:59:31.301  2353  2460 D HeterodyneSyncer: updateFlag: com.google.android.finsky.regular, 83621120, 3, , AutoUpdateCodegen__is_eligible_for_system_component_auto_update_setting
06-30 03:59:31.302  2353  2460 D HeterodyneSyncer: updateFlag: com.google.android.finsky.regular, 83621120, 3, , AutoUpdateCodegen__kill_switch_no_auto_update_data_limit_on_wifi
06-30 03:59:31.302  2353  2460 D HeterodyneSyncer: updateFlag: com.google.android.finsky.regular, 83621120, 3, , AutoUpdateCodegen__killswitch_include_freshness_data_for_fresh_apps
06-30 03:59:31.302  2353  2460 D HeterodyneSyncer: updateFlag: com.google.android.finsky.regular, 83621120, 3, , AutoUpdateCodegen__log_null_item
06-30 03:59:31.302  2353  2460 D HeterodyneSyncer: updateFlag: com.google.android.finsky.regular, 83621120, 3, , AutoUpdateCodegen__log_skipped_auto_update
06-30 03:59:31.302  2353  2460 D HeterodyneSyncer: updateFlag: com.google.android.finsky.regular, 83621120, 3, , AutoUpdateCodegen__migrate_finsky_preferences_configs_to_value_store
06-30 03:59:31.303  2353  2460 D HeterodyneSyncer: updateFlag: com.google.android.finsky.regular, 83621120, 3, , AutoUpdateCodegen__rapid_auto_update_listing
06-30 03:59:31.303  2353  2460 D HeterodyneSyncer: updateFlag: com.google.android.finsky.regular, 83621120, 3, , AutoUpdateCodegen__rapid_auto_update_listing_v3
06-30 03:59:31.303  2353  2460 D HeterodyneSyncer: updateFlag: com.google.android.finsky.regular, 83621120, 3, , AutoUpdateCodegen__request_policy_in_autoupdate_endpoint
06-30 03:59:31.318  1540  1597 D CompatibilityChangeReporter: Compat change id reported: 150939131; UID 10104; state: ENABLED
06-30 03:59:31.325  1104  3188 I AlarmManager: setExactAndAllowWhileIdle [name: GCM_HB_ALARM type: 2 triggerAtMillis: 580183]
06-30 03:59:31.337  2353  2460 D HeterodyneSyncer: updateFlag: com.google.android.finsky.regular, 83621120, 3, , AutoUpdateCodegen__set_disabled_field_in_app_freshness_hygiene
06-30 03:59:31.337  2353  2460 D HeterodyneSyncer: updateFlag: com.google.android.finsky.regular, 83621120, 3, , AutoUpdateCodegen__share_app_state_with_request_policy_options
06-30 03:59:31.337  2353  2460 D HeterodyneSyncer: updateFlag: com.google.android.finsky.regular, 83621120, 3, , AutoUpdateCodegen__share_device_storage_info
06-30 03:59:31.337  2353  2460 D HeterodyneSyncer: updateFlag: com.google.android.finsky.regular, 83621120, 3, , AutoUpdateCodegen__share_enterprise_auto_update_policy
06-30 03:59:31.337  2353  2460 D HeterodyneSyncer: updateFlag: com.google.android.finsky.regular, 83621120, 3, , AutoUpdateCodegen__share_update_failure_history
06-30 03:59:31.337  2353  2460 D HeterodyneSyncer: updateFlag: com.google.android.finsky.regular, 83621120, 3, , AutoUpdateCodegen__share_user_auto_update_setting
06-30 03:59:31.337  2353  2460 D HeterodyneSyncer: updateFlag: com.google.android.finsky.regular, 83621120, 3, , AutoUpdateCodegen__skip_unowned_app_freshness
06-30 03:59:31.338  2353  2460 D HeterodyneSyncer: updateFlag: com.google.android.finsky.regular, 83621120, 3, , AutoUpdateCodegen__skipped_reasons_logging_denylist
06-30 03:59:31.338  2353  2460 D HeterodyneSyncer: updateFlag: com.google.android.finsky.regular, 83621120, 3, , AutoUpdateCodegen__suppress_dark_launch_documents_against_items_comparison
06-30 03:59:31.338  2353  2460 D HeterodyneSyncer: updateFlag: com.google.android.finsky.regular, 83621120, 3, , AutoUpdateCodegen__switch_to_autoupdate_endpoint
06-30 03:59:31.338  2353  2460 D HeterodyneSyncer: updateFlag: com.google.android.finsky.regular, 83621120, 3, , AutoUpdateCodegen__system_component_auto_update_setting_disables_automatic_ota
06-30 03:59:31.338  2353  2460 D HeterodyneSyncer: updateFlag: com.google.android.finsky.regular, 83621120, 3, , AutoUpdateCodegen__threshold_in_days_for_purging_appfreshness_data
06-30 03:59:31.338  2353  2460 D HeterodyneSyncer: updateFlag: com.google.android.finsky.regular, 83621120, 3, , AutoUpdateCodegen__unauth_updates_dependencies_allowlist
06-30 03:59:31.338  2353  2460 D HeterodyneSyncer: updateFlag: com.google.android.finsky.regular, 83621120, 3, , AutoUpdateCodegen__updatable_restricted_apps
06-30 03:59:31.338  2353  2460 D HeterodyneSyncer: updateFlag: com.google.android.finsky.regular, 83621120, 3, , AutoUpdateCodegen__update_failure_history_duration
06-30 03:59:31.339  2353  2460 D HeterodyneSyncer: updateFlag: com.google.android.finsky.regular, 83621120, 3, , AutoUpdatePolicies__auto_deploy_disk_space_threshold_bytes
06-30 03:59:31.339  1938  2250 D PhFileGroupPop: Added file groups webref-model-local-index
06-30 03:59:31.339  2353  2460 D HeterodyneSyncer: updateFlag: com.google.android.finsky.regular, 83621120, 3, , AutoUpdatePolicies__enable_enx_headless_deployment
06-30 03:59:31.339  2353  2460 D HeterodyneSyncer: updateFlag: com.google.android.finsky.regular, 83621120, 3, , AutoUpdatePolicies__enable_gpay_sidecar
06-30 03:59:31.339  2353  2460 D HeterodyneSyncer: updateFlag: com.google.android.finsky.regular, 83621120, 3, , AutoUpdatePolicies__gpay_sidecar_dependent_packages
06-30 03:59:31.350  3339  3339 I ViewInteraction: Checking 'MatchesViewAssertion{viewMatcher=an instance of android.widget.TextView and view.getText() with or without transformation to match: a string containing "Subtotal: $2.50"}' assertion on view view.getId() is <2131231225/com.example.lunchtray:id/subtotal>
06-30 03:59:31.353   527   654 D AudioTrack: createTrack_l(8): AUDIO_OUTPUT_FLAG_FAST denied by server; frameCount 0 -> 4512
06-30 03:59:31.339  2353  2460 D HeterodyneSyncer: updateFlag: com.google.android.finsky.regular, 83621120, 3, , AutoUpdateSettings__au_metered_data_notifications_limit_in_tracking_period
06-30 03:59:31.356  1104  1199 I FontLog : (REDACTED) Package %s has no metadata
06-30 03:59:31.356  2353  2460 D HeterodyneSyncer: updateFlag: com.google.android.finsky.regular, 83621120, 3, , AutoUpdateSettings__au_metered_data_notifications_max_limit
06-30 03:59:31.356  2353  2460 D HeterodyneSyncer: updateFlag: com.google.android.finsky.regular, 83621120, 3, , AutoUpdateSettings__auto_update_metered_data_limit_minimum_threshold_mb
06-30 03:59:31.356  2353  2460 D HeterodyneSyncer: updateFlag: com.google.android.finsky.regular, 83621120, 3, , AutoUpdateSettings__auto_update_on_metered_data_excluded_packages
06-30 03:59:31.357  2353  2460 D HeterodyneSyncer: updateFlag: com.google.android.finsky.regular, 83621120, 3, , AutoUpdateSettings__auto_update_on_metered_data_learn_more_url
06-30 03:59:31.357  2353  2460 D HeterodyneSyncer: updateFlag: com.google.android.finsky.regular, 83621120, 3, , AutoUpdateSettings__auto_update_on_metered_data_ux_text_variation
06-30 03:59:31.357  2353  2460 D HeterodyneSyncer: updateFlag: com.google.android.finsky.regular, 83621120, 3, , AutoUpdateSettings__card_impressions_limit_in_tracking_period
06-30 03:59:31.358  2353  2460 D HeterodyneSyncer: updateFlag: com.google.android.finsky.regular, 83621120, 3, , AutoUpdateSettings__card_impressions_overall_limit
06-30 03:59:31.358  2353  2460 D HeterodyneSyncer: updateFlag: com.google.android.finsky.regular, 83621120, 3, , AutoUpdateSettings__daily_budget_percentage_for_metered_data_usage
06-30 03:59:31.358  2353  2460 D HeterodyneSyncer: updateFlag: com.google.android.finsky.regular, 83621120, 3, , AutoUpdateSettings__eligible_minimum_total_metered_data_usage_bytes
06-30 03:59:31.358  2353  2460 D HeterodyneSyncer: updateFlag: com.google.android.finsky.regular, 83621120, 3, , AutoUpdateSettings__enable_auto_update_on_metered_data_budget
06-30 03:59:31.358  2353  2460 D HeterodyneSyncer: updateFlag: com.google.android.finsky.regular, 83621120, 3, , AutoUpdateSettings__enable_auto_update_on_metered_data_budget_default_setting
06-30 03:59:31.362  2353  2460 D HeterodyneSyncer: updateFlag: com.google.android.finsky.regular, 83621120, 3, , AutoUpdateSettings__enable_daily_budget_carryover_for_au_metered_data
06-30 03:59:31.362  2353  2460 D HeterodyneSyncer: updateFlag: com.google.android.finsky.regular, 83621120, 3, , AutoUpdateSettings__enable_daily_budget_for_auto_update_on_metered_data
06-30 03:59:31.362  2353  2460 D HeterodyneSyncer: updateFlag: com.google.android.finsky.regular, 83621120, 3, , AutoUpdateSettings__enable_default_metered_data_notification
06-30 03:59:31.362  2353  2460 D HeterodyneSyncer: updateFlag: com.google.android.finsky.regular, 83621120, 3, , AutoUpdateSettings__enable_reserve_budget_bug_fix
06-30 03:59:31.363  2353  2460 D HeterodyneSyncer: updateFlag: com.google.android.finsky.regular, 83621120, 3, , AutoUpdateSettings__enable_smart_budget_v1
06-30 03:59:31.363  2353  2460 D HeterodyneSyncer: updateFlag: com.google.android.finsky.regular, 83621120, 3, , AutoUpdateSettings__enable_univision_settings_page
06-30 03:59:31.363  2353  2460 D HeterodyneSyncer: updateFlag: com.google.android.finsky.regular, 83621120, 3, , AutoUpdateSettings__geolocation_percentage_for_metered_data_usage
06-30 03:59:31.363  2353  2460 D HeterodyneSyncer: updateFlag: com.google.android.finsky.regular, 83621120, 3, , AutoUpdateSettings__log_is_eligible_for_auto_update_on_metered_data_budget
06-30 03:59:31.364  2353  2460 D HeterodyneSyncer: updateFlag: com.google.android.finsky.regular, 83621120, 3, , AutoUpdateSettings__log_update_data_usage
06-30 03:59:31.367  3339  3339 I ViewInteraction: Performing 'single click' action on view view.getId() is <2131231195/com.example.lunchtray:id/soup>
06-30 03:59:31.368  2353  2460 D HeterodyneSyncer: updateFlag: com.google.android.finsky.regular, 83621120, 3, , AutoUpdate__enable_synchronized_gms_update
06-30 03:59:31.368  2353  2460 D HeterodyneSyncer: updateFlag: com.google.android.finsky.regular, 83621120, 3, , AutoplayExoPlayerVideos__enable_exo_player_video_page_level_autoplay
06-30 03:59:31.368  2353  2460 D HeterodyneSyncer: updateFlag: com.google.android.finsky.regular, 83621120, 3, , AutoplayVideos__delay_video_autoplay_start_ms
06-30 03:59:31.368  2353  2460 D HeterodyneSyncer: updateFlag: com.google.android.finsky.regular, 83621120, 3, , AutoplayVideos__enable_full_screen_activity
06-30 03:59:31.368  2353  2460 D HeterodyneSyncer: updateFlag: com.google.android.finsky.regular, 83621120, 3, , AutoplayVideos__enable_full_screen_support
06-30 03:59:31.368  2353  2460 D HeterodyneSyncer: updateFlag: com.google.android.finsky.regular, 83621120, 3, , AutoplayVideos__enable_overlay_on_pause
06-30 03:59:31.381  2353  2460 D HeterodyneSyncer: updateFlag: com.google.android.finsky.regular, 83621120, 3, , AutoplayVideos__enable_video_autoplaying
06-30 03:59:31.381  2353  2460 D HeterodyneSyncer: updateFlag: com.google.android.finsky.regular, 83621120, 3, , AutoplayVideos__enable_video_autoplaying_ads_cluster
06-30 03:59:31.381  2353  2460 D HeterodyneSyncer: updateFlag: com.google.android.finsky.regular, 83621120, 3, , AutoplayVideos__enable_video_autoplaying_dp
06-30 03:59:31.382  2353  2460 D HeterodyneSyncer: updateFlag: com.google.android.finsky.regular, 83621120, 3, , AutoplayVideos__enable_video_autoplaying_expandable
06-30 03:59:31.382  2353  2460 D HeterodyneSyncer: updateFlag: com.google.android.finsky.regular, 83621120, 3, , AutoplayVideos__enable_video_autoplaying_mdp
06-30 03:59:31.382  2353  2460 D HeterodyneSyncer: updateFlag: com.google.android.finsky.regular, 83621120, 3, , AutoplayVideos__resume_video_after_full_screen
06-30 03:59:31.387  2353  2460 D HeterodyneSyncer: updateFlag: com.google.android.finsky.regular, 83621120, 3, , AvoidBulkCancelNetworkRequests__avoid_bulk_cancel_dfe_requests2
06-30 03:59:31.388  2353  2460 D HeterodyneSyncer: updateFlag: com.google.android.finsky.regular, 83621120, 3, , AvoidBulkCancelNetworkRequests__avoid_bulk_cancel_image_requests2
06-30 03:59:31.388  2353  2460 D HeterodyneSyncer: updateFlag: com.google.android.finsky.regular, 83621120, 3, , Battlestar__details_page_ribbon_pcid_suffix
06-30 03:59:31.388  2353  2460 D HeterodyneSyncer: updateFlag: com.google.android.finsky.regular, 83621120, 3, , Battlestar__enable_learn_more_cta_from_details_page_ribbon_for_2023_Q2_experiment
06-30 03:59:31.389  2353  2460 D HeterodyneSyncer: updateFlag: com.google.android.finsky.regular, 83621120, 3, , Battlestar__enable_pseudo_credit_offer_from_details_page_ribbon_for_2023_Q2_experiment
06-30 03:59:31.389  2353  2460 D HeterodyneSyncer: updateFlag: com.google.android.finsky.regular, 83621120, 3, , Battlestar__install_api_acquisition_timeout
06-30 03:59:31.390  2353  2460 D HeterodyneSyncer: updateFlag: com.google.android.finsky.regular, 83621120, 3, , Battlestar__install_api_detect_auth_errors
06-30 03:59:31.390  2353  2460 D HeterodyneSyncer: updateFlag: com.google.android.finsky.regular, 83621120, 3, , Battlestar__install_api_killswitch
06-30 03:59:31.390  2353  2460 D HeterodyneSyncer: updateFlag: com.google.android.finsky.regular, 83621120, 3, , Battlestar__install_api_wait_for_acquisition_enabled
06-30 03:59:31.391  2353  2460 D HeterodyneSyncer: updateFlag: com.google.android.finsky.regular, 83621120, 3, , Biometric__enable_androidx_api
06-30 03:59:31.392  2353  2460 D HeterodyneSyncer: updateFlag: com.google.android.finsky.regular, 83621120, 3, , BooksBundles__enable_books_cross_sell_bundles_module
06-30 03:59:31.392  2353  2460 D HeterodyneSyncer: updateFlag: com.google.android.finsky.regular, 83621120, 3, , BooksBundles__enable_bundle_discount
06-30 03:59:31.393  2353  2460 D HeterodyneSyncer: updateFlag: com.google.android.finsky.regular, 83621120, 3, , BooksBundles__enable_ux_improvements
06-30 03:59:31.393  2353  2460 D HeterodyneSyncer: updateFlag: com.google.android.finsky.regular, 83621120, 3, , BulkGrantEntitlement__enable_bulk_grant_entitlement
06-30 03:59:31.393  2353  2460 D HeterodyneSyncer: updateFlag: com.google.android.finsky.regular, 83621120, 3, , BundleSizeOptimization__enable_uibuilder_activity_saveinstancestate_bundle_log
06-30 03:59:31.394  2353  2460 D HeterodyneSyncer: updateFlag: com.google.android.finsky.regular, 83621120, 3, , ButtonCompactPadding__use_updated_compact_padding
06-30 03:59:31.394  2353  2460 D HeterodyneSyncer: updateFlag: com.google.android.finsky.regular, 83621120, 3, , BuyWithOfferIdCleanup__enable_navigation_manager_buy_with_offer_id
06-30 03:59:31.395  2353  2460 D HeterodyneSyncer: updateFlag: com.google.android.finsky.regular, 83621120, 3, , CacheEntryInvalidation__delete_fully_invalidated_cache_entries
06-30 03:59:31.395  2353  2460 D HeterodyneSyncer: updateFlag: com.google.android.finsky.regular, 83621120, 3, , CacheOptimizations__min_minor_version_delta_for_cache_clearing
06-30 03:59:31.395  2353  2460 D HeterodyneSyncer: updateFlag: com.google.android.finsky.regular, 83621120, 3, , CacheOptimizations__reinitialize_cache_on_external_clear
06-30 03:59:31.395  2353  2460 D HeterodyneSyncer: updateFlag: com.google.android.finsky.regular, 83621120, 3, , CacheOptimizations__stop_clearing_cache_on_self_update
06-30 03:59:31.395  2353  2460 D HeterodyneSyncer: updateFlag: com.google.android.finsky.regular, 83621120, 3, , CarPurchase__enable_free_trial_button
06-30 03:59:31.396  2353  2460 D HeterodyneSyncer: updateFlag: com.google.android.finsky.regular, 83621120, 3, , CarUiPlugin__car_ui_plugin_names
06-30 03:59:31.397  2353  2460 D HeterodyneSyncer: updateFlag: com.google.android.finsky.regular, 83621120, 3, , CarUiPlugin__opt_in_car_ui_plugin
06-30 03:59:31.398  2353  2460 D HeterodyneSyncer: updateFlag: com.google.android.finsky.regular, 83621120, 3, , CarouselScrollSnap__enable_scroll_snap
06-30 03:59:31.398  2353  2460 D HeterodyneSyncer: updateFlag: com.google.android.finsky.regular, 83621120, 3, , CarskyWidescreenImeSupport__is_enabled
06-30 03:59:31.398  2353  2460 D HeterodyneSyncer: updateFlag: com.google.android.finsky.regular, 83621120, 3, , ClearCacheOnProcessStart__async_cache_clear_timeout_ms
06-30 03:59:31.398  1104  3645 I Fitness : (REDACTED) OnPackageChangedOperation got intent: %s
06-30 03:59:31.398  2353  2460 D HeterodyneSyncer: updateFlag: com.google.android.finsky.regular, 83621120, 3, , ClearCacheOnProcessStart__clear_cache_for_stale_experiments_on_process_start
06-30 03:59:31.399  2353  2460 D HeterodyneSyncer: updateFlag: com.google.android.finsky.regular, 83621120, 3, , ClientStats__enable_split_installer_counters
06-30 03:59:31.399  2353  2460 D HeterodyneSyncer: updateFlag: com.google.android.finsky.regular, 83621120, 3, , ClientStats__log_dfe_notifications_with_counters
06-30 03:59:31.399  2353  2460 D HeterodyneSyncer: updateFlag: com.google.android.finsky.regular, 83621120, 3, , ClusterRenderingLatencyLogging__enable_cluster_rendering_latency
06-30 03:59:31.400  2353  2460 D HeterodyneSyncer: updateFlag: com.google.android.finsky.regular, 83621120, 3, , ClusterUnsnapping__disable_grid_cluster_scroll_snap
06-30 03:59:31.400  2353  2460 D HeterodyneSyncer: updateFlag: com.google.android.finsky.regular, 83621120, 3, , ColdStartLogging__enable_cold_start_logging
06-30 03:59:31.400  2353  2460 D HeterodyneSyncer: updateFlag: com.google.android.finsky.regular, 83621120, 3, , CollapsibleBanner__enable_animation
06-30 03:59:31.401  2353  2460 D HeterodyneSyncer: updateFlag: com.google.android.finsky.regular, 83621120, 3, , CommerceUnifiedLogging__enable_combined_logging
06-30 03:59:31.401  2353  2460 D HeterodyneSyncer: updateFlag: com.google.android.finsky.regular, 83621120, 3, , CommerceUnifiedLogging__enable_server_node_logging_for_purchase_background_event
06-30 03:59:31.401  2353  2460 D HeterodyneSyncer: updateFlag: com.google.android.finsky.regular, 83621120, 3, , CommerceUnifiedLogging__enable_system_back_non_leaf
06-30 03:59:31.401  2353  2460 D HeterodyneSyncer: updateFlag: com.google.android.finsky.regular, 83621120, 3, , CommerceUnifiedLogging__killswitch_log_max_api_valuestore
06-30 03:59:31.401  2353  2460 D HeterodyneSyncer: updateFlag: com.google.android.finsky.regular, 83621120, 3, , ConsumePurchase__enable_consume_purchase
06-30 03:59:31.401  2353  2460 D HeterodyneSyncer: updateFlag: com.google.android.finsky.regular, 83621120, 3, , ContentSync__collect_signing_keys
06-30 03:59:31.401  2353  2460 D HeterodyneSyncer: updateFlag: com.google.android.finsky.regular, 83621120, 3, , ContentSync__use_separate_executor
06-30 03:59:31.402  2353  2460 D HeterodyneSyncer: updateFlag: com.google.android.finsky.regular, 83621120, 3, , CoreAnalytics__enable_mcc_mnc_logging
06-30 03:59:31.402  2353  2460 D HeterodyneSyncer: updateFlag: com.google.android.finsky.regular, 83621120, 3, , CoreAnalytics__enable_user_profile_state_logging
06-30 03:59:31.402  2353  2460 D HeterodyneSyncer: updateFlag: com.google.android.finsky.regular, 83621120, 3, , CrossProfileAppInstalls__allow_cross_profile_installs
06-30 03:59:31.402  2353  2460 D HeterodyneSyncer: updateFlag: com.google.android.finsky.regular, 83621120, 3, , CrossProfile__enable_enterprise_setup_pausing_app_updates_cross_profile
06-30 03:59:31.402  2353  2460 D HeterodyneSyncer: updateFlag: com.google.android.finsky.regular, 83621120, 3, , CrossProfile__storage_service_blocking_call_timeout
06-30 03:59:31.402  2353  2460 D HeterodyneSyncer: updateFlag: com.google.android.finsky.regular, 83621120, 3, , CrystalIntegrityService__decode_intermediate_tokens
06-30 03:59:31.403  2353  2460 D HeterodyneSyncer: updateFlag: com.google.android.finsky.regular, 83621120, 3, , CrystalIntegrityService__disable_request_handle_throttling
06-30 03:59:31.403  2353  2460 D HeterodyneSyncer: updateFlag: com.google.android.finsky.regular, 83621120, 3, , CrystalIntegrityService__disable_request_token_throttling
06-30 03:59:31.404  2353  2460 D HeterodyneSyncer: updateFlag: com.google.android.finsky.regular, 83621120, 3, , CrystalIntegrityService__enable_service
06-30 03:59:31.404  2353  2460 D HeterodyneSyncer: updateFlag: com.google.android.finsky.regular, 83621120, 3, , CrystalIntegrityService__intermediate_token_batch_size
06-30 03:59:31.404  2353  2460 D HeterodyneSyncer: updateFlag: com.google.android.finsky.regular, 83621120, 3, , CrystalIntegrityService__intermediate_token_pool_replenishment_threshold
06-30 03:59:31.405  2353  2460 D HeterodyneSyncer: updateFlag: com.google.android.finsky.regular, 83621120, 3, , CrystalIntegrityService__intermediate_token_validity_minutes
06-30 03:59:31.405  2353  2460 D HeterodyneSyncer: updateFlag: com.google.android.finsky.regular, 83621120, 3, , CrystalIntegrityService__pending_keys_validity_minutes
06-30 03:59:31.405  2353  2460 D HeterodyneSyncer: updateFlag: com.google.android.finsky.regular, 83621120, 3, , CrystalIntegrityService__request_handle_throttle_window_limit
06-30 03:59:31.405  2353  2460 D HeterodyneSyncer: updateFlag: com.google.android.finsky.regular, 83621120, 3, , CrystalIntegrityService__request_handle_throttle_window_threshold
06-30 03:59:31.405  2353  2460 D HeterodyneSyncer: updateFlag: com.google.android.finsky.regular, 83621120, 3, , CrystalIntegrityService__request_token_throttle_window_limit
06-30 03:59:31.405  2353  2460 D HeterodyneSyncer: updateFlag: com.google.android.finsky.regular, 83621120, 3, , CrystalIntegrityService__request_token_throttle_window_threshold
06-30 03:59:31.405  2353  2460 D HeterodyneSyncer: updateFlag: com.google.android.finsky.regular, 83621120, 3, , CrystalIntegrityService__use_crystal_keys_in_express_payload
06-30 03:59:31.406  2353  2460 D HeterodyneSyncer: updateFlag: com.google.android.finsky.regular, 83621120, 3, , Cubes__cube_data_refresh_trigger_duration
06-30 03:59:31.406  2353  2460 D HeterodyneSyncer: updateFlag: com.google.android.finsky.regular, 83621120, 3, , Cubes__cubes_enable_content_forward_widget
06-30 03:59:31.406  2353  2460 D HeterodyneSyncer: updateFlag: com.google.android.finsky.regular, 83621120, 3, , Cubes__cubes_enable_force_refresh
06-30 03:59:31.406  2353  2460 D HeterodyneSyncer: updateFlag: com.google.android.finsky.regular, 83621120, 3, , Cubes__cubes_enable_mru_cube
06-30 03:59:31.406  2353  2460 D HeterodyneSyncer: updateFlag: com.google.android.finsky.regular, 83621120, 3, , Cubes__cubes_enable_redesign
06-30 03:59:31.407  2353  2460 D HeterodyneSyncer: updateFlag: com.google.android.finsky.regular, 83621120, 3, , Cubes__cubes_enable_sandbox_cube
06-30 03:59:31.407  2353  2460 D HeterodyneSyncer: updateFlag: com.google.android.finsky.regular, 83621120, 3, , Cubes__cubes_enable_shopping_cube
06-30 03:59:31.407  2353  2460 D HeterodyneSyncer: updateFlag: com.google.android.finsky.regular, 83621120, 3, , Cubes__cubes_enabled_state
06-30 03:59:31.407  2353  2460 D HeterodyneSyncer: updateFlag: com.google.android.finsky.regular, 83621120, 3, , Cubes__cubes_provider_packages_to_avoid_zero_state
06-30 03:59:31.408  2353  2460 D HeterodyneSyncer: updateFlag: com.google.android.finsky.regular, 83621120, 3, , Cubes__cubes_provider_refresh_trigger_duration
06-30 03:59:31.408  2353  2460 D HeterodyneSyncer: updateFlag: com.google.android.finsky.regular, 83621120, 3, , Cubes__enable_axel_api_upgrade
06-30 03:59:31.408  2353  2460 D HeterodyneSyncer: updateFlag: com.google.android.finsky.regular, 83621120, 3, , Cubes__enable_games_cube
06-30 03:59:31.408  2353  2460 D HeterodyneSyncer: updateFlag: com.google.android.finsky.regular, 83621120, 3, , Cubes__enable_listen_cube
06-30 03:59:31.409  2353  2460 D HeterodyneSyncer: updateFlag: com.google.android.finsky.regular, 83621120, 3, , Cubes__enable_read_cube
06-30 03:59:31.414  2353  2460 D HeterodyneSyncer: updateFlag: com.google.android.finsky.regular, 83621120, 3, , Cubes__enable_watch_cube
06-30 03:59:31.415  2353  2460 D HeterodyneSyncer: updateFlag: com.google.android.finsky.regular, 83621120, 3, , Cubes__mru_hygiene_enabled
06-30 03:59:31.415  2353  2460 D HeterodyneSyncer: updateFlag: com.google.android.finsky.regular, 83621120, 3, , CustomPreInflation__apps_preinflation_card_view_counts
06-30 03:59:31.416  2353  2460 D HeterodyneSyncer: updateFlag: com.google.android.finsky.regular, 83621120, 3, , CustomPreInflation__apps_preinflation_card_views
06-30 03:59:31.416  2353  2460 D HeterodyneSyncer: updateFlag: com.google.android.finsky.regular, 83621120, 3, , CustomPreInflation__enable_custom_preinflation
06-30 03:59:31.417  2353  2460 D HeterodyneSyncer: updateFlag: com.google.android.finsky.regular, 83621120, 3, , CustomPreInflation__enable_home_specific_preinflation
06-30 03:59:31.417  2353  2460 D HeterodyneSyncer: updateFlag: com.google.android.finsky.regular, 83621120, 3, , CustomPreInflation__games_preinflation_card_view_counts
06-30 03:59:31.417  2353  2460 D HeterodyneSyncer: updateFlag: com.google.android.finsky.regular, 83621120, 3, , CustomPreInflation__games_preinflation_card_views
06-30 03:59:31.417  2353  2460 D HeterodyneSyncer: updateFlag: com.google.android.finsky.regular, 83621120, 3, , CustomPreInflation__preinflation_card_view_counts
06-30 03:59:31.418  2353  2460 D HeterodyneSyncer: updateFlag: com.google.android.finsky.regular, 83621120, 3, , CustomPreInflation__preinflation_card_views
06-30 03:59:31.418  2353  2460 D HeterodyneSyncer: updateFlag: com.google.android.finsky.regular, 83621120, 3, , DYNALOG_DEVELOPMENT__enable_dynalog
06-30 03:59:31.419  2353  2460 D HeterodyneSyncer: updateFlag: com.google.android.finsky.regular, 83621120, 3, , DataProjectionApiService__enable_service
06-30 03:59:31.419  2353  2460 D HeterodyneSyncer: updateFlag: com.google.android.finsky.regular, 83621120, 3, , DataProjectionApiService__package_controller
06-30 03:59:31.420  2353  2460 D HeterodyneSyncer: updateFlag: com.google.android.finsky.regular, 83621120, 3, , DataSubscription__single_sim_override
06-30 03:59:31.420  2353  2460 D HeterodyneSyncer: updateFlag: com.google.android.finsky.regular, 83621120, 3, , DataSubscription__use_telephony_carrier_content_provider
06-30 03:59:31.420  2353  2460 D HeterodyneSyncer: updateFlag: com.google.android.finsky.regular, 83621120, 3, , DataUsage__enable_phonesky_data_usage_stats_logging
06-30 03:59:31.420  2353  2460 D HeterodyneSyncer: updateFlag: com.google.android.finsky.regular, 83621120, 3, , DataUsage__migrate_network_stats_manager_last_query_millis_preferences
06-30 03:59:31.420  2353  2460 D HeterodyneSyncer: updateFlag: com.google.android.finsky.regular, 83621120, 3, , DataUsage__migrate_phonesky_data_usage_last_logging_millis_preferences
06-30 03:59:31.420  2353  2460 D HeterodyneSyncer: updateFlag: com.google.android.finsky.regular, 83621120, 3, , DataUsage__phonesky_data_usage_stats_max_history_duration
06-30 03:59:31.421  2353  2460 D HeterodyneSyncer: updateFlag: com.google.android.finsky.regular, 83621120, 3, , DataUsage__phonesky_data_usage_stats_min_interval_duration
06-30 03:59:31.421  2353  2460 D HeterodyneSyncer: updateFlag: com.google.android.finsky.regular, 83621120, 3, , Db__enable_database_audit_trail
06-30 03:59:31.421  2353  2460 D HeterodyneSyncer: updateFlag: com.google.android.finsky.regular, 83621120, 3, , DebugOptions__is_flag_override_explicitly_allowed
06-30 03:59:31.422  2353  2460 D HeterodyneSyncer: updateFlag: com.google.android.finsky.regular, 83621120, 3, , DeepLink__enable_referrer_package_version_logging
06-30 03:59:31.422  2353  2460 D HeterodyneSyncer: updateFlag: com.google.android.finsky.regular, 83621120, 3, , DeeplinkDataWorkaround__extra_key
06-30 03:59:31.423  2353  2460 D HeterodyneSyncer: updateFlag: com.google.android.finsky.regular, 83621120, 3, , DeeplinkIndicator__adf_description_ui
06-30 03:59:31.423  2353  2460 D HeterodyneSyncer: updateFlag: com.google.android.finsky.regular, 83621120, 3, , DeeplinkIndicator__adf_title_aggressive
06-30 03:59:31.423  2353  2460 D HeterodyneSyncer: updateFlag: com.google.android.finsky.regular, 83621120, 3, , DeeplinkIndicator__adf_title_conservative
06-30 03:59:31.423  2353  2460 D HeterodyneSyncer: updateFlag: com.google.android.finsky.regular, 83621120, 3, , DeeplinkIndicator__animation_count_threshold
06-30 03:59:31.424  2353  2460 D HeterodyneSyncer: updateFlag: com.google.android.finsky.regular, 83621120, 3, , DeeplinkIndicator__animation_interval_duration
06-30 03:59:31.424  2353  2460 D HeterodyneSyncer: updateFlag: com.google.android.finsky.regular, 83621120, 3, , DeeplinkIndicator__animation_max_count
06-30 03:59:31.424  2353  2460 D HeterodyneSyncer: updateFlag: com.google.android.finsky.regular, 83621120, 3, , DelayAcquisitionStart__enable_purchase_delay_for_promotion_redemption
06-30 03:59:31.424  2353  2460 D HeterodyneSyncer: updateFlag: com.google.android.finsky.regular, 83621120, 3, , DeliveryToken__enable_acquisition_token_to_replace_delivery_token
06-30 03:59:31.425  2353  2460 D HeterodyneSyncer: updateFlag: com.google.android.finsky.regular, 83621120, 3, , DetailsPageModules__hide_description_text_module
06-30 03:59:31.425  2353  2460 D HeterodyneSyncer: updateFlag: com.google.android.finsky.regular, 83621120, 3, , DetailsPageModules__hide_editorial_review_module
06-30 03:59:31.425  2353  2460 D HeterodyneSyncer: updateFlag: com.google.android.finsky.regular, 83621120, 3, , DetailsPageModules__hide_review_samples_module_v2
06-30 03:59:31.425  3339  3581 D EGL_emulation: app_time_stats: avg=55.86ms min=4.29ms max=792.54ms count=31
06-30 03:59:31.425  2353  2460 D HeterodyneSyncer: updateFlag: com.google.android.finsky.regular, 83621120, 3, , DetailsPageModules__hide_reviews_statistics_module
06-30 03:59:31.426  2353  2460 D HeterodyneSyncer: updateFlag: com.google.android.finsky.regular, 83621120, 3, , DetailsPageModules__hide_reviews_title_module
06-30 03:59:31.426  2353  2460 D HeterodyneSyncer: updateFlag: com.google.android.finsky.regular, 83621120, 3, , DetailsPageModules__hide_screenshots_module_v3
06-30 03:59:31.443  2353  2460 D HeterodyneSyncer: updateFlag: com.google.android.finsky.regular, 83621120, 3, , DetailsPageModules__hide_vetted_game_features_module
06-30 03:59:31.444  2353  2460 D HeterodyneSyncer: updateFlag: com.google.android.finsky.regular, 83621120, 3, , DetailsPageModules__show_daily_rewards_module
06-30 03:59:31.444  2353  2460 D HeterodyneSyncer: updateFlag: com.google.android.finsky.regular, 83621120, 3, , DetailsPageModules__show_gameplay_videos_module
06-30 03:59:31.444  2353  2460 D HeterodyneSyncer: updateFlag: com.google.android.finsky.regular, 83621120, 3, , DetailsPageP3Promotions__p3_promotion_on_details_page
06-30 03:59:31.444  2353  2460 D HeterodyneSyncer: updateFlag: com.google.android.finsky.regular, 83621120, 3, , DetailsPageP3Promotions__purchase_delay_for_promotion_redemption_ms
06-30 03:59:31.444  2353  2460 D HeterodyneSyncer: updateFlag: com.google.android.finsky.regular, 83621120, 3, , DetailsPageState__enable_details_page_state
06-30 03:59:31.445  2353  2460 D HeterodyneSyncer: updateFlag: com.google.android.finsky.regular, 83621120, 3, , DetailsPageState__enable_details_page_state_attribute
06-30 03:59:31.445  2353  2460 D HeterodyneSyncer: updateFlag: com.google.android.finsky.regular, 83621120, 3, , DetailsPageState__enable_fetch_dp_status_for_new_impression_id
06-30 03:59:31.445  2353  2460 D HeterodyneSyncer: updateFlag: com.google.android.finsky.regular, 83621120, 3, , DetailsPageState__enable_short_post_install_impression_logging
06-30 03:59:31.448  2353  2460 D HeterodyneSyncer: updateFlag: com.google.android.finsky.regular, 83621120, 3, , DetailsPage__dl_move_dnd_tags_to_top
06-30 03:59:31.449  2353  2460 D HeterodyneSyncer: updateFlag: com.google.android.finsky.regular, 83621120, 3, , DetailsPage__dl_top_dnd_tags_inline_wrapping
06-30 03:59:31.449  2353  2460 D HeterodyneSyncer: updateFlag: com.google.android.finsky.regular, 83621120, 3, , DetailsPage__dl_top_dnd_tags_low_quality_only
06-30 03:59:31.450  2353  2460 D HeterodyneSyncer: updateFlag: com.google.android.finsky.regular, 83621120, 3, , DetailsPage__enable_editorial_article
06-30 03:59:31.456  2353  2460 D HeterodyneSyncer: updateFlag: com.google.android.finsky.regular, 83621120, 3, , DevTriggeredUpdatesCodegen__close_blocking_flow_bugfix
06-30 03:59:31.456  2353  2460 D HeterodyneSyncer: updateFlag: com.google.android.finsky.regular, 83621120, 3, , DevTriggeredUpdatesCodegen__dev_triggered_updates_relaxed_importance_threshold
06-30 03:59:31.456  2353  2460 D HeterodyneSyncer: updateFlag: com.google.android.finsky.regular, 83621120, 3, , DevTriggeredUpdatesCodegen__dev_triggered_updates_relaxed_importance_threshold_package_controller
06-30 03:59:31.456  2353  2460 D HeterodyneSyncer: updateFlag: com.google.android.finsky.regular, 83621120, 3, , DevTriggeredUpdatesCodegen__enable_in_app_acquisition
06-30 03:59:31.457  2353  2460 D HeterodyneSyncer: updateFlag: com.google.android.finsky.regular, 83621120, 3, , DevTriggeredUpdatesCodegen__immediate_restart_bugfix
06-30 03:59:31.459  2353  2460 D HeterodyneSyncer: updateFlag: com.google.android.finsky.regular, 83621120, 3, , DevTriggeredUpdatesCodegen__in_app_updates_ux_rework
06-30 03:59:31.460  2353  2460 D HeterodyneSyncer: updateFlag: com.google.android.finsky.regular, 83621120, 3, , DevTriggeredUpdatesCodegen__install_dex_metadata
06-30 03:59:31.461  2353  2460 D HeterodyneSyncer: updateFlag: com.google.android.finsky.regular, 83621120, 3, , DevTriggeredUpdatesCodegen__item_freshness_duration
06-30 03:59:31.461  2353  2460 D HeterodyneSyncer: updateFlag: com.google.android.finsky.regular, 83621120, 3, , DevTriggeredUpdates__dev_triggered_updates_package_controller
06-30 03:59:31.463  2353  2460 D HeterodyneSyncer: updateFlag: com.google.android.finsky.regular, 83621120, 3, , DeviceConfig__enable_always_fetch_gle
06-30 03:59:31.463  2353  2460 D HeterodyneSyncer: updateFlag: com.google.android.finsky.regular, 83621120, 3, , DeviceConfig__enable_fetch_gle_if_crashed
06-30 03:59:31.463  2353  2460 D HeterodyneSyncer: updateFlag: com.google.android.finsky.regular, 83621120, 3, , DeviceConfig__enable_gl_extensions_logging
06-30 03:59:31.464  2353  2460 D HeterodyneSyncer: updateFlag: com.google.android.finsky.regular, 83621120, 3, , DeviceHealthMonitor__notification_re_opt_in_notification_interval_days
06-30 03:59:31.464  2353  2460 D HeterodyneSyncer: updateFlag: com.google.android.finsky.regular, 83621120, 3, , DeviceHealthMonitor__uninstall_suggestions_notification_preselection
06-30 03:59:31.464  2353  2460 D HeterodyneSyncer: updateFlag: com.google.android.finsky.regular, 83621120, 3, , DeviceHealthMonitor__uninstall_suggestions_notification_threshold_bytes
06-30 03:59:31.464  2353  2460 D HeterodyneSyncer: updateFlag: com.google.android.finsky.regular, 83621120, 3, , DeviceInteroperability__enable_device_interoperability_v1
06-30 03:59:31.465  2353  2460 D HeterodyneSyncer: updateFlag: com.google.android.finsky.regular, 83621120, 3, , DeviceInteroperability__enable_device_interoperability_v2p1
06-30 03:59:31.465  2353  2460 D HeterodyneSyncer: updateFlag: com.google.android.finsky.regular, 83621120, 3, , DeviceInteroperability__enable_device_interoperability_v2p2
06-30 03:59:31.466  2353  2460 D HeterodyneSyncer: updateFlag: com.google.android.finsky.regular, 83621120, 3, , DeviceLockControllerInstallPolicy__enable_device_lock_controller_install_policy
06-30 03:59:31.466  2353  2460 D HeterodyneSyncer: updateFlag: com.google.android.finsky.regular, 83621120, 3, , DeviceSetupCodegen__disable_atl_rro_restore_during_deferred_setup
06-30 03:59:31.466  2353  2460 D HeterodyneSyncer: updateFlag: com.google.android.finsky.regular, 83621120, 3, , DeviceSetup__block_final_hold_for_sessions
06-30 03:59:31.466  2353  2460 D HeterodyneSyncer: updateFlag: com.google.android.finsky.regular, 83621120, 3, , DeviceSetup__pai_sim_workaround
06-30 03:59:31.466  2353  2460 D HeterodyneSyncer: updateFlag: com.google.android.finsky.regular, 83621120, 3, , DialogBuilder__enable_volley_error_retry_logging
06-30 03:59:31.467  2353  2460 D HeterodyneSyncer: updateFlag: com.google.android.finsky.regular, 83621120, 3, , DialogBuilder__instrument_manager_instrument_token_key
06-30 03:59:31.467  2353  2460 D HeterodyneSyncer: updateFlag: com.google.android.finsky.regular, 83621120, 3, , DialogBuilder__instrument_manager_integrator_callback_data_token_key
06-30 03:59:31.467  2353  2460 D HeterodyneSyncer: updateFlag: com.google.android.finsky.regular, 83621120, 3, , DialogComponent__enable_migration_to_dialog_component
06-30 03:59:31.467  2353  2460 D HeterodyneSyncer: updateFlag: com.google.android.finsky.regular, 83621120, 3, , DialogComponent__spec_update_b213350244
06-30 03:59:31.475  1104  3085 I Fitness : (REDACTED) FitCleanupIntentOperation received Intent %s
06-30 03:59:31.491  2353  2460 D HeterodyneSyncer: updateFlag: com.google.android.finsky.regular, 83621120, 3, , DisableFadeAnimations__disable_fadein_animation
06-30 03:59:31.492  2353  2460 D HeterodyneSyncer: updateFlag: com.google.android.finsky.regular, 83621120, 3, , DisablePreRegistrationReleaseNotificationRetries__is_enabled
06-30 03:59:31.492  2353  2460 D HeterodyneSyncer: updateFlag: com.google.android.finsky.regular, 83621120, 3, , DisableVideoAutoplayingLowTierDevicesIndia__disable_video_autoplaying_low_tier_india
06-30 03:59:31.492  2353  2460 D HeterodyneSyncer: updateFlag: com.google.android.finsky.regular, 83621120, 3, , DisplayApkSize__display_apk_size
06-30 03:59:31.492  2353  2460 D HeterodyneSyncer: updateFlag: com.google.android.finsky.regular, 83621120, 3, , DisplayApkSize__use_android_formatter
06-30 03:59:31.493  2353  2460 D HeterodyneSyncer: updateFlag: com.google.android.finsky.regular, 83621120, 3, , DoNotKillOnLocaleChange__is_enabled
06-30 03:59:31.493  2353  2460 D HeterodyneSyncer: updateFlag: com.google.android.finsky.regular, 83621120, 3, , DoubleClickPrevention__double_click_prevention_threshold_ms
06-30 03:59:31.493  2353  2460 D HeterodyneSyncer: updateFlag: com.google.android.finsky.regular, 83621120, 3, , DownloadManager__killswitch_update_download_only_on_terminal_broadcasts
06-30 03:59:31.496  2353  2460 D HeterodyneSyncer: updateFlag: com.google.android.finsky.regular, 83621120, 3, , DroidguardAcquire__enable_droidguard_in_acquire_flow
06-30 03:59:31.498  2353  2460 D HeterodyneSyncer: updateFlag: com.google.android.finsky.regular, 83621120, 3, , DroidguardAcquire__enable_droidguard_token_generation_for_all_device_classes
06-30 03:59:31.498  2353  2460 D HeterodyneSyncer: updateFlag: com.google.android.finsky.regular, 83621120, 3, , DroidguardAcquire__enable_invalid_droidguard_handle_retry
06-30 03:59:31.498  2353  2460 D HeterodyneSyncer: updateFlag: com.google.android.finsky.regular, 83621120, 3, , DwellTimeLogging__dwell_time_sample_period_ms
06-30 03:59:31.499  2353  2460 D HeterodyneSyncer: updateFlag: com.google.android.finsky.regular, 83621120, 3, , DwellTimeLogging__enable_kids_quality_details_module_dwell_time_logging
06-30 03:59:31.499  2353  2460 D HeterodyneSyncer: updateFlag: com.google.android.finsky.regular, 83621120, 3, , DwellTimeLogging__enable_privacy_label_module_dwell_time_logging
06-30 03:59:31.499  2353  2460 D HeterodyneSyncer: updateFlag: com.google.android.finsky.regular, 83621120, 3, , DwellTimeLogging__enable_review_sample_dwell_time_logging
06-30 03:59:31.499  2353  2460 D HeterodyneSyncer: updateFlag: com.google.android.finsky.regular, 83621120, 3, , DwellTimeLogging__kids_quality_details_module_visibility_percentage_of_view
06-30 03:59:31.499  2353  2460 D HeterodyneSyncer: updateFlag: com.google.android.finsky.regular, 83621120, 3, , DwellTimeLogging__kids_quality_details_module_visibility_percentage_on_screen
06-30 03:59:31.499  2353  2460 D HeterodyneSyncer: updateFlag: com.google.android.finsky.regular, 83621120, 3, , DwellTimeLogging__privacy_label_module_visibility_percentage_of_view
06-30 03:59:31.504  2353  2460 D HeterodyneSyncer: updateFlag: com.google.android.finsky.regular, 83621120, 3, , DwellTimeLogging__privacy_label_module_visibility_percentage_on_screen
06-30 03:59:31.505  2353  2460 D HeterodyneSyncer: updateFlag: com.google.android.finsky.regular, 83621120, 3, , DwellTimeLogging__review_sample_visibility_percentage_of_view
06-30 03:59:31.505  1851  2961 I NamespaceManager: (REDACTED) Package %s name not found! Using module version.
06-30 03:59:31.506  2353  2460 D HeterodyneSyncer: updateFlag: com.google.android.finsky.regular, 83621120, 3, , DwellTimeLogging__review_sample_visibility_percentage_on_screen
06-30 03:59:31.506  2353  2460 D HeterodyneSyncer: updateFlag: com.google.android.finsky.regular, 83621120, 3, , DynamicSplitsCodegen__cross_form_factor
06-30 03:59:31.506  2353  2460 D HeterodyneSyncer: updateFlag: com.google.android.finsky.regular, 83621120, 3, , DynamicSplitsCodegen__disable_cancel_auto_updates_before_split_install
06-30 03:59:31.506  1851  3012 W Icing   : Failed to get Lockbox signed-in status: java.util.concurrent.TimeoutException: Timed out waiting for Task
06-30 03:59:31.506  1851  3012 W Icing   : getSignedInAccountName: Falling back to default value
06-30 03:59:31.506  2353  2460 D HeterodyneSyncer: updateFlag: com.google.android.finsky.regular, 83621120, 3, , DynamicSplitsCodegen__in_app_acquisition_min_playcore_version
06-30 03:59:31.507  2353  2460 D HeterodyneSyncer: updateFlag: com.google.android.finsky.regular, 83621120, 3, , DynamicSplitsCodegen__remove_module_titles_from_confirmation_dialog
06-30 03:59:31.507  2353  2460 D HeterodyneSyncer: updateFlag: com.google.android.finsky.regular, 83621120, 3, , DynamicSplitsCodegen__remove_old_split_markers_maximum_age
06-30 03:59:31.507  2353  2460 D HeterodyneSyncer: updateFlag: com.google.android.finsky.regular, 83621120, 3, , DynamicSplitsCodegen__return_access_denied_error_if_throttled
06-30 03:59:31.507  2353  2460 D HeterodyneSyncer: updateFlag: com.google.android.finsky.regular, 83621120, 3, , DynamicSplitsCodegen__split_install_session_store_timeout_millis
06-30 03:59:31.507  2353  2460 D HeterodyneSyncer: updateFlag: com.google.android.finsky.regular, 83621120, 3, , DynamicSplitsCodegen__splitcompat_bypass_storage_check_module_size_limit_kb
06-30 03:59:31.507  2353  2460 D HeterodyneSyncer: updateFlag: com.google.android.finsky.regular, 83621120, 3, , DynamicSplitsCodegen__splitcompat_bypass_storage_check_offset_mb
06-30 03:59:31.508  2353  2460 D HeterodyneSyncer: updateFlag: com.google.android.finsky.regular, 83621120, 3, , DynamicSplitsCodegen__splitcompat_package_controller
06-30 03:59:31.508  2353  2460 D HeterodyneSyncer: updateFlag: com.google.android.finsky.regular, 83621120, 3, , DynamicSplitsCodegen__xff_packages
06-30 03:59:31.508  2353  2460 D HeterodyneSyncer: updateFlag: com.google.android.finsky.regular, 83621120, 3, , DynamicSplits__dynamic_split_download_size_threshold_metered
06-30 03:59:31.510  1851  2961 I NamespaceManager: (REDACTED) Package %s name not found! Using module version.
06-30 03:59:31.510  1938  2250 D PhFileGroupPop: Added file groups smart_actions_grammars
06-30 03:59:31.510  1851  2961 I NamespaceManager: (REDACTED) Package %s name not found! Using module version.
06-30 03:59:31.519  2353  2460 D HeterodyneSyncer: updateFlag: com.google.android.finsky.regular, 83621120, 3, , DynamicSplits__dynamic_split_package_controller_pre_L
06-30 03:59:31.520  2353  2460 D HeterodyneSyncer: updateFlag: com.google.android.finsky.regular, 83621120, 3, , EcChoice__ec_choice_min_chrome_version
06-30 03:59:31.520  2353  2460 D HeterodyneSyncer: updateFlag: com.google.android.finsky.regular, 83621120, 3, , EcChoice__elapsed_time_till_trigger
06-30 03:59:31.520  2353  2460 D HeterodyneSyncer: updateFlag: com.google.android.finsky.regular, 83621120, 3, , EcChoice__enable_ec_choice_flow
06-30 03:59:31.521  2353  2460 D HeterodyneSyncer: updateFlag: com.google.android.finsky.regular, 83621120, 3, , EcChoice__fake_agsa_not_system_app
06-30 03:59:31.521  2353  2460 D HeterodyneSyncer: updateFlag: com.google.android.finsky.regular, 83621120, 3, , EcChoice__fake_chrome_not_system_app
06-30 03:59:31.521  2353  2460 D HeterodyneSyncer: updateFlag: com.google.android.finsky.regular, 83621120, 3, , EcChoice__max_ec_choice_trigger_count
06-30 03:59:31.521  2353  2460 D HeterodyneSyncer: updateFlag: com.google.android.finsky.regular, 83621120, 3, , EcChoice__override_ec_choice_trigger
06-30 03:59:31.521  2353  2460 D HeterodyneSyncer: updateFlag: com.google.android.finsky.regular, 83621120, 3, , EmphasizeAdsHeadlineTextOnAdf__bolding_headline_text
06-30 03:59:31.522  2353  2460 D HeterodyneSyncer: updateFlag: com.google.android.finsky.regular, 83621120, 3, , EmphasizeAdsHeadlineTextOnAdf__replacing_headline_with_description
06-30 03:59:31.522  2353  2460 D HeterodyneSyncer: updateFlag: com.google.android.finsky.regular, 83621120, 3, , EmphasizeAdsHeadlineTextOnAdf__switching_text_in_middle_and_indenting
06-30 03:59:31.522  2353  2460 D HeterodyneSyncer: updateFlag: com.google.android.finsky.regular, 83621120, 3, , EmptyMyAppsFix__enable_empty_myapps_fix
06-30 03:59:31.523  2353  2460 D HeterodyneSyncer: updateFlag: com.google.android.finsky.regular, 83621120, 3, , EnableZeroPrefixServerSuggest__enable_zero_prefix_server_suggest
06-30 03:59:31.523  2353  2460 D HeterodyneSyncer: updateFlag: com.google.android.finsky.regular, 83621120, 3, , EnableZeroPrefixSuggestHygiene__enable_zero_prefix_suggest_hygiene
06-30 03:59:31.524  2353  2460 D HeterodyneSyncer: updateFlag: com.google.android.finsky.regular, 83621120, 3, , EnterpriseClientPolicySync__auto_install_retry_strategy_backoff_ratio
06-30 03:59:31.524  2353  2460 D HeterodyneSyncer: updateFlag: com.google.android.finsky.regular, 83621120, 3, , EnterpriseClientPolicySync__auto_install_retry_strategy_initial_delay_ms
06-30 03:59:31.525  2353  2460 D HeterodyneSyncer: updateFlag: com.google.android.finsky.regular, 83621120, 3, , EnterpriseClientPolicySync__critical_system_apps
06-30 03:59:31.525  2353  2460 D HeterodyneSyncer: updateFlag: com.google.android.finsky.regular, 83621120, 3, , EnterpriseClientPolicySync__cross_profile_cache_expiry_ms
06-30 03:59:31.525  2353  2460 D HeterodyneSyncer: updateFlag: com.google.android.finsky.regular, 83621120, 3, , EnterpriseClientPolicySync__enable_allowed_during_setup
06-30 03:59:31.525  1851  2961 I NamespaceManager: (REDACTED) Package %s name not found! Using module version.
