06-30 03:59:54.145  2746  2786 D HostConnection: HostComposition ext ANDROID_EMU_CHECKSUM_HELPER_v1 ANDROID_EMU_native_sync_v2 ANDROID_EMU_native_sync_v3 ANDROID_EMU_native_sync_v4 ANDROID_EMU_dma_v1 ANDROID_EMU_host_composition_v1 ANDROID_EMU_host_composition_v2 ANDROID_EMU_vulkan ANDROID_EMU_deferred_vulkan_commands ANDROID_EMU_vulkan_null_optional_strings ANDROID_EMU_vulkan_create_resources_with_requirements ANDROID_EMU_YUV_Cache ANDROID_EMU_vulkan_ignored_handles ANDROID_EMU_has_shared_slots_host_memory_allocator ANDROID_EMU_vulkan_free_memory_sync ANDROID_EMU_vulkan_shader_float16_int8 ANDROID_EMU_vulkan_async_queue_submit ANDROID_EMU_vulkan_queue_submit_with_commands ANDROID_EMU_sync_buffer_data ANDROID_EMU_vulkan_async_qsri GL_OES_EGL_image_external_essl3 GL_OES_vertex_array_object GL_KHR_texture_compression_astc_ldr ANDROID_EMU_host_side_tracing ANDROID_EMU_gles_max_version_3_0
06-30 03:59:54.152  2746  2786 D EGL_emulation: eglCreateContext: 0xb400007c413dd010: maj 3 min 0 rcv 3
06-30 03:59:54.155  2746  2786 D EGL_emulation: eglMakeCurrent: 0xb400007c413dd010: ver 3 0 (tinfo 0x7e580e1280) (first time)
06-30 03:59:54.276  3868  3868 D CompatibilityChangeReporter: Compat change id reported: 160794467; UID 10113; state: DISABLED
06-30 03:59:54.340  1104  3107 I PhenotypeResourceReader: unable to find any Phenotype resource metadata for com.google.android.onetimeinitializer
06-30 03:59:54.368   700   700 D TileServices: Couldn't find tile for ComponentInfo{com.google.android.apps.wellbeing/com.google.android.apps.wellbeing.focusmode.quicksettings.FocusModeTileService}
06-30 03:59:54.492  3339  3581 D EGL_emulation: app_time_stats: avg=19.91ms min=4.68ms max=220.16ms count=42
06-30 03:59:54.508   527   557 I libprocessgroup: Successfully killed process cgroup uid 1000 pid 3415 in 52ms
06-30 03:59:54.521  3339  3339 I ViewInteraction: Performing 'single click' action on view view.getId() is <2131231074/com.example.lunchtray:id/next_button>
06-30 03:59:54.560   312   312 I Zygote  : Process 3415 exited due to signal 9 (Killed)
06-30 03:59:54.749   312   312 D Zygote  : Forked child process 3987
06-30 03:59:54.759   527   557 I libprocessgroup: Successfully killed process cgroup uid 10062 pid 3434 in 46ms
06-30 03:59:54.797  3987  3987 E s.youtube.musi: Not starting debugger since process cannot load the jdwp agent.
06-30 03:59:54.805   312   312 I Zygote  : Process 3434 exited due to signal 9 (Killed)
06-30 03:59:54.862  3987  3987 D CompatibilityChangeReporter: Compat change id reported: 171979766; UID 10120; state: DISABLED
06-30 03:59:54.939  3987  3987 D nativeloader: classloader namespace configured for unbundled product apk. library_path=/product/app/YouTubeMusicPrebuilt/lib/arm64:/product/app/YouTubeMusicPrebuilt/YouTubeMusicPrebuilt.apk!/lib/arm64-v8a:/product/lib64:/system/product/lib64
06-30 03:59:54.968  1104  3107 I PhenotypeResourceReader: unable to find any Phenotype resource metadata for com.google.android.deskclock
06-30 03:59:54.987  3987  3987 V GraphicsEnvironment: ANGLE Developer option for 'com.google.android.apps.youtube.music' set to: 'default'
06-30 03:59:54.987  3987  3987 V GraphicsEnvironment: Neither updatable production driver nor prerelease driver is supported.
06-30 03:59:54.987  1104  1104 D BoundBrokerSvc: onUnbind: Intent { act=com.google.android.gms.nearby.exposurenotification.START dat=chimera-action: cmp=com.google.android.gms/.chimera.PersistentApiServiceNoInstantApps }
06-30 03:59:54.988  1851  1851 D BoundBrokerSvc: onUnbind: Intent { act=com.google.android.gms.chimera.container.moduleinstall.ModuleInstallService.START dat=chimera-action: cmp=com.google.android.gms/.chimera.GmsApiService }
06-30 03:59:54.999  3987  3987 D NetworkSecurityConfig: Using Network Security Config from resource network_security_config debugBuild: false
06-30 03:59:55.012  3987  3987 D NetworkSecurityConfig: Using Network Security Config from resource network_security_config debugBuild: false
06-30 03:59:55.050  3339  3339 I ViewInteraction: Performing 'single click' action on view view.getId() is <2131230835/com.example.lunchtray:id/bread>
06-30 03:59:55.122  2353  2530 E Finsky  : [60] rnb.a(16): ItemStore: getItems RPC failed.
06-30 03:59:55.171  2353  2527 E Finsky  : [58] rnb.a(16): ItemStore: getItems RPC failed.
06-30 03:59:55.187  2353  2537 E Finsky  : [62] rnb.a(16): ItemStore: getItems RPC failed.
06-30 03:59:55.204  2353  2506 E Finsky  : [52] rnb.a(16): ItemStore: getItems RPC failed.
06-30 03:59:55.273  2353  2530 E Finsky  : [60] rnb.a(16): ItemStore: getItems RPC failed.
06-30 03:59:55.273  2353  2530 E Finsky  : [60] rnb.a(16): ItemStore: getItems RPC failed.
06-30 03:59:55.273  2353  2537 E Finsky  : [62] rnb.a(16): ItemStore: getItems RPC failed.
06-30 03:59:55.274  2353  2530 E Finsky  : [60] rnb.a(16): ItemStore: getItems RPC failed.
06-30 03:59:55.274  2353  2530 E Finsky  : [60] rnb.a(16): ItemStore: getItems RPC failed.
06-30 03:59:55.274  2353  2530 E Finsky  : [60] rnb.a(16): ItemStore: getItems RPC failed.
06-30 03:59:55.275  2353  2530 E Finsky  : [60] rnb.a(16): ItemStore: getItems RPC failed.
06-30 03:59:55.276  2353  2530 E Finsky  : [60] rnb.a(16): ItemStore: getItems RPC failed.
06-30 03:59:55.276  2353  2530 E Finsky  : [60] rnb.a(16): ItemStore: getItems RPC failed.
06-30 03:59:55.277  2353  2537 E Finsky  : [62] rnb.a(16): ItemStore: getItems RPC failed.
06-30 03:59:55.277  2353  2537 E Finsky  : [62] rnb.a(16): ItemStore: getItems RPC failed.
06-30 03:59:55.279  2353  2537 E Finsky  : [62] rnb.a(16): ItemStore: getItems RPC failed.
06-30 03:59:55.280  2353  2527 E Finsky  : [58] rnb.a(16): ItemStore: getItems RPC failed.
06-30 03:59:55.280  2353  2530 E Finsky  : [60] rnb.a(16): ItemStore: getItems RPC failed.
06-30 03:59:55.281  2353  2530 E Finsky  : [60] rnb.a(16): ItemStore: getItems RPC failed.
06-30 03:59:55.285  2353  2506 E Finsky  : [52] rnb.a(16): ItemStore: getItems RPC failed.
06-30 03:59:55.285  2353  2527 E Finsky  : [58] rnb.a(16): ItemStore: getItems RPC failed.
06-30 03:59:55.288  2353  2527 E Finsky  : [58] rnb.a(16): ItemStore: getItems RPC failed.
06-30 03:59:55.289  2353  2537 E Finsky  : [62] rnb.a(16): ItemStore: getItems RPC failed.
06-30 03:59:55.289  2353  2537 E Finsky  : [62] rnb.a(16): ItemStore: getItems RPC failed.
06-30 03:59:55.290  2353  2537 E Finsky  : [62] rnb.a(16): ItemStore: getItems RPC failed.
06-30 03:59:55.290  2353  2537 E Finsky  : [62] rnb.a(16): ItemStore: getItems RPC failed.
06-30 03:59:55.292  2353  2506 E Finsky  : [52] rnb.a(16): ItemStore: getItems RPC failed.
06-30 03:59:55.293  2353  2530 E Finsky  : [60] rnb.a(16): ItemStore: getItems RPC failed.
06-30 03:59:55.293  2353  2527 E Finsky  : [58] rnb.a(16): ItemStore: getItems RPC failed.
06-30 03:59:55.293  2353  2530 E Finsky  : [60] rnb.a(16): ItemStore: getItems RPC failed.
06-30 03:59:55.293  2353  2530 E Finsky  : [60] rnb.a(16): ItemStore: getItems RPC failed.
06-30 03:59:55.293  2353  2527 E Finsky  : [58] rnb.a(16): ItemStore: getItems RPC failed.
06-30 03:59:55.293  2353  2530 E Finsky  : [60] rnb.a(16): ItemStore: getItems RPC failed.
06-30 03:59:55.293  2353  2527 E Finsky  : [58] rnb.a(16): ItemStore: getItems RPC failed.
06-30 03:59:55.293  2353  2530 E Finsky  : [60] rnb.a(16): ItemStore: getItems RPC failed.
06-30 03:59:55.293  2353  2527 E Finsky  : [58] rnb.a(16): ItemStore: getItems RPC failed.
06-30 03:59:55.293  2353  2527 E Finsky  : [58] rnb.a(16): ItemStore: getItems RPC failed.
06-30 03:59:55.294  2353  2527 E Finsky  : [58] rnb.a(16): ItemStore: getItems RPC failed.
06-30 03:59:55.294  2353  2506 E Finsky  : [52] rnb.a(16): ItemStore: getItems RPC failed.
06-30 03:59:55.294  2353  2527 E Finsky  : [58] rnb.a(16): ItemStore: getItems RPC failed.
06-30 03:59:55.294  2353  2506 E Finsky  : [52] rnb.a(16): ItemStore: getItems RPC failed.
06-30 03:59:55.294  2353  2527 E Finsky  : [58] rnb.a(16): ItemStore: getItems RPC failed.
06-30 03:59:55.294  2353  2506 E Finsky  : [52] rnb.a(16): ItemStore: getItems RPC failed.
06-30 03:59:55.294  2353  2527 E Finsky  : [58] rnb.a(16): ItemStore: getItems RPC failed.
06-30 03:59:55.294  2353  2506 E Finsky  : [52] rnb.a(16): ItemStore: getItems RPC failed.
06-30 03:59:55.294  2353  2506 E Finsky  : [52] rnb.a(16): ItemStore: getItems RPC failed.
06-30 03:59:55.294  2353  2527 E Finsky  : [58] rnb.a(16): ItemStore: getItems RPC failed.
06-30 03:59:55.295  2353  2527 E Finsky  : [58] rnb.a(16): ItemStore: getItems RPC failed.
06-30 03:59:55.295  2353  2530 E Finsky  : [60] rnb.a(16): ItemStore: getItems RPC failed.
06-30 03:59:55.295  2353  2530 E Finsky  : [60] rnb.a(16): ItemStore: getItems RPC failed.
06-30 03:59:55.295  2353  2506 E Finsky  : [52] rnb.a(16): ItemStore: getItems RPC failed.
06-30 03:59:55.295  2353  2506 E Finsky  : [52] rnb.a(16): ItemStore: getItems RPC failed.
06-30 03:59:55.295  2353  2506 E Finsky  : [52] rnb.a(16): ItemStore: getItems RPC failed.
06-30 03:59:55.296  2353  2527 E Finsky  : [58] rnb.a(16): ItemStore: getItems RPC failed.
06-30 03:59:55.296  2353  2506 E Finsky  : [52] rnb.a(16): ItemStore: getItems RPC failed.
06-30 03:59:55.296  2353  2530 E Finsky  : [60] rnb.a(16): ItemStore: getItems RPC failed.
06-30 03:59:55.296  2353  2506 E Finsky  : [52] rnb.a(16): ItemStore: getItems RPC failed.
06-30 03:59:55.296  2353  2530 E Finsky  : [60] rnb.a(16): ItemStore: getItems RPC failed.
06-30 03:59:55.296  2353  2506 E Finsky  : [52] rnb.a(16): ItemStore: getItems RPC failed.
06-30 03:59:55.296  2353  2527 E Finsky  : [58] rnb.a(16): ItemStore: getItems RPC failed.
06-30 03:59:55.296  2353  2530 E Finsky  : [60] rnb.a(16): ItemStore: getItems RPC failed.
06-30 03:59:55.296  2353  2506 E Finsky  : [52] rnb.a(16): ItemStore: getItems RPC failed.
06-30 03:59:55.296  2353  2506 E Finsky  : [52] rnb.a(16): ItemStore: getItems RPC failed.
06-30 03:59:55.296  2353  2530 E Finsky  : [60] rnb.a(16): ItemStore: getItems RPC failed.
06-30 03:59:55.296  2353  2506 E Finsky  : [52] rnb.a(16): ItemStore: getItems RPC failed.
06-30 03:59:55.296  2353  2530 E Finsky  : [60] rnb.a(16): ItemStore: getItems RPC failed.
06-30 03:59:55.297  2353  2530 E Finsky  : [60] rnb.a(16): ItemStore: getItems RPC failed.
06-30 03:59:55.297  2353  2530 E Finsky  : [60] rnb.a(16): ItemStore: getItems RPC failed.
06-30 03:59:55.297  2353  2506 E Finsky  : [52] rnb.a(16): ItemStore: getItems RPC failed.
06-30 03:59:55.297  2353  2506 E Finsky  : [52] rnb.a(16): ItemStore: getItems RPC failed.
06-30 03:59:55.297  2353  2506 E Finsky  : [52] rnb.a(16): ItemStore: getItems RPC failed.
06-30 03:59:55.297  2353  2506 E Finsky  : [52] rnb.a(16): ItemStore: getItems RPC failed.
06-30 03:59:55.297  2353  2506 E Finsky  : [52] rnb.a(16): ItemStore: getItems RPC failed.
06-30 03:59:55.297  2353  2506 E Finsky  : [52] rnb.a(16): ItemStore: getItems RPC failed.
06-30 03:59:55.297  2353  2527 E Finsky  : [58] rnb.a(16): ItemStore: getItems RPC failed.
06-30 03:59:55.298  2353  2527 E Finsky  : [58] rnb.a(16): ItemStore: getItems RPC failed.
06-30 03:59:55.298  2353  2527 E Finsky  : [58] rnb.a(16): ItemStore: getItems RPC failed.
06-30 03:59:55.298  2353  2506 E Finsky  : [52] rnb.a(16): ItemStore: getItems RPC failed.
06-30 03:59:55.298  2353  2506 E Finsky  : [52] rnb.a(16): ItemStore: getItems RPC failed.
06-30 03:59:55.298  2353  2506 E Finsky  : [52] rnb.a(16): ItemStore: getItems RPC failed.
06-30 03:59:55.298  2353  2527 E Finsky  : [58] rnb.a(16): ItemStore: getItems RPC failed.
06-30 03:59:55.298  2353  2506 E Finsky  : [52] rnb.a(16): ItemStore: getItems RPC failed.
06-30 03:59:55.298  2353  2506 E Finsky  : [52] rnb.a(16): ItemStore: getItems RPC failed.
06-30 03:59:55.298  2353  2506 E Finsky  : [52] rnb.a(16): ItemStore: getItems RPC failed.
06-30 03:59:55.298  2353  2527 E Finsky  : [58] rnb.a(16): ItemStore: getItems RPC failed.
06-30 03:59:55.299  2353  2527 E Finsky  : [58] rnb.a(16): ItemStore: getItems RPC failed.
06-30 03:59:55.299  2353  2506 E Finsky  : [52] rnb.a(16): ItemStore: getItems RPC failed.
06-30 03:59:55.299  2353  2506 E Finsky  : [52] rnb.a(16): ItemStore: getItems RPC failed.
06-30 03:59:55.299  2353  2506 E Finsky  : [52] rnb.a(16): ItemStore: getItems RPC failed.
06-30 03:59:55.299  2353  2506 E Finsky  : [52] rnb.a(16): ItemStore: getItems RPC failed.
06-30 03:59:55.300  2353  2527 E Finsky  : [58] rnb.a(16): ItemStore: getItems RPC failed.
06-30 03:59:55.301  2353  2530 E Finsky  : [60] rnb.a(16): ItemStore: getItems RPC failed.
06-30 03:59:55.301  2353  2506 E Finsky  : [52] rnb.a(16): ItemStore: getItems RPC failed.
06-30 03:59:55.301  2353  2506 E Finsky  : [52] rnb.a(16): ItemStore: getItems RPC failed.
06-30 03:59:55.302  2353  2506 E Finsky  : [52] rnb.a(16): ItemStore: getItems RPC failed.
06-30 03:59:55.302  2353  2506 E Finsky  : [52] rnb.a(16): ItemStore: getItems RPC failed.
06-30 03:59:55.302  2353  2506 E Finsky  : [52] rnb.a(16): ItemStore: getItems RPC failed.
06-30 03:59:55.302  2353  2506 E Finsky  : [52] rnb.a(16): ItemStore: getItems RPC failed.
06-30 03:59:55.302  2353  2506 E Finsky  : [52] rnb.a(16): ItemStore: getItems RPC failed.
06-30 03:59:55.303  2353  2506 E Finsky  : [52] rnb.a(16): ItemStore: getItems RPC failed.
06-30 03:59:55.303  2353  2506 E Finsky  : [52] rnb.a(16): ItemStore: getItems RPC failed.
06-30 03:59:55.303  2353  2506 E Finsky  : [52] rnb.a(16): ItemStore: getItems RPC failed.
06-30 03:59:55.304  2353  2506 E Finsky  : [52] rnb.a(16): ItemStore: getItems RPC failed.
06-30 03:59:55.304  2353  2506 E Finsky  : [52] rnb.a(16): ItemStore: getItems RPC failed.
06-30 03:59:55.304  2353  2506 E Finsky  : [52] rnb.a(16): ItemStore: getItems RPC failed.
06-30 03:59:55.304  2353  2506 E Finsky  : [52] rnb.a(16): ItemStore: getItems RPC failed.
06-30 03:59:55.304  2353  2506 E Finsky  : [52] rnb.a(16): ItemStore: getItems RPC failed.
06-30 03:59:55.304  2353  2506 E Finsky  : [52] rnb.a(16): ItemStore: getItems RPC failed.
06-30 03:59:55.304  2353  2506 E Finsky  : [52] rnb.a(16): ItemStore: getItems RPC failed.
06-30 03:59:55.305  2353  2506 E Finsky  : [52] rnb.a(16): ItemStore: getItems RPC failed.
06-30 03:59:55.305  2353  2506 E Finsky  : [52] rnb.a(16): ItemStore: getItems RPC failed.
06-30 03:59:55.305  2353  2506 E Finsky  : [52] rnb.a(16): ItemStore: getItems RPC failed.
06-30 03:59:55.305  2353  2506 E Finsky  : [52] rnb.a(16): ItemStore: getItems RPC failed.
06-30 03:59:55.305  2353  2506 E Finsky  : [52] rnb.a(16): ItemStore: getItems RPC failed.
06-30 03:59:55.305  2353  2506 E Finsky  : [52] rnb.a(16): ItemStore: getItems RPC failed.
06-30 03:59:55.305  2353  2506 E Finsky  : [52] rnb.a(16): ItemStore: getItems RPC failed.
06-30 03:59:55.306  2353  2506 E Finsky  : [52] rnb.a(16): ItemStore: getItems RPC failed.
06-30 03:59:55.306  2353  2506 E Finsky  : [52] rnb.a(16): ItemStore: getItems RPC failed.
06-30 03:59:55.306  2353  2506 E Finsky  : [52] rnb.a(16): ItemStore: getItems RPC failed.
06-30 03:59:55.306  2353  2527 E Finsky  : [58] rnb.a(16): ItemStore: getItems RPC failed.
06-30 03:59:55.306  2353  2506 E Finsky  : [52] rnb.a(16): ItemStore: getItems RPC failed.
06-30 03:59:55.307  2353  2530 E Finsky  : [60] rnb.a(16): ItemStore: getItems RPC failed.
06-30 03:59:55.307  2353  2530 E Finsky  : [60] rnb.a(16): ItemStore: getItems RPC failed.
06-30 03:59:55.307  2353  2506 E Finsky  : [52] rnb.a(16): ItemStore: getItems RPC failed.
06-30 03:59:55.307  2353  2506 E Finsky  : [52] rnb.a(16): ItemStore: getItems RPC failed.
06-30 03:59:55.307  2353  2537 E Finsky  : [62] rnb.a(16): ItemStore: getItems RPC failed.
06-30 03:59:55.307  2353  2537 E Finsky  : [62] rnb.a(16): ItemStore: getItems RPC failed.
06-30 03:59:55.308  2353  2537 E Finsky  : [62] rnb.a(16): ItemStore: getItems RPC failed.
06-30 03:59:55.308  2353  2537 E Finsky  : [62] rnb.a(16): ItemStore: getItems RPC failed.
06-30 03:59:55.308  2353  2537 E Finsky  : [62] rnb.a(16): ItemStore: getItems RPC failed.
06-30 03:59:55.308  2353  2537 E Finsky  : [62] rnb.a(16): ItemStore: getItems RPC failed.
06-30 03:59:55.308  2353  2537 E Finsky  : [62] rnb.a(16): ItemStore: getItems RPC failed.
06-30 03:59:55.308  2353  2537 E Finsky  : [62] rnb.a(16): ItemStore: getItems RPC failed.
06-30 03:59:55.309  2353  2537 E Finsky  : [62] rnb.a(16): ItemStore: getItems RPC failed.
06-30 03:59:55.309  2353  2537 E Finsky  : [62] rnb.a(16): ItemStore: getItems RPC failed.
06-30 03:59:55.310  2353  2537 E Finsky  : [62] rnb.a(16): ItemStore: getItems RPC failed.
06-30 03:59:55.310  2353  2537 E Finsky  : [62] rnb.a(16): ItemStore: getItems RPC failed.
06-30 03:59:55.310  2353  2537 E Finsky  : [62] rnb.a(16): ItemStore: getItems RPC failed.
06-30 03:59:55.311  2353  2537 E Finsky  : [62] rnb.a(16): ItemStore: getItems RPC failed.
06-30 03:59:55.311  2353  2527 E Finsky  : [58] rnb.a(16): ItemStore: getItems RPC failed.
06-30 03:59:55.311  2353  2537 E Finsky  : [62] rnb.a(16): ItemStore: getItems RPC failed.
06-30 03:59:55.311  2353  2527 E Finsky  : [58] rnb.a(16): ItemStore: getItems RPC failed.
06-30 03:59:55.324  2353  2537 E Finsky  : [62] rnb.a(16): ItemStore: getItems RPC failed.
06-30 03:59:55.324  2353  2506 E Finsky  : [52] rnb.a(16): ItemStore: getItems RPC failed.
06-30 03:59:55.328  2353  2537 E Finsky  : [62] rnb.a(16): ItemStore: getItems RPC failed.
06-30 03:59:55.329  2353  2506 E Finsky  : [52] rnb.a(16): ItemStore: getItems RPC failed.
06-30 03:59:55.329  2353  2506 E Finsky  : [52] rnb.a(16): ItemStore: getItems RPC failed.
06-30 03:59:55.329  2353  2506 E Finsky  : [52] rnb.a(16): ItemStore: getItems RPC failed.
06-30 03:59:55.330  2353  2506 E Finsky  : [52] rnb.a(16): ItemStore: getItems RPC failed.
06-30 03:59:55.330  2353  2506 E Finsky  : [52] rnb.a(16): ItemStore: getItems RPC failed.
06-30 03:59:55.331  2353  2530 E Finsky  : [60] rnb.a(16): ItemStore: getItems RPC failed.
06-30 03:59:55.331  2353  2530 E Finsky  : [60] rnb.a(16): ItemStore: getItems RPC failed.
06-30 03:59:55.331  2353  2530 E Finsky  : [60] rnb.a(16): ItemStore: getItems RPC failed.
06-30 03:59:55.332  2353  2530 E Finsky  : [60] rnb.a(16): ItemStore: getItems RPC failed.
06-30 03:59:55.333  2353  2530 E Finsky  : [60] rnb.a(16): ItemStore: getItems RPC failed.
06-30 03:59:55.333  2353  2530 E Finsky  : [60] rnb.a(16): ItemStore: getItems RPC failed.
06-30 03:59:55.333  2353  2530 E Finsky  : [60] rnb.a(16): ItemStore: getItems RPC failed.
06-30 03:59:55.333  2353  2530 E Finsky  : [60] rnb.a(16): ItemStore: getItems RPC failed.
06-30 03:59:55.333  2353  2530 E Finsky  : [60] rnb.a(16): ItemStore: getItems RPC failed.
06-30 03:59:55.334  2353  2530 E Finsky  : [60] rnb.a(16): ItemStore: getItems RPC failed.
06-30 03:59:55.334  2353  2530 E Finsky  : [60] rnb.a(16): ItemStore: getItems RPC failed.
06-30 03:59:55.334  2353  2530 E Finsky  : [60] rnb.a(16): ItemStore: getItems RPC failed.
06-30 03:59:55.334  2353  2530 E Finsky  : [60] rnb.a(16): ItemStore: getItems RPC failed.
06-30 03:59:55.334  2353  2530 E Finsky  : [60] rnb.a(16): ItemStore: getItems RPC failed.
06-30 03:59:55.335  2353  2530 E Finsky  : [60] rnb.a(16): ItemStore: getItems RPC failed.
06-30 03:59:55.335  2353  2530 E Finsky  : [60] rnb.a(16): ItemStore: getItems RPC failed.
06-30 03:59:55.360  2353  2530 E Finsky  : [60] rnb.a(16): ItemStore: getItems RPC failed.
06-30 03:59:55.361  2353  2530 E Finsky  : [60] rnb.a(16): ItemStore: getItems RPC failed.
06-30 03:59:55.361  2353  2530 E Finsky  : [60] rnb.a(16): ItemStore: getItems RPC failed.
06-30 03:59:55.362  2353  2530 E Finsky  : [60] rnb.a(16): ItemStore: getItems RPC failed.
06-30 03:59:55.362  2353  2506 E Finsky  : [52] rnb.a(16): ItemStore: getItems RPC failed.
06-30 03:59:55.363  2353  2537 E Finsky  : [62] rnb.a(16): ItemStore: getItems RPC failed.
06-30 03:59:55.363  2353  2537 E Finsky  : [62] rnb.a(16): ItemStore: getItems RPC failed.
06-30 03:59:55.364  2353  2537 E Finsky  : [62] rnb.a(16): ItemStore: getItems RPC failed.
06-30 03:59:55.364  2353  2537 E Finsky  : [62] rnb.a(16): ItemStore: getItems RPC failed.
06-30 03:59:55.364  2353  2537 E Finsky  : [62] rnb.a(16): ItemStore: getItems RPC failed.
06-30 03:59:55.365  2353  2537 E Finsky  : [62] rnb.a(16): ItemStore: getItems RPC failed.
06-30 03:59:55.365  2353  2537 E Finsky  : [62] rnb.a(16): ItemStore: getItems RPC failed.
06-30 03:59:55.365  2353  2537 E Finsky  : [62] rnb.a(16): ItemStore: getItems RPC failed.
06-30 03:59:55.365  2353  2527 E Finsky  : [58] rnb.a(16): ItemStore: getItems RPC failed.
06-30 03:59:55.387  3987  4007 W System  : ClassLoader referenced unknown path:
06-30 03:59:55.394  3987  3987 W s.youtube.musi: Accessing hidden field Ljava/util/Collections$SynchronizedCollection;->mutex:Ljava/lang/Object; (max-target-o, reflection, denied)
06-30 03:59:55.395  3987  3987 W s.youtube.musi: Accessing hidden method Ljava/util/Collections$SynchronizedSet;-><init>(Ljava/util/Set;Ljava/lang/Object;)V (max-target-o, reflection, denied)
06-30 03:59:55.395  3987  3987 W s.youtube.musi: Accessing hidden method Ljava/util/Collections$SynchronizedCollection;-><init>(Ljava/util/Collection;Ljava/lang/Object;)V (max-target-o, reflection, denied)
06-30 03:59:55.412  2353  2353 W Finsky  : [2] aadu.b(12): STU: Failed to get storage stats for package 'com.google.android.trichromelibrary' (1601: Error getting stats: android.content.pm.PackageManager.NameNotFoundException)
06-30 03:59:55.443  3339  3339 I ViewInteraction: Performing 'single click' action on view view.getId() is <2131231074/com.example.lunchtray:id/next_button>
06-30 03:59:55.460  2353  2506 I Finsky  : [52] sps.u(7): # auiw@79859d6e not available [restriction=9].
06-30 03:59:55.460  2353  2506 I Finsky  : [52] iyx.z(5): AU: Cannot update unavailable app: pkg=com.google.android.settings.intelligence,restriction=UNAVAILABLE_DEVICE_HARDWARE
06-30 03:59:55.472  2353  2506 I Finsky  : [52] sps.u(7): # auiw@e3d0eaa9 not available [restriction=9].
06-30 03:59:55.473  2353  2506 I Finsky  : [52] iyx.z(5): AU: Cannot update unavailable app: pkg=com.google.android.apps.nexuslauncher,restriction=UNAVAILABLE_DEVICE_HARDWARE
06-30 03:59:55.478  2353  2506 I Finsky  : [52] sps.u(7): # auiw@7979d045 not available [restriction=9].
06-30 03:59:55.478  2353  2506 I Finsky  : [52] iyx.z(5): AU: Cannot update unavailable app: pkg=com.google.android.soundpicker,restriction=UNAVAILABLE_DEVICE_HARDWARE
06-30 03:59:55.482  3987  4025 W DynamiteModule: Local module descriptor class for com.google.android.gms.providerinstaller.dynamite not found.
06-30 03:59:55.485  1104  1391 W ProviderHelper: Unknown dynamite feature providerinstaller.dynamite
06-30 03:59:55.492  2353  2506 I Finsky  : [52] sps.u(7): # auiw@94dd32e2 not available [restriction=9].
06-30 03:59:55.492  2353  2506 I Finsky  : [52] iyx.z(5): AU: Cannot update unavailable app: pkg=com.google.android.projection.gearhead,restriction=UNAVAILABLE_DEVICE_HARDWARE
06-30 03:59:55.523  3339  3581 D EGL_emulation: app_time_stats: avg=20.70ms min=4.11ms max=215.75ms count=41
06-30 03:59:55.533   527  3124 D ConnectivityService: requestNetwork for uid/pid:10120/3987 activeRequest: null callbackRequest: 126 [NetworkRequest [ REQUEST id=127, [ Capabilities: INTERNET&NOT_RESTRICTED&TRUSTED&NOT_VCN_MANAGED Uid: 10120 RequestorUid: 10120 RequestorPkg: com.google.android.apps.youtube.music] ]] callback flags: 0 priority: 2147483647
06-30 03:59:55.535   527   646 D ConnectivityService: NetReassign [127 : null  101]
06-30 03:59:55.547   527   639 D WifiNetworkFactory: got request NetworkRequest [ REQUEST id=127, [ Capabilities: INTERNET&NOT_RESTRICTED&TRUSTED&NOT_VCN_MANAGED Uid: 10120 RequestorUid: 10120 RequestorPkg: com.google.android.apps.youtube.music] ]
06-30 03:59:55.548   527   639 D UntrustedWifiNetworkFactory: got request NetworkRequest [ REQUEST id=127, [ Capabilities: INTERNET&NOT_RESTRICTED&TRUSTED&NOT_VCN_MANAGED Uid: 10120 RequestorUid: 10120 RequestorPkg: com.google.android.apps.youtube.music] ]
06-30 03:59:55.548   527   639 D OemPaidWifiNetworkFactory: got request NetworkRequest [ REQUEST id=127, [ Capabilities: INTERNET&NOT_RESTRICTED&TRUSTED&NOT_VCN_MANAGED Uid: 10120 RequestorUid: 10120 RequestorPkg: com.google.android.apps.youtube.music] ]
06-30 03:59:55.569  3987  4025 W ProviderInstaller: Failed to load providerinstaller module: No acceptable module found. Local version is 0 and remote version is 0.
06-30 03:59:55.599  3987  4049 E GEL_DELAYED_EVENT_DEBUG: Failed delayed event dispatch, no dispatchers.
06-30 03:59:55.623  2353  2506 I Finsky  : [52] iqr.accept(30): AIM: AppInfoManager-Perf > getApps > data collection finished
06-30 03:59:55.642  2353  2506 I Finsky  : [52] yrv.r(4): SCH: jobFinished: 10-101. TimeElapsed: 4559ms.
06-30 03:59:55.697  3987  4027 E AwarenessClientProvider: Account associated with identity was null
06-30 03:59:55.706  3987  4027 E AwarenessRouterSyncMgr: Exception while syncing fences
06-30 03:59:55.706  3987  4027 E AwarenessRouterSyncMgr: java.util.concurrent.ExecutionException: java.lang.IllegalStateException: Account associated with identity was null
06-30 03:59:55.706  3987  4027 E AwarenessRouterSyncMgr: 	at acyh.s(PG:6)
06-30 03:59:55.706  3987  4027 E AwarenessRouterSyncMgr: 	at acyh.get(PG:4)
06-30 03:59:55.706  3987  4027 E AwarenessRouterSyncMgr: 	at adbz.a(PG:1)
06-30 03:59:55.706  3987  4027 E AwarenessRouterSyncMgr: 	at adaq.p(PG:2)
06-30 03:59:55.706  3987  4027 E AwarenessRouterSyncMgr: 	at gzf.run(PG:1)
06-30 03:59:55.706  3987  4027 E AwarenessRouterSyncMgr: 	at nwe.run(PG:1)
06-30 03:59:55.706  3987  4027 E AwarenessRouterSyncMgr: 	at java.util.concurrent.ThreadPoolExecutor.runWorker(ThreadPoolExecutor.java:1167)
06-30 03:59:55.706  3987  4027 E AwarenessRouterSyncMgr: 	at java.util.concurrent.ThreadPoolExecutor$Worker.run(ThreadPoolExecutor.java:641)
06-30 03:59:55.706  3987  4027 E AwarenessRouterSyncMgr: 	at nvp.run(PG:2)
06-30 03:59:55.706  3987  4027 E AwarenessRouterSyncMgr: 	at nvf.run(PG:2)
06-30 03:59:55.706  3987  4027 E AwarenessRouterSyncMgr: 	at java.lang.Thread.run(Thread.java:920)
06-30 03:59:55.706  3987  4027 E AwarenessRouterSyncMgr: Caused by: java.lang.IllegalStateException: Account associated with identity was null
06-30 03:59:55.706  3987  4027 E AwarenessRouterSyncMgr: 	at gyl.a(PG:3)
06-30 03:59:55.706  3987  4027 E AwarenessRouterSyncMgr: 	at acyj.f(PG:2)
06-30 03:59:55.706  3987  4027 E AwarenessRouterSyncMgr: 	at acyl.run(PG:9)
06-30 03:59:55.706  3987  4027 E AwarenessRouterSyncMgr: 	... 6 more
06-30 03:59:55.729  2353  2621 I Finsky  : [82] ysp.a(111): SCH: Satisfied jobs for 9860 are: 10-1, 10-3, 10-9, 10-12, 10-14, 10-20, 10-33, 10-41, 10-46, 10-47, 10-53, 10-73, 10-76, 10-82, 10-87, 10-98, 10-113, 37-53
06-30 03:59:55.797  2353  4060 I Finsky  : [130] ysh.accept(68): SCH: Job 10-1 starting
06-30 03:59:55.851  2353  4060 I Finsky  : [130] ysh.accept(68): SCH: Job 10-3 starting
06-30 03:59:55.854  2353  2353 I PlayCore: UID: [10099]  PID: [2353] StandardIntegrity : warmUpIntegrityToken(815409574534)
06-30 03:59:55.856  2353  4060 I Finsky  : [130] ysh.accept(68): SCH: Job 10-9 starting
06-30 03:59:55.856  2353  4060 I Finsky  : [130] ysh.accept(68): SCH: Job 10-12 starting
06-30 03:59:55.857  2353  4068 I PlayCore: UID: [10099]  PID: [2353] StandardIntegrity : Initiate binding to the service.
06-30 03:59:55.874  2353  2461 I Finsky  : [44] yrv.r(4): SCH: jobFinished: 10-9. TimeElapsed: 5ms.
06-30 03:59:55.877  2353  2541 I PlayCommon: [63] alko.j(32): Preparing logs for uploading
06-30 03:59:55.892  2353  2541 W PlayCommon: [63] alko.l(1): No account for auth token provided
06-30 03:59:55.893  2353  2541 I PlayCommon: [63] alko.j(183): Connecting to server: https://play.googleapis.com/play/log?format=raw&proto_v2=true
06-30 03:59:55.904  2353  2353 I Finsky  : [2] ysh.accept(68): SCH: Job 10-14 starting
06-30 03:59:55.905  2353  2353 I PlayCore: UID: [10099]  PID: [2353] StandardIntegrity : ServiceConnectionImpl.onServiceConnected(ComponentInfo{com.android.vending/com.google.android.finsky.expressintegrityservice.ExpressIntegrityService})
06-30 03:59:55.906  2353  2353 I Finsky  : [2] InstantAppsEnabledStatusSyncHygieneJob.a(3): Instant App status sync triggered from migrated hygiene.
06-30 03:59:55.906  2353  4068 I PlayCore: UID: [10099]  PID: [2353] StandardIntegrity : linkToDeath
06-30 03:59:55.918  2353  2527 I Finsky  : [58] paq.call(8): Enqueue status sync job.
06-30 03:59:55.920  2353  2537 W Settings: Setting install_non_market_apps has moved from android.provider.Settings.Global to android.provider.Settings.Secure, returning read-only value.
06-30 03:59:55.924  3987  4054 W GoogleTagManager: Failed to extract the container from the resource file. Resource is a UTF-8 encoded string but doesn't contain a JSON container
06-30 03:59:55.925  3339  3339 I ViewInteraction: Performing 'single click' action on view view.getId() is <2131231224/com.example.lunchtray:id/submit_button>
06-30 03:59:55.929   527  2581 D ConnectivityService: requestNetwork for uid/pid:10120/3987 activeRequest: null callbackRequest: 128 [NetworkRequest [ REQUEST id=129, [ Capabilities: INTERNET&NOT_RESTRICTED&TRUSTED&NOT_VCN_MANAGED Uid: 10120 RequestorUid: 10120 RequestorPkg: com.google.android.apps.youtube.music] ]] callback flags: 0 priority: 2147483647
06-30 03:59:55.929  2353  2527 I Finsky  : [58] yrv.r(4): SCH: jobFinished: 10-14. TimeElapsed: 23ms.
06-30 03:59:55.929   527   646 D ConnectivityService: NetReassign [129 : null  101]
06-30 03:59:55.932   527   639 D WifiNetworkFactory: got request NetworkRequest [ REQUEST id=129, [ Capabilities: INTERNET&NOT_RESTRICTED&TRUSTED&NOT_VCN_MANAGED Uid: 10120 RequestorUid: 10120 RequestorPkg: com.google.android.apps.youtube.music] ]
06-30 03:59:55.932   527   639 D UntrustedWifiNetworkFactory: got request NetworkRequest [ REQUEST id=129, [ Capabilities: INTERNET&NOT_RESTRICTED&TRUSTED&NOT_VCN_MANAGED Uid: 10120 RequestorUid: 10120 RequestorPkg: com.google.android.apps.youtube.music] ]
06-30 03:59:55.932   527   639 D OemPaidWifiNetworkFactory: got request NetworkRequest [ REQUEST id=129, [ Capabilities: INTERNET&NOT_RESTRICTED&TRUSTED&NOT_VCN_MANAGED Uid: 10120 RequestorUid: 10120 RequestorPkg: com.google.android.apps.youtube.music] ]
06-30 03:59:55.938   527   646 D ConnectivityService: NetReassign [no changes]
06-30 03:59:55.940  3987  4061 D CompatibilityChangeReporter: Compat change id reported: 160794467; UID 10120; state: DISABLED
06-30 03:59:55.945  2353  2537 W Settings: Setting download_manager_max_bytes_over_mobile has moved from android.provider.Settings.Secure to android.provider.Settings.Global.
06-30 03:59:55.946  2353  2537 I Finsky  : [62] yrv.r(4): SCH: jobFinished: 10-1. TimeElapsed: 112ms.
06-30 03:59:55.950  1104  3107 I PhenotypeResourceReader: unable to find any Phenotype resource metadata for com.google.android.modulemetadata
06-30 03:59:55.962  2353  2353 I Finsky  : [2] ysh.accept(68): SCH: Job 10-20 starting
06-30 03:59:55.967  2353  2353 I Finsky  : [2] DeferredVpaNotificationHygieneJob.a(1): Start Vpa Service for Deferred Setup Notification
06-30 03:59:55.970  2353  2353 I Finsky  : [2] DeferredVpaNotificationHygieneJob.a(8): setup::PAI: Deferred PAI is not allowed
06-30 03:59:55.971  2353  2353 I Finsky  : [2] yrv.r(4): SCH: jobFinished: 10-20. TimeElapsed: 7ms.
06-30 03:59:56.005  1104  3107 I PhenotypeResourceReader: unable to find any Phenotype resource metadata for com.google.android.webview
06-30 03:59:56.010  1104  3107 I PhenotypeResourceReader: unable to find any Phenotype resource metadata for com.google.android.syncadapters.contacts
06-30 03:59:56.014  2353  2353 I Finsky  : [2] ysh.accept(68): SCH: Job 10-33 starting
06-30 03:59:56.015  1104  3107 I PhenotypeResourceReader: unable to find any Phenotype resource metadata for com.android.chrome
06-30 03:59:56.016  2353  2353 I Finsky  : [2] ysh.accept(68): SCH: Job 10-41 starting
06-30 03:59:56.017  2353  2353 I Finsky  : [2] AutoUpdateHygieneJob.a(7): AU2: hygiene task started
06-30 03:59:56.033  2353  2353 I Finsky  : [2] InstantAppsArchivePrefetchHygieneJob.a(2): Instant Apps archive prefetch triggered from hygiene.
06-30 03:59:56.065  2353  2541 I PlayCommon: [63] alko.j(220): Successfully uploaded logs.
06-30 03:59:56.074  2353  2353 I Finsky  : [2] yrv.r(4): SCH: jobFinished: 10-41. TimeElapsed: 41ms.
06-30 03:59:56.084   699   699 V MediaPlayerList: mPackageChangedBroadcastReceiver: action: android.intent.action.PACKAGE_CHANGED
06-30 03:59:56.085   699   699 D MediaPlayerList: Name of package changed: com.google.android.apps.docs
06-30 03:59:56.097   527   614 I RoleService: Granting default roles...
06-30 03:59:56.116  2353  2353 I Finsky  : [2] ysh.accept(68): SCH: Job 10-46 starting
06-30 03:59:56.117  2353  2353 I Finsky  : [2] yrv.r(4): SCH: jobFinished: 10-46. TimeElapsed: 1ms.
06-30 03:59:56.118  3987  3987 W YT.MDX.tyl: CastAppId for type 0 not found. Defaulting to mainCastAppId.
06-30 03:59:56.127  3987  3987 W YT.MDX.tyl: CastAppId for type 0 not found. Defaulting to mainCastAppId.
06-30 03:59:56.129  2353  2353 W CarApp.Conn: Null response from content provider when checking connection to the car, treating as disconnected
06-30 03:59:56.130  2353  2353 I Finsky  : [2] pao.afk(3): GH::GSM: IsProjecting:false
06-30 03:59:56.130  2353  2353 I Finsky  : [2] pao.afk(8): GH::GSM: Gearhead listeners Notified that Projection is: false
06-30 03:59:56.143  2353  2353 I Finsky  : [2] kcy.b(33): AU2: Successfully cleaned-up UpdateFailureHistory
06-30 03:59:56.160  2353  2353 I Finsky  : [2] ysh.accept(68): SCH: Job 10-47 starting
06-30 03:59:56.165  2353  2621 I Finsky  : [82] kcy.b(26): [Counters Flush] finished, scheduled=false
06-30 03:59:56.165  2353  2621 I Finsky  : [82] yrv.r(4): SCH: jobFinished: 10-47. TimeElapsed: 5ms.
06-30 03:59:56.185  1273  4076 W Role    : Cannot get ApplicationInfo for default holder: com.google.android.contacts
06-30 03:59:56.186  2353  2353 I Finsky  : [2] ysh.accept(68): SCH: Job 10-53 starting
06-30 03:59:56.187  2353  2353 I Finsky  : [2] yrv.r(4): SCH: jobFinished: 10-53. TimeElapsed: 1ms.
06-30 03:59:56.188  1273  4076 W Role    : Cannot get ApplicationInfo for default holder: com.google.android.as
06-30 03:59:56.204  2353  2353 I Finsky  : [2] ysh.accept(68): SCH: Job 10-73 starting
06-30 03:59:56.205  2787  2787 I Finsky:background: [2] rir.onCreate(2): IPC-SERVER: Starting gRPC host service...
06-30 03:59:56.207  2353  4084 I Finsky  : [134] yrv.r(4): SCH: jobFinished: 10-73. TimeElapsed: 2ms.
06-30 03:59:56.210  2353  2537 I PlayCore: UID: [10099]  PID: [2353] OnWarmUpIntegrityTokenCallback : onWarmUpExpressIntegrityToken
06-30 03:59:56.211  2353  4068 I PlayCore: UID: [10099]  PID: [2353] StandardIntegrity : Unbind from service.
06-30 03:59:56.217  2353  2459 I PlayCore: UID: [10099]  PID: [2353] StandardIntegrity : requestExpressIntegrityToken(-3544378915876774311)
06-30 03:59:56.239  2353  4068 I PlayCore: UID: [10099]  PID: [2353] StandardIntegrity : Initiate binding to the service.
06-30 03:59:56.241   527   619 I InputReader: Reconfiguring input devices, changes=KEYBOARD_LAYOUTS |
06-30 03:59:56.241   527   554 E system_server: No package ID 7f found for ID 0x7f0802ab.
06-30 03:59:56.241   527   554 E system_server: No package ID 7f found for ID 0x7f13050b.
06-30 03:59:56.241   527   554 E system_server: No package ID 7f found for ID 0x7f13050b.
06-30 03:59:56.241   527   554 E system_server: No package ID 7f found for ID 0x7f0802a7.
06-30 03:59:56.241   527   554 E system_server: No package ID 7f found for ID 0x7f130509.
06-30 03:59:56.241   527   554 E system_server: No package ID 7f found for ID 0x7f130509.
06-30 03:59:56.241   527   554 E system_server: No package ID 7f found for ID 0x7f0802a9.
06-30 03:59:56.241   527   554 E system_server: No package ID 7f found for ID 0x7f13050a.
06-30 03:59:56.241   527   554 E system_server: No package ID 7f found for ID 0x7f13050a.
06-30 03:59:56.268   527  2581 D ConnectivityService: requestNetwork for uid/pid:10120/3987 activeRequest: null callbackRequest: 131 [NetworkRequest [ REQUEST id=132, [ Capabilities: INTERNET&NOT_RESTRICTED&TRUSTED&NOT_VCN_MANAGED Uid: 10120 RequestorUid: 10120 RequestorPkg: com.google.android.apps.youtube.music] ]] callback flags: 0 priority: 2147483647
06-30 03:59:56.269  1104  1104 D BoundBrokerSvc: onBind: Intent { act=com.google.android.gms.apperrors.service.START_APP_ERROR dat=chimera-action: cmp=com.google.android.gms/.chimera.PersistentApiService }
06-30 03:59:56.269  1104  1104 D BoundBrokerSvc: Loading bound service for intent: Intent { act=com.google.android.gms.apperrors.service.START_APP_ERROR dat=chimera-action: cmp=com.google.android.gms/.chimera.PersistentApiService }
06-30 03:59:56.270   527   646 D ConnectivityService: NetReassign [132 : null  101]
06-30 03:59:56.285   527   639 D WifiNetworkFactory: got request NetworkRequest [ REQUEST id=132, [ Capabilities: INTERNET&NOT_RESTRICTED&TRUSTED&NOT_VCN_MANAGED Uid: 10120 RequestorUid: 10120 RequestorPkg: com.google.android.apps.youtube.music] ]
06-30 03:59:56.286   527   639 D UntrustedWifiNetworkFactory: got request NetworkRequest [ REQUEST id=132, [ Capabilities: INTERNET&NOT_RESTRICTED&TRUSTED&NOT_VCN_MANAGED Uid: 10120 RequestorUid: 10120 RequestorPkg: com.google.android.apps.youtube.music] ]
06-30 03:59:56.286   527   639 D OemPaidWifiNetworkFactory: got request NetworkRequest [ REQUEST id=132, [ Capabilities: INTERNET&NOT_RESTRICTED&TRUSTED&NOT_VCN_MANAGED Uid: 10120 RequestorUid: 10120 RequestorPkg: com.google.android.apps.youtube.music] ]
06-30 03:59:56.304   870   870 D CarrierSvcBindHelper: No carrier app for: 0
06-30 03:59:56.331   870   870 D ImsResolver: maybeAddedImsService, packageName: com.google.android.apps.docs
06-30 03:59:56.333  1273  1288 I PermissionControllerServiceImpl: Updating user sensitive for uid 10124
06-30 03:59:56.361  1104  4083 I Fitness : (REDACTED) OnPackageChangedOperation got intent: %s
06-30 03:59:56.383  1273  4076 W Role    : Cannot get ApplicationInfo for default holder: com.google.android.as
06-30 03:59:56.387  1273  4076 W Role    : Cannot get ApplicationInfo for default holder: com.google.android.as
06-30 03:59:56.441  3339  3339 I ViewInteraction: Checking 'MatchesViewAssertion{viewMatcher=(view has effective visibility <VISIBLE> and view.getGlobalVisibleRect() to return non-empty rectangle)}' assertion on view an instance of android.widget.TextView and view.getText() with or without transformation to match: a string containing "Order Submitted!"
06-30 03:59:56.444  3339  3563 I TestRunner: finished: order_snackbar(com.example.lunchtray.OrderFunctionalityTests)
