06-30 04:00:15.610  4678  4799 D StrictMode: StrictMode policy violation; ~duration=275 ms: android.os.strictmode.DiskReadViolation
06-30 04:00:15.610  4678  4799 D StrictMode: 	at android.os.StrictMode$AndroidBlockGuardPolicy.onReadFromDisk(StrictMode.java:1659)
06-30 04:00:15.610  4678  4799 D StrictMode: 	at sun.nio.ch.FileChannelImpl.map(FileChannelImpl.java:982)
06-30 04:00:15.610  4678  4799 D StrictMode: 	at android.graphics.fonts.Font$Builder.<init>(Font.java:168)
06-30 04:00:15.610  4678  4799 D StrictMode: 	at android.graphics.fonts.Font$Builder.<init>(Font.java:153)
06-30 04:00:15.610  4678  4799 D StrictMode: 	at axx.a(PG:4)
06-30 04:00:15.610  4678  4799 D StrictMode: 	at axt.c(PG:1)
06-30 04:00:15.610  4678  4799 D StrictMode: 	at ayc.f(PG:1)
06-30 04:00:15.610  4678  4799 D StrictMode: 	at big.a(PG:14)
06-30 04:00:15.610  4678  4799 D StrictMode: 	at aoz.run(PG:25)
06-30 04:00:15.610  4678  4799 D StrictMode: 	at android.os.Handler.handleCallback(Handler.java:938)
06-30 04:00:15.610  4678  4799 D StrictMode: 	at android.os.Handler.dispatchMessage(Handler.java:99)
06-30 04:00:15.610  4678  4799 D StrictMode: 	at android.os.Looper.loopOnce(Looper.java:201)
06-30 04:00:15.610  4678  4799 D StrictMode: 	at android.os.Looper.loop(Looper.java:288)
06-30 04:00:15.610  4678  4799 D StrictMode: 	at pku.run(PG:4)
06-30 04:00:15.610  4678  4799 D StrictMode: 	at ouc.run(PG:27)
06-30 04:00:15.610  4678  4799 D StrictMode: 	at java.lang.Thread.run(Thread.java:920)
06-30 04:00:15.610  4678  4799 D StrictMode: 	at plt.run(PG:5)
06-30 04:00:15.610  4678  4799 D StrictMode: StrictMode policy violation; ~duration=252 ms: android.os.strictmode.DiskReadViolation
06-30 04:00:15.610  4678  4799 D StrictMode: 	at android.os.StrictMode$AndroidBlockGuardPolicy.onReadFromDisk(StrictMode.java:1659)
06-30 04:00:15.610  4678  4799 D StrictMode: 	at sun.nio.ch.FileDispatcherImpl.size(FileDispatcherImpl.java:106)
06-30 04:00:15.610  4678  4799 D StrictMode: 	at sun.nio.ch.FileChannelImpl.size(FileChannelImpl.java:359)
06-30 04:00:15.610  4678  4799 D StrictMode: 	at axd.c(PG:5)
06-30 04:00:15.610  4678  4799 D StrictMode: 	at big.a(PG:15)
06-30 04:00:15.610  4678  4799 D StrictMode: 	at aoz.run(PG:25)
06-30 04:00:15.610  4678  4799 D StrictMode: 	at android.os.Handler.handleCallback(Handler.java:938)
06-30 04:00:15.610  4678  4799 D StrictMode: 	at android.os.Handler.dispatchMessage(Handler.java:99)
06-30 04:00:15.610  4678  4799 D StrictMode: 	at android.os.Looper.loopOnce(Looper.java:201)
06-30 04:00:15.610  4678  4799 D StrictMode: 	at android.os.Looper.loop(Looper.java:288)
06-30 04:00:15.610  4678  4799 D StrictMode: 	at pku.run(PG:4)
06-30 04:00:15.610  4678  4799 D StrictMode: 	at ouc.run(PG:27)
06-30 04:00:15.610  4678  4799 D StrictMode: 	at java.lang.Thread.run(Thread.java:920)
06-30 04:00:15.610  4678  4799 D StrictMode: 	at plt.run(PG:5)
06-30 04:00:15.611  4678  4799 D StrictMode: StrictMode policy violation; ~duration=252 ms: android.os.strictmode.DiskReadViolation
06-30 04:00:15.611  4678  4799 D StrictMode: 	at android.os.StrictMode$AndroidBlockGuardPolicy.onReadFromDisk(StrictMode.java:1659)
06-30 04:00:15.611  4678  4799 D StrictMode: 	at sun.nio.ch.FileDispatcherImpl.size(FileDispatcherImpl.java:106)
06-30 04:00:15.611  4678  4799 D StrictMode: 	at sun.nio.ch.FileChannelImpl.map(FileChannelImpl.java:945)
06-30 04:00:15.611  4678  4799 D StrictMode: 	at axd.c(PG:6)
06-30 04:00:15.611  4678  4799 D StrictMode: 	at big.a(PG:15)
06-30 04:00:15.611  4678  4799 D StrictMode: 	at aoz.run(PG:25)
06-30 04:00:15.611  4678  4799 D StrictMode: 	at android.os.Handler.handleCallback(Handler.java:938)
06-30 04:00:15.611  4678  4799 D StrictMode: 	at android.os.Handler.dispatchMessage(Handler.java:99)
06-30 04:00:15.611  4678  4799 D StrictMode: 	at android.os.Looper.loopOnce(Looper.java:201)
06-30 04:00:15.611  4678  4799 D StrictMode: 	at android.os.Looper.loop(Looper.java:288)
06-30 04:00:15.611  4678  4799 D StrictMode: 	at pku.run(PG:4)
06-30 04:00:15.611  4678  4799 D StrictMode: 	at ouc.run(PG:27)
06-30 04:00:15.611  4678  4799 D StrictMode: 	at java.lang.Thread.run(Thread.java:920)
06-30 04:00:15.611  4678  4799 D StrictMode: 	at plt.run(PG:5)
06-30 04:00:15.611  4678  4799 D StrictMode: StrictMode policy violation; ~duration=252 ms: android.os.strictmode.DiskReadViolation
06-30 04:00:15.611  4678  4799 D StrictMode: 	at android.os.StrictMode$AndroidBlockGuardPolicy.onReadFromDisk(StrictMode.java:1659)
06-30 04:00:15.611  4678  4799 D StrictMode: 	at sun.nio.ch.FileChannelImpl.map(FileChannelImpl.java:982)
06-30 04:00:15.611  4678  4799 D StrictMode: 	at axd.c(PG:6)
06-30 04:00:15.611  4678  4799 D StrictMode: 	at big.a(PG:15)
06-30 04:00:15.611  4678  4799 D StrictMode: 	at aoz.run(PG:25)
06-30 04:00:15.611  4678  4799 D StrictMode: 	at android.os.Handler.handleCallback(Handler.java:938)
06-30 04:00:15.611  4678  4799 D StrictMode: 	at android.os.Handler.dispatchMessage(Handler.java:99)
06-30 04:00:15.611  4678  4799 D StrictMode: 	at android.os.Looper.loopOnce(Looper.java:201)
06-30 04:00:15.611  4678  4799 D StrictMode: 	at android.os.Looper.loop(Looper.java:288)
06-30 04:00:15.611  4678  4799 D StrictMode: 	at pku.run(PG:4)
06-30 04:00:15.611  4678  4799 D StrictMode: 	at ouc.run(PG:27)
06-30 04:00:15.611  4678  4799 D StrictMode: 	at java.lang.Thread.run(Thread.java:920)
06-30 04:00:15.611  4678  4799 D StrictMode: 	at plt.run(PG:5)
06-30 04:00:15.612  4898  4898 I MultiDex: VM with version 2.1.0 has multidex support
06-30 04:00:15.613  4898  4898 I MultiDex: install
06-30 04:00:15.613  4898  4898 I MultiDex: VM has multidex support, MultiDex support library is disabled.
06-30 04:00:15.654  1851  1851 D BoundBrokerSvc: onBind: Intent { act=com.google.android.gms.measurement.START pkg=com.google.android.gms }
06-30 04:00:15.655  1851  1851 D BoundBrokerSvc: Loading bound service for intent: Intent { act=com.google.android.gms.measurement.START pkg=com.google.android.gms }
06-30 04:00:15.700  3339  3581 D EGL_emulation: app_time_stats: avg=23.03ms min=3.90ms max=325.54ms count=52
06-30 04:00:15.870  4898  4942 W .apps.wellbein: Accessing hidden field Ljava/util/Collections$SynchronizedCollection;->mutex:Ljava/lang/Object; (max-target-o, reflection, denied)
06-30 04:00:15.870  4898  4942 W .apps.wellbein: Accessing hidden method Ljava/util/Collections$SynchronizedSet;-><init>(Ljava/util/Set;Ljava/lang/Object;)V (max-target-o, reflection, denied)
06-30 04:00:15.870  4898  4942 W .apps.wellbein: Accessing hidden method Ljava/util/Collections$SynchronizedCollection;-><init>(Ljava/util/Collection;Ljava/lang/Object;)V (max-target-o, reflection, denied)
06-30 04:00:15.889  4898  4898 I jsr     : SslGuard completed installation.
06-30 04:00:15.916  3339  3339 I ViewInteraction: Checking 'MatchesViewAssertion{viewMatcher=an instance of android.widget.TextView and view.getText() with or without transformation to match: a string containing "Subtotal: $5.50"}' assertion on view view.getId() is <2131231225/com.example.lunchtray:id/subtotal>
06-30 04:00:15.920  3339  3339 I ViewInteraction: Performing 'single click' action on view view.getId() is <2131231183/com.example.lunchtray:id/skillet>
06-30 04:00:16.104   527   557 I libprocessgroup: Successfully killed process cgroup uid 10096 pid 4183 in 0ms
06-30 04:00:16.121   312   312 I Zygote  : Process 4183 exited due to signal 9 (Killed)
06-30 04:00:16.142  4870  4948 D CompatibilityChangeReporter: Compat change id reported: 160794467; UID 10116; state: ENABLED
06-30 04:00:16.254  4870  4950 W System  : ClassLoader referenced unknown path:
06-30 04:00:16.274  4898  4967 W DynamiteModule: Local module descriptor class for com.google.android.gms.googlecertificates not found.
06-30 04:00:16.290  4898  4967 D StrictMode: StrictMode policy violation: android.os.strictmode.CustomViolation: gcore.dynamite
06-30 04:00:16.290  4898  4967 D StrictMode: 	at android.os.StrictMode$AndroidBlockGuardPolicy.onCustomSlowCall(StrictMode.java:1626)
06-30 04:00:16.290  4898  4967 D StrictMode: 	at android.os.StrictMode.noteSlowCall(StrictMode.java:2694)
06-30 04:00:16.290  4898  4967 D StrictMode: 	at acme.a(:com.google.android.gms@232216044@23.22.16 (190400-540586286):0)
06-30 04:00:16.290  4898  4967 D StrictMode: 	at com.google.android.gms.chimera.container.GmsModuleChimeraProvider.query(:com.google.android.gms@232216044@23.22.16 (190400-540586286):10)
06-30 04:00:16.290  4898  4967 D StrictMode: 	at zgm.query(:com.google.android.gms@232216044@23.22.16 (190400-540586286):3)
06-30 04:00:16.290  4898  4967 D StrictMode: 	at android.content.ContentProvider.query(ContentProvider.java:1408)
06-30 04:00:16.290  4898  4967 D StrictMode: 	at hhq.superQuery(:com.google.android.gms@232216044@23.22.16 (190400-540586286):2)
06-30 04:00:16.290  4898  4967 D StrictMode: 	at com.google.android.chimera.ContentProvider.query(:com.google.android.gms@232216044@23.22.16 (190400-540586286):2)
06-30 04:00:16.290  4898  4967 D StrictMode: 	at zgm.query(:com.google.android.gms@232216044@23.22.16 (190400-540586286):9)
06-30 04:00:16.290  4898  4967 D StrictMode: 	at android.content.ContentProvider.query(ContentProvider.java:1504)
06-30 04:00:16.290  4898  4967 D StrictMode: 	at hhq.superQuery(:com.google.android.gms@232216044@23.22.16 (190400-540586286):1)
06-30 04:00:16.290  4898  4967 D StrictMode: 	at com.google.android.chimera.ContentProvider.query(:com.google.android.gms@232216044@23.22.16 (190400-540586286):1)
06-30 04:00:16.290  4898  4967 D StrictMode: 	at hhq.query(:com.google.android.gms@232216044@23.22.16 (190400-540586286):2)
06-30 04:00:16.290  4898  4967 D StrictMode: 	at android.content.ContentProvider$Transport.query(ContentProvider.java:272)
06-30 04:00:16.290  4898  4967 D StrictMode: 	at android.content.ContentProviderNative.onTransact(ContentProviderNative.java:107)
06-30 04:00:16.290  4898  4967 D StrictMode: 	at android.os.Binder.execTransactInternal(Binder.java:1179)
06-30 04:00:16.290  4898  4967 D StrictMode: 	at android.os.Binder.execTransact(Binder.java:1143)
06-30 04:00:16.290  4898  4967 D StrictMode: # via Binder call with stack:
06-30 04:00:16.290  4898  4967 D StrictMode: 	at android.os.StrictMode.readAndHandleBinderCallViolations(StrictMode.java:2497)
06-30 04:00:16.290  4898  4967 D StrictMode: 	at android.os.Parcel.readExceptionCode(Parcel.java:2370)
06-30 04:00:16.290  4898  4967 D StrictMode: 	at android.database.DatabaseUtils.readExceptionFromParcel(DatabaseUtils.java:139)
06-30 04:00:16.290  4898  4967 D StrictMode: 	at android.content.ContentProviderProxy.query(ContentProviderNative.java:481)
06-30 04:00:16.290  4898  4967 D StrictMode: 	at android.content.ContentResolver.query(ContentResolver.java:1219)
06-30 04:00:16.290  4898  4967 D StrictMode: 	at android.content.ContentResolver.query(ContentResolver.java:1151)
06-30 04:00:16.290  4898  4967 D StrictMode: 	at android.content.ContentResolver.query(ContentResolver.java:1107)
06-30 04:00:16.290  4898  4967 D StrictMode: 	at hzi.e(PG:10)
06-30 04:00:16.290  4898  4967 D StrictMode: 	at hzi.b(PG:10)
06-30 04:00:16.290  4898  4967 D StrictMode: 	at hza.b(PG:1)
06-30 04:00:16.290  4898  4967 D StrictMode: 	at hzb.a(PG:4)
06-30 04:00:16.290  4898  4967 D StrictMode: 	at hzi.c(PG:5)
06-30 04:00:16.290  4898  4967 D StrictMode: 	at hpm.f(PG:4)
06-30 04:00:16.290  4898  4967 D StrictMode: 	at hpm.b(PG:2)
06-30 04:00:16.290  4898  4967 D StrictMode: 	at hpu.b(PG:2)
06-30 04:00:16.290  4898  4967 D StrictMode: 	at boj.a(Unknown Source:11)
06-30 04:00:16.290  4898  4967 D StrictMode: 	at lsl.a(PG:2)
06-30 04:00:16.290  4898  4967 D StrictMode: 	at mjz.f(PG:2)
06-30 04:00:16.290  4898  4967 D StrictMode: 	at mka.run(PG:9)
06-30 04:00:16.290  4898  4967 D StrictMode: 	at ita.run(PG:5)
06-30 04:00:16.290  4898  4967 D StrictMode: 	at java.util.concurrent.ThreadPoolExecutor.runWorker(ThreadPoolExecutor.java:1167)
06-30 04:00:16.290  4898  4967 D StrictMode: 	at java.util.concurrent.ThreadPoolExecutor$Worker.run(ThreadPoolExecutor.java:641)
06-30 04:00:16.290  4898  4967 D StrictMode: 	at ism.run(Unknown Source:2)
06-30 04:00:16.290  4898  4967 D StrictMode: 	at ise.run(Unknown Source:2)
06-30 04:00:16.290  4898  4967 D StrictMode: 	at java.lang.Thread.run(Thread.java:920)
06-30 04:00:16.298  4898  4967 I DynamiteModule: Considering local module com.google.android.gms.googlecertificates:0 and remote module com.google.android.gms.googlecertificates:7
06-30 04:00:16.298  4898  4967 I DynamiteModule: Selected remote version of com.google.android.gms.googlecertificates, version >= 7
06-30 04:00:16.314   312   312 D Zygote  : Forked child process 4969
06-30 04:00:16.315  4870  4951 D libEGL  : loaded /vendor/lib64/egl/libEGL_emulation.so
06-30 04:00:16.349   312   312 I Zygote  : Process 4235 exited due to signal 9 (Killed)
06-30 04:00:16.353  4898  4967 W System  : ClassLoader referenced unknown path:
06-30 04:00:16.368   527   557 I libprocessgroup: Successfully killed process cgroup uid 10108 pid 4235 in 47ms
06-30 04:00:16.371  4969  4969 E ecovery_proces: Not starting debugger since process cannot load the jdwp agent.
06-30 04:00:16.385  4870  4951 D libEGL  : loaded /vendor/lib64/egl/libGLESv1_CM_emulation.so
06-30 04:00:16.389  4870  4951 D libEGL  : loaded /vendor/lib64/egl/libGLESv2_emulation.so
06-30 04:00:16.400  4969  4969 D CompatibilityChangeReporter: Compat change id reported: 171979766; UID 10116; state: ENABLED
06-30 04:00:16.404   527  2576 D ConnectivityService: requestNetwork for uid/pid:10116/4870 activeRequest: null callbackRequest: 151 [NetworkRequest [ REQUEST id=152, [ Capabilities: INTERNET&NOT_RESTRICTED&TRUSTED&NOT_VCN_MANAGED Uid: 10116 RequestorUid: 10116 RequestorPkg: com.google.android.apps.maps] ]] callback flags: 0 priority: 2147483647
06-30 04:00:16.406   527   646 D ConnectivityService: NetReassign [152 : null → 101]
06-30 04:00:16.412   527   639 D WifiNetworkFactory: got request NetworkRequest [ REQUEST id=152, [ Capabilities: INTERNET&NOT_RESTRICTED&TRUSTED&NOT_VCN_MANAGED Uid: 10116 RequestorUid: 10116 RequestorPkg: com.google.android.apps.maps] ]
06-30 04:00:16.412   527   639 D UntrustedWifiNetworkFactory: got request NetworkRequest [ REQUEST id=152, [ Capabilities: INTERNET&NOT_RESTRICTED&TRUSTED&NOT_VCN_MANAGED Uid: 10116 RequestorUid: 10116 RequestorPkg: com.google.android.apps.maps] ]
06-30 04:00:16.413   527   639 D OemPaidWifiNetworkFactory: got request NetworkRequest [ REQUEST id=152, [ Capabilities: INTERNET&NOT_RESTRICTED&TRUSTED&NOT_VCN_MANAGED Uid: 10116 RequestorUid: 10116 RequestorPkg: com.google.android.apps.maps] ]
06-30 04:00:16.420   527   646 D ConnectivityService: NetReassign [no changes]
06-30 04:00:16.430  4969  4969 D nativeloader: classloader namespace configured for unbundled product apk. library_path=/product/app/Maps/lib/arm64:/product/app/Maps/Maps.apk!/lib/arm64-v8a:/product/lib64:/system/product/lib64
06-30 04:00:16.452  4969  4969 V GraphicsEnvironment: ANGLE Developer option for 'com.google.android.apps.maps' set to: 'default'
06-30 04:00:16.452  4969  4969 V GraphicsEnvironment: Neither updatable production driver nor prerelease driver is supported.
06-30 04:00:16.455  4969  4969 D NetworkSecurityConfig: No Network Security Config specified, using platform default
06-30 04:00:16.455  4969  4969 D NetworkSecurityConfig: No Network Security Config specified, using platform default
06-30 04:00:16.460  4870  4950 I cr_CronetLibraryLoader: Cronet version: 114.0.5735.33, arch: aarch64
06-30 04:00:16.466  4870  4951 D HostConnection: createUnique: call
06-30 04:00:16.467  4870  4951 D HostConnection: HostConnection::get() New Host Connection established 0xb400007c413dcc50, tid 4951
06-30 04:00:16.480  3339  3339 I ViewInteraction: Checking 'MatchesViewAssertion{viewMatcher=an instance of android.widget.TextView and view.getText() with or without transformation to match: a string containing "Subtotal: $5.50"}' assertion on view view.getId() is <2131231225/com.example.lunchtray:id/subtotal>
06-30 04:00:16.481  3339  3563 I TestRunner: finished: radio_buttons_update_entree_menu_subtotal(com.example.lunchtray.OrderFunctionalityTests)
