06-30 03:59:31.527   348   348 W AudioFlinger: createTrack_l(): mismatch between requested flags (00000004) and output flags (00000002)
06-30 03:59:31.528  2353  2460 D HeterodyneSyncer: updateFlag: com.google.android.finsky.regular, 83621120, 3, , EnterpriseClientPolicySync__enable_auto_install_priority_comparator
06-30 03:59:31.528  2353  2460 D HeterodyneSyncer: updateFlag: com.google.android.finsky.regular, 83621120, 3, , EnterpriseClientPolicySync__enable_empty_cope_policy
06-30 03:59:31.528  2353  2460 D HeterodyneSyncer: updateFlag: com.google.android.finsky.regular, 83621120, 3, , EnterpriseClientPolicySync__enable_enterprise_installer_listener
06-30 03:59:31.529  2353  2460 D HeterodyneSyncer: updateFlag: com.google.android.finsky.regular, 83621120, 3, , EnterpriseClientPolicySync__enable_enterprise_uninstall_blocked_apps
06-30 03:59:31.529  2353  2460 D HeterodyneSyncer: updateFlag: com.google.android.finsky.regular, 83621120, 3, , EnterpriseClientPolicySync__enable_error_reporting
06-30 03:59:31.529  2353  2460 D HeterodyneSyncer: updateFlag: com.google.android.finsky.regular, 83621120, 3, , EnterpriseClientPolicySync__enable_force_device_config_token_update_in_policy_sync
06-30 03:59:31.529  2353  2460 D HeterodyneSyncer: updateFlag: com.google.android.finsky.regular, 83621120, 3, , EnterpriseClientPolicySync__enable_high_priority_update_scheduler
06-30 03:59:31.530  2353  2460 D HeterodyneSyncer: updateFlag: com.google.android.finsky.regular, 83621120, 3, , EnterpriseClientPolicySync__enable_policy_sync_from_daily_hygiene
06-30 03:59:31.530  2353  2460 D HeterodyneSyncer: updateFlag: com.google.android.finsky.regular, 83621120, 3, , EnterpriseClientPolicySync__enable_policy_sync_from_notification
06-30 03:59:31.530  2353  2460 D HeterodyneSyncer: updateFlag: com.google.android.finsky.regular, 83621120, 3, , EnterpriseClientPolicySync__enable_uninstalling_system_apps
06-30 03:59:31.530  2353  2460 D HeterodyneSyncer: updateFlag: com.google.android.finsky.regular, 83621120, 3, , EnterpriseClientPolicySync__ensure_local_policy_before_client_policy_sync
06-30 03:59:31.530  2353  2460 D HeterodyneSyncer: updateFlag: com.google.android.finsky.regular, 83621120, 3, , EnterpriseClientPolicySync__enterprise_client_policy_backoff_multiplier
06-30 03:59:31.531  2353  2460 D HeterodyneSyncer: updateFlag: com.google.android.finsky.regular, 83621120, 3, , EnterpriseClientPolicySync__enterprise_client_policy_max_retries
06-30 03:59:31.531  2353  2460 D HeterodyneSyncer: updateFlag: com.google.android.finsky.regular, 83621120, 3, , EnterpriseClientPolicySync__enterprise_client_policy_timeout_ms
06-30 03:59:31.531  2353  2460 D HeterodyneSyncer: updateFlag: com.google.android.finsky.regular, 83621120, 3, , EnterpriseClientPolicySync__should_force_update_token_after_account_added
06-30 03:59:31.531  2353  2460 D HeterodyneSyncer: updateFlag: com.google.android.finsky.regular, 83621120, 3, , EnterpriseClientPolicySync__should_force_update_token_after_managing_app_changed
06-30 03:59:31.533  2353  2460 D HeterodyneSyncer: updateFlag: com.google.android.finsky.regular, 83621120, 3, , EnterpriseClientPolicySync__trigger_local_policy_sync_after_app_restrictions_change
06-30 03:59:31.534  2353  2460 D HeterodyneSyncer: updateFlag: com.google.android.finsky.regular, 83621120, 3, , EnterpriseDeviceReport__enable_personal_profile_validation_feedback
06-30 03:59:31.534  2353  2460 D HeterodyneSyncer: updateFlag: com.google.android.finsky.regular, 83621120, 3, , EnterpriseDeviceReport__keyed_app_states_request_sync_daily_quota
06-30 03:59:31.534  2353  2460 D HeterodyneSyncer: updateFlag: com.google.android.finsky.regular, 83621120, 3, , EnterpriseDeviceReport__keyed_app_states_whitelisted_packages
06-30 03:59:31.534  2353  2460 D HeterodyneSyncer: updateFlag: com.google.android.finsky.regular, 83621120, 3, , EnterpriseInstallPolicies__device_management_install_options_allowlist
06-30 03:59:31.534  2353  2460 D HeterodyneSyncer: updateFlag: com.google.android.finsky.regular, 83621120, 3, , EnterpriseInstallPolicies__enable_dm_install_policy_for_dynamo
06-30 03:59:31.534  2353  2460 D HeterodyneSyncer: updateFlag: com.google.android.finsky.regular, 83621120, 3, , EnterpriseInstallPolicies__enable_self_update_install_policy
06-30 03:59:31.534  2353  2460 D HeterodyneSyncer: updateFlag: com.google.android.finsky.regular, 83621120, 3, , EnterpriseInstallPolicies__self_update_callers_allowlist
06-30 03:59:31.535  2353  2460 D HeterodyneSyncer: updateFlag: com.google.android.finsky.regular, 83621120, 3, , EnterprisePrivacyUxImprovements__enable_work_badge_and_install_text
06-30 03:59:31.535  2353  2460 D HeterodyneSyncer: updateFlag: com.google.android.finsky.regular, 83621120, 3, , EnterpriseStoreLayout__enable_enterprise_store_refresh_in_authenticated_activity
06-30 03:59:31.535  2353  2460 D HeterodyneSyncer: updateFlag: com.google.android.finsky.regular, 83621120, 3, , EventTasks__enable_event_tasks_go_async
06-30 03:59:31.535  2353  2460 D HeterodyneSyncer: updateFlag: com.google.android.finsky.regular, 83621120, 3, , EventTasks__enable_language_split_install_event_job
06-30 03:59:31.536  2353  2460 D HeterodyneSyncer: updateFlag: com.google.android.finsky.regular, 83621120, 3, , EventTasks__event_job_on_event_future_timeout
06-30 03:59:31.537  2353  2460 D HeterodyneSyncer: updateFlag: com.google.android.finsky.regular, 83621120, 3, , Everglades__card_actions_longpress_log
06-30 03:59:31.538  2353  2460 D HeterodyneSyncer: updateFlag: com.google.android.finsky.regular, 83621120, 3, , Everglades__enable_everglades
06-30 03:59:31.538  2353  2460 D HeterodyneSyncer: updateFlag: com.google.android.finsky.regular, 83621120, 3, , ExoPlayerVersionFlag__use_cronet_data_source
06-30 03:59:31.539  2353  2460 D HeterodyneSyncer: updateFlag: com.google.android.finsky.regular, 83621120, 3, , ExoPlayerVersionFlag__use_standalone_database_provider
06-30 03:59:31.539  2353  2460 D HeterodyneSyncer: updateFlag: com.google.android.finsky.regular, 83621120, 3, , ExoPlayerVersionFlag__use_upgraded_exoplayer_api
06-30 03:59:31.539  2353  2460 D HeterodyneSyncer: updateFlag: com.google.android.finsky.regular, 83621120, 3, , ExpandableListView__charge_expander_click
06-30 03:59:31.540  2353  2460 D HeterodyneSyncer: updateFlag: com.google.android.finsky.regular, 83621120, 3, , ExpandableListView__dedupe_ads_click
06-30 03:59:31.541  1851  2961 I NamespaceManager: (REDACTED) Package %s name not found! Using module version.
06-30 03:59:31.541  2353  2460 D HeterodyneSyncer: updateFlag: com.google.android.finsky.regular, 83621120, 3, , ExpandableListView__liveops_not_ads_click
06-30 03:59:31.541  2353  2460 D HeterodyneSyncer: updateFlag: com.google.android.finsky.regular, 83621120, 3, , ExpandableListView__move_up_install_button
06-30 03:59:31.542  1851  2961 I NamespaceManager: (REDACTED) Package %s name not found! Using module version.
06-30 03:59:31.542  2353  2460 D HeterodyneSyncer: updateFlag: com.google.android.finsky.regular, 83621120, 3, , ExpandableListView__show_install_button_in_top_bar
06-30 03:59:31.544  1851  2961 I NamespaceManager: (REDACTED) Package %s name not found! Using module version.
06-30 03:59:31.545  2353  2460 D HeterodyneSyncer: updateFlag: com.google.android.finsky.regular, 83621120, 3, , ExpandableListView__use_primary_button_style
06-30 03:59:31.546  2353  2460 D HeterodyneSyncer: updateFlag: com.google.android.finsky.regular, 83621120, 3, , ExperimentFramework__enable_device_config_upload_for_all_unauth
06-30 03:59:31.546  2353  2460 D HeterodyneSyncer: updateFlag: com.google.android.finsky.regular, 83621120, 3, , ExperimentLoggingDebug__bool_flag_feature_name
06-30 03:59:31.546  2353  2460 D HeterodyneSyncer: updateFlag: com.google.android.finsky.regular, 83621120, 3, , ExperimentLoggingDebug__bool_flag_name
06-30 03:59:31.546  1851  2961 I NamespaceManager: (REDACTED) Package %s name not found! Using module version.
06-30 03:59:31.547  2353  2460 D HeterodyneSyncer: updateFlag: com.google.android.finsky.regular, 83621120, 3, , ExperimentLoggingDebug__test_flag
06-30 03:59:31.547  1851  2961 I NamespaceManager: (REDACTED) Package %s name not found! Using module version.
06-30 03:59:31.547  2353  2460 D HeterodyneSyncer: updateFlag: com.google.android.finsky.regular, 83621120, 3, , ExposureNotificationClient__ms_delay_for_fallback_apps
06-30 03:59:31.547  1851  2961 I NamespaceManager: (REDACTED) Package %s name not found! Using module version.
06-30 03:59:31.548  2353  2460 D HeterodyneSyncer: updateFlag: com.google.android.finsky.regular, 83621120, 3, , ExposureNotificationClient__version_regex
06-30 03:59:31.548  2353  2460 D HeterodyneSyncer: updateFlag: com.google.android.finsky.regular, 83621120, 3, , ExpressIntegrityService__cleanup_job_express_intermediate_token_age_cutoff
06-30 03:59:31.549  2353  2460 D HeterodyneSyncer: updateFlag: com.google.android.finsky.regular, 83621120, 3, , ExpressIntegrityService__cloud_project_controller
06-30 03:59:31.549  2353  2460 D HeterodyneSyncer: updateFlag: com.google.android.finsky.regular, 83621120, 3, , ExpressIntegrityService__disable_request_token_throttling
06-30 03:59:31.557  2353  2460 D HeterodyneSyncer: updateFlag: com.google.android.finsky.regular, 83621120, 3, , ExpressIntegrityService__enable_cleanup_job
06-30 03:59:31.558  2353  2460 D HeterodyneSyncer: updateFlag: com.google.android.finsky.regular, 83621120, 3, , ExpressIntegrityService__enable_play_core_log_events
06-30 03:59:31.558  1851  2961 I NamespaceManager: (REDACTED) Package %s name not found! Using module version.
06-30 03:59:31.558  2353  2460 D HeterodyneSyncer: updateFlag: com.google.android.finsky.regular, 83621120, 3, , ExpressIntegrityService__enable_service
06-30 03:59:31.558  1851  2961 I NamespaceManager: (REDACTED) Package %s name not found! Using module version.
06-30 03:59:31.558  2353  2460 D HeterodyneSyncer: updateFlag: com.google.android.finsky.regular, 83621120, 3, , ExpressIntegrityService__package_controller
06-30 03:59:31.559  1851  2961 I NamespaceManager: (REDACTED) Package %s name not found! Using module version.
06-30 03:59:31.559  2353  2460 D HeterodyneSyncer: updateFlag: com.google.android.finsky.regular, 83621120, 3, , ExpressIntegrityService__request_token_throttle_window_limit
06-30 03:59:31.559  2353  2460 D HeterodyneSyncer: updateFlag: com.google.android.finsky.regular, 83621120, 3, , ExpressIntegrityService__request_token_throttle_window_threshold
06-30 03:59:31.560  2353  2460 D HeterodyneSyncer: updateFlag: com.google.android.finsky.regular, 83621120, 3, , ExpressIntegrityService__use_current_account_strategy
06-30 03:59:31.560  2353  2460 D HeterodyneSyncer: updateFlag: com.google.android.finsky.regular, 83621120, 3, , ExpressIntegrityService__warm_up_retry_initial_delay
06-30 03:59:31.560  2353  2460 D HeterodyneSyncer: updateFlag: com.google.android.finsky.regular, 83621120, 3, , ExpressIntegrityService__warm_up_retry_max_attempts
06-30 03:59:31.560  1851  2961 I NamespaceManager: (REDACTED) Package %s name not found! Using module version.
06-30 03:59:31.560  2353  2460 D HeterodyneSyncer: updateFlag: com.google.android.finsky.regular, 83621120, 3, , ExpressIntegrityService__warm_up_retry_multiplier
06-30 03:59:31.561  2353  2460 D HeterodyneSyncer: updateFlag: com.google.android.finsky.regular, 83621120, 3, , ExpressIntegrityService__warm_up_throttle_window_limit
06-30 03:59:31.561  2353  2460 D HeterodyneSyncer: updateFlag: com.google.android.finsky.regular, 83621120, 3, , ExpressIntegrityService__warm_up_throttle_window_threshold
06-30 03:59:31.561  1851  2961 I NamespaceManager: (REDACTED) Package %s name not found! Using module version.
06-30 03:59:31.561  2353  2460 D HeterodyneSyncer: updateFlag: com.google.android.finsky.regular, 83621120, 3, , ExternalReferrer__b268450425_fix_kill_switch
06-30 03:59:31.561  2353  2460 D HeterodyneSyncer: updateFlag: com.google.android.finsky.regular, 83621120, 3, , Family__enable_books_sharing
06-30 03:59:31.561  1851  2961 I NamespaceManager: (REDACTED) Package %s name not found! Using module version.
06-30 03:59:31.561  2353  2460 D HeterodyneSyncer: updateFlag: com.google.android.finsky.regular, 83621120, 3, , Family__enable_family_apps_sharing
06-30 03:59:31.561  2353  2460 D HeterodyneSyncer: updateFlag: com.google.android.finsky.regular, 83621120, 3, , Family__enable_family_onboarding
06-30 03:59:31.562  2353  2460 D HeterodyneSyncer: updateFlag: com.google.android.finsky.regular, 83621120, 3, , Family__enable_movies_sharing
06-30 03:59:31.562  2353  2460 D HeterodyneSyncer: updateFlag: com.google.android.finsky.regular, 83621120, 3, , Family__enable_ndfc_free_removal
06-30 03:59:31.562  2353  2460 D HeterodyneSyncer: updateFlag: com.google.android.finsky.regular, 83621120, 3, , Family__enable_user_settings_hidden_apps_retriever
06-30 03:59:31.568  2353  2460 D HeterodyneSyncer: updateFlag: com.google.android.finsky.regular, 83621120, 3, , FarDynamicMargins__use_dynamic_margins
06-30 03:59:31.568  2353  2460 D HeterodyneSyncer: updateFlag: com.google.android.finsky.regular, 83621120, 3, , FastAppReinstallIpd__enable_fast_app_reinstall_my_apps
06-30 03:59:31.568  2353  2460 D HeterodyneSyncer: updateFlag: com.google.android.finsky.regular, 83621120, 3, , FetchBillingUiInstructions__enable_fetch_billing_ui_instructions
06-30 03:59:31.568  2353  2460 D HeterodyneSyncer: updateFlag: com.google.android.finsky.regular, 83621120, 3, , FifeImage__ttl_in_days
06-30 03:59:31.568  2353  2460 D HeterodyneSyncer: updateFlag: com.google.android.finsky.regular, 83621120, 3, , FileByFile__required_fbf_compression_levels
06-30 03:59:31.568  1851  2961 I NamespaceManager: (REDACTED) Package %s name not found! Using module version.
06-30 03:59:31.569  2353  2460 D HeterodyneSyncer: updateFlag: com.google.android.finsky.regular, 83621120, 3, , FinskyLog__enable_extra_finsky_logging_start_up
06-30 03:59:31.569  1851  2961 I NamespaceManager: (REDACTED) Package %s name not found! Using module version.
06-30 03:59:31.570  1851  2961 I NamespaceManager: (REDACTED) Package %s name not found! Using module version.
06-30 03:59:31.570  1851  2961 I NamespaceManager: (REDACTED) Package %s name not found! Using module version.
06-30 03:59:31.569  2353  2460 D HeterodyneSyncer: updateFlag: com.google.android.finsky.regular, 83621120, 3, , FirstPartyOnPbl__enable_first_party_on_pbl
06-30 03:59:31.573  2353  2460 D HeterodyneSyncer: updateFlag: com.google.android.finsky.regular, 83621120, 3, , FirstPartyOnPbl__first_party_on_pbl_enabled_package
06-30 03:59:31.574  2353  2460 D HeterodyneSyncer: updateFlag: com.google.android.finsky.regular, 83621120, 3, , FixLoggingContextForking__authenticated_activity_default_lc_fork
06-30 03:59:31.574  2353  2460 D HeterodyneSyncer: updateFlag: com.google.android.finsky.regular, 83621120, 3, , FixMyAppsExtraBulkDetailsCalls__is_enabled
06-30 03:59:31.574  2353  2460 D HeterodyneSyncer: updateFlag: com.google.android.finsky.regular, 83621120, 3, , FixMyAppsV2StopAll__is_enabled
06-30 03:59:31.574  2353  2460 D HeterodyneSyncer: updateFlag: com.google.android.finsky.regular, 83621120, 3, , FixSearchSuggestionBackButtonLogging__search_suggestions_back_button_logging
06-30 03:59:31.575  2353  2460 D HeterodyneSyncer: updateFlag: com.google.android.finsky.regular, 83621120, 3, , FixedBottomSheet__enable_reflow_button_set_background_for_animation
06-30 03:59:31.575  2353  2460 D HeterodyneSyncer: updateFlag: com.google.android.finsky.regular, 83621120, 3, , FixedBottomSheet__enable_system_ui_status_bar
06-30 03:59:31.575  2353  2460 D HeterodyneSyncer: updateFlag: com.google.android.finsky.regular, 83621120, 3, , FlexibleAspectRatioCardEffects__frosted_effect
06-30 03:59:31.576  2353  2460 D HeterodyneSyncer: updateFlag: com.google.android.finsky.regular, 83621120, 3, , FloatingHighlightsRow__disable_fhr_auto_scrolling
06-30 03:59:31.581  2353  2460 D HeterodyneSyncer: updateFlag: com.google.android.finsky.regular, 83621120, 3, , FoundersPackPreorder__enable_claim_founders_pack_notification
06-30 03:59:31.583  1851  2690 W Icing   : No valid account for uploading user actions
06-30 03:59:31.585  2353  2460 D HeterodyneSyncer: updateFlag: com.google.android.finsky.regular, 83621120, 3, , FoundersPackPreorder__enable_founders_pack_preorder
06-30 03:59:31.586  2353  2460 D HeterodyneSyncer: updateFlag: com.google.android.finsky.regular, 83621120, 3, , FoundersPackPreorder__founders_pack_notification_data
06-30 03:59:31.589  2353  2460 D HeterodyneSyncer: updateFlag: com.google.android.finsky.regular, 83621120, 3, , FoundersPackPreorder__show_original_price
06-30 03:59:31.589  2353  2460 D HeterodyneSyncer: updateFlag: com.google.android.finsky.regular, 83621120, 3, , FreeAcquire__enable_bottom_sheet_aia_quick_install
06-30 03:59:31.590  2353  2460 D HeterodyneSyncer: updateFlag: com.google.android.finsky.regular, 83621120, 3, , FreeAcquire__enable_bottom_sheet_apps_permissions
06-30 03:59:31.590  2353  2460 D HeterodyneSyncer: updateFlag: com.google.android.finsky.regular, 83621120, 3, , FreeAcquire__enable_decouple_free_from_activity_for_alley_oop
06-30 03:59:31.590  2353  2460 D HeterodyneSyncer: updateFlag: com.google.android.finsky.regular, 83621120, 3, , FreeAcquire__enable_dependency_install_ui_jank
06-30 03:59:31.590  2353  2460 D HeterodyneSyncer: updateFlag: com.google.android.finsky.regular, 83621120, 3, , FreeAcquire__enable_pre_app_logging_fix
06-30 03:59:31.590  2353  2460 D HeterodyneSyncer: updateFlag: com.google.android.finsky.regular, 83621120, 3, , FreeAcquire__enable_prompt_for_fop
06-30 03:59:31.590  2353  2460 D HeterodyneSyncer: updateFlag: com.google.android.finsky.regular, 83621120, 3, , FullStackIntegrity__is_enabled
06-30 03:59:31.590  2353  2460 D HeterodyneSyncer: updateFlag: com.google.android.finsky.regular, 83621120, 3, , GameSdkDeviceInfo__enable_collection
06-30 03:59:31.591  2353  2460 D HeterodyneSyncer: updateFlag: com.google.android.finsky.regular, 83621120, 3, , GameplayVideos__enable_hype_panel
06-30 03:59:31.598  2353  2460 D HeterodyneSyncer: updateFlag: com.google.android.finsky.regular, 83621120, 3, , GameplayVideos__enabled_package_name
06-30 03:59:31.599  2353  2460 D HeterodyneSyncer: updateFlag: com.google.android.finsky.regular, 83621120, 3, , GatewayEarlyDiversion__client_diverted_server_features
06-30 03:59:31.599  2353  2460 D HeterodyneSyncer: updateFlag: com.google.android.finsky.regular, 83621120, 3, , GetItemsInstallDetailsFix__set_patch_client_options
06-30 03:59:31.601  2353  2460 D HeterodyneSyncer: updateFlag: com.google.android.finsky.regular, 83621120, 3, , GetItemsInstallDetailsFix__set_patch_client_options_for_all_getitems_requests
06-30 03:59:31.603  2353  2460 D HeterodyneSyncer: updateFlag: com.google.android.finsky.regular, 83621120, 3, , GmsRequestContextSyncer__call_gmscore_request_context_on_account_removal
06-30 03:59:31.604  2353  2460 D HeterodyneSyncer: updateFlag: com.google.android.finsky.regular, 83621120, 3, , GmsRequestContextSyncer__call_gmscore_request_context_on_account_switch
06-30 03:59:31.604  2353  2460 D HeterodyneSyncer: updateFlag: com.google.android.finsky.regular, 83621120, 3, , GmsRequestContextSyncer__enable_account_change_listener
06-30 03:59:31.604  2353  2460 D HeterodyneSyncer: updateFlag: com.google.android.finsky.regular, 83621120, 3, , GmsRequestContextSyncer__enable_hygiene_worker
06-30 03:59:31.604  2353  2460 D HeterodyneSyncer: updateFlag: com.google.android.finsky.regular, 83621120, 3, , GmsRequestContextSyncer__gms_request_context_syncer_api_timeout
06-30 03:59:31.604  2353  2460 D HeterodyneSyncer: updateFlag: com.google.android.finsky.regular, 83621120, 3, , GmsRequestContextSyncer__min_gmscore_version_with_request_context_syncer_api
06-30 03:59:31.605  2353  2460 D HeterodyneSyncer: updateFlag: com.google.android.finsky.regular, 83621120, 3, , GmsRequestContextSyncer__use_gmscore_request_context_syncer_api
06-30 03:59:31.605  2353  2460 D HeterodyneSyncer: updateFlag: com.google.android.finsky.regular, 83621120, 3, , GmscoreCompliance__activities_to_block_on_uncertified_devices
06-30 03:59:31.606  2353  2460 D HeterodyneSyncer: updateFlag: com.google.android.finsky.regular, 83621120, 3, , GmscoreCompliance__query_gms_on_app_start
06-30 03:59:31.608  2353  2460 D HeterodyneSyncer: updateFlag: com.google.android.finsky.regular, 83621120, 3, , GmscoreRecovery__phonesky_recover_gmscore_target_versions
06-30 03:59:31.608  2353  2460 D HeterodyneSyncer: updateFlag: com.google.android.finsky.regular, 83621120, 3, , GoogleFonts__is_enabled
06-30 03:59:31.608  2353  2460 D HeterodyneSyncer: updateFlag: com.google.android.finsky.regular, 83621120, 3, , GooglePlayProtect__enable_client_warnings_autoscan
06-30 03:59:31.609  2353  2460 D HeterodyneSyncer: updateFlag: com.google.android.finsky.regular, 83621120, 3, , GooglePlayProtect__enable_default_on_play_protect_consent_model
06-30 03:59:31.611  2353  2460 D HeterodyneSyncer: updateFlag: com.google.android.finsky.regular, 83621120, 3, , GooglePlayProtect__enable_gpp_disable_banned
06-30 03:59:31.611  2353  2460 D HeterodyneSyncer: updateFlag: com.google.android.finsky.regular, 83621120, 3, , GooglePlayProtect__enable_gpp_installer_warnings_o_plus
06-30 03:59:31.611  2353  2460 D HeterodyneSyncer: updateFlag: com.google.android.finsky.regular, 83621120, 3, , GooglePlayProtect__enable_gpp_installer_warnings_pre_o
06-30 03:59:31.611  2353  2460 D HeterodyneSyncer: updateFlag: com.google.android.finsky.regular, 83621120, 3, , GooglePlayProtect__enable_psic_uninstallation_dialog
06-30 03:59:31.612  2353  2460 D HeterodyneSyncer: updateFlag: com.google.android.finsky.regular, 83621120, 3, , GooglePlayProtect__enable_ternary_gpp_upload_consent_model
06-30 03:59:31.612  2353  2460 D HeterodyneSyncer: updateFlag: com.google.android.finsky.regular, 83621120, 3, , GooglePlayProtect__killswitch_post_install_verification
06-30 03:59:31.612  2353  2460 D HeterodyneSyncer: updateFlag: com.google.android.finsky.regular, 83621120, 3, , GoogleTvFeatures__enable_read_more_pmtv_playback_banner
06-30 03:59:31.612  2353  2460 D HeterodyneSyncer: updateFlag: com.google.android.finsky.regular, 83621120, 3, , GoogleTvFeatures__force_dark_theme
06-30 03:59:31.612  2353  2460 D HeterodyneSyncer: updateFlag: com.google.android.finsky.regular, 83621120, 3, , GppOdmlWarnings__is_enabled
06-30 03:59:31.612  2353  2460 D HeterodyneSyncer: updateFlag: com.google.android.finsky.regular, 83621120, 3, , GridCluster__recycled_view_pool_size
06-30 03:59:31.613  2353  2460 D HeterodyneSyncer: updateFlag: com.google.android.finsky.regular, 83621120, 3, , Hibernation__disable_overwriting_required_preloads_requests_regular
06-30 03:59:31.613  2353  2460 D HeterodyneSyncer: updateFlag: com.google.android.finsky.regular, 83621120, 3, , Hibernation__hibernation_installation_regular
06-30 03:59:31.613  2353  2460 D HeterodyneSyncer: updateFlag: com.google.android.finsky.regular, 83621120, 3, , Hibernation__hibernation_pai_regular
06-30 03:59:31.613  2353  2460 D HeterodyneSyncer: updateFlag: com.google.android.finsky.regular, 83621120, 3, , Hibernation__tubesky_unhibernation_regular
06-30 03:59:31.613  2353  2460 D HeterodyneSyncer: updateFlag: com.google.android.finsky.regular, 83621120, 3, , Hibernation__unhibernation_intent_regular
06-30 03:59:31.613  2353  2460 D HeterodyneSyncer: updateFlag: com.google.android.finsky.regular, 83621120, 3, , HorizontalClusterImpression__disable_extra_layout_space
06-30 03:59:31.613  2353  2460 D HeterodyneSyncer: updateFlag: com.google.android.finsky.regular, 83621120, 3, , HypePanel__disable_hype_panel_auto_play
06-30 03:59:31.613  2353  2460 D HeterodyneSyncer: updateFlag: com.google.android.finsky.regular, 83621120, 3, , HypePanel__enabled_package_name
06-30 03:59:31.613  2353  2460 D HeterodyneSyncer: updateFlag: com.google.android.finsky.regular, 83621120, 3, , HypePanel__live_ops_information_item_freshness_seconds
06-30 03:59:31.613  2353  2460 D HeterodyneSyncer: updateFlag: com.google.android.finsky.regular, 83621120, 3, , HypePanel__logging_enabled_package_name
06-30 03:59:31.613  2353  2460 D HeterodyneSyncer: updateFlag: com.google.android.finsky.regular, 83621120, 3, , IabErrorCodeLogging__enable_error_code_logging
06-30 03:59:31.614  2353  2460 D HeterodyneSyncer: updateFlag: com.google.android.finsky.regular, 83621120, 3, , IconUniformity__enable_api_21_treatment
06-30 03:59:31.614  2353  2460 D HeterodyneSyncer: updateFlag: com.google.android.finsky.regular, 83621120, 3, , IconUniformity__enable_icon_uniformity
06-30 03:59:31.614  2353  2460 D HeterodyneSyncer: updateFlag: com.google.android.finsky.regular, 83621120, 3, , ImageOptimizations__cancel_preload_on_click
06-30 03:59:31.614  2353  2460 D HeterodyneSyncer: updateFlag: com.google.android.finsky.regular, 83621120, 3, , ImageOptimizations__cancel_preload_on_scroll_start
06-30 03:59:31.614  2353  2460 D HeterodyneSyncer: updateFlag: com.google.android.finsky.regular, 83621120, 3, , ImageOptimizations__disable_preload_on_scroll_start
06-30 03:59:31.614  2353  2460 D HeterodyneSyncer: updateFlag: com.google.android.finsky.regular, 83621120, 3, , ImageOptimizations__disable_preloading_on_details_page_loaded
06-30 03:59:31.614  2353  2460 D HeterodyneSyncer: updateFlag: com.google.android.finsky.regular, 83621120, 3, , ImageOptimizations__disable_preloading_on_install
06-30 03:59:31.614  2353  2460 D HeterodyneSyncer: updateFlag: com.google.android.finsky.regular, 83621120, 3, , ImageOptimizations__enable_preload_on_scroll_stop
06-30 03:59:31.615  2353  2460 D HeterodyneSyncer: updateFlag: com.google.android.finsky.regular, 83621120, 3, , ImageOptimizations__log_size_mismatch_error
06-30 03:59:31.615  2353  2460 D HeterodyneSyncer: updateFlag: com.google.android.finsky.regular, 83621120, 3, , ImageOptimizations__preload_image_for_univision
06-30 03:59:31.615  2353  2460 D HeterodyneSyncer: updateFlag: com.google.android.finsky.regular, 83621120, 3, , ImageOptimizations__preload_screenshots
06-30 03:59:31.615  2353  2460 D HeterodyneSyncer: updateFlag: com.google.android.finsky.regular, 83621120, 3, , ImmersiveAdsBanner__enable_response_size_optimization
06-30 03:59:31.615  2353  2460 D HeterodyneSyncer: updateFlag: com.google.android.finsky.regular, 83621120, 3, , ImmersiveContentCluster__has_transparent_metadata_bar
06-30 03:59:31.615  2353  2460 D HeterodyneSyncer: updateFlag: com.google.android.finsky.regular, 83621120, 3, , InAppBillingCodegen__block_in_app_billing_service_on_uncertified_devices
06-30 03:59:31.615  2353  2460 D HeterodyneSyncer: updateFlag: com.google.android.finsky.regular, 83621120, 3, , InAppBillingCodegen__skip_empty_purchase_data
06-30 03:59:31.615  2353  2460 D HeterodyneSyncer: updateFlag: com.google.android.finsky.regular, 83621120, 3, , InAppBillingCodegen__skip_item_in_library_check
06-30 03:59:31.616  2353  2460 D HeterodyneSyncer: updateFlag: com.google.android.finsky.regular, 83621120, 3, , InAppBillingLogging__enable_iab_get_purchases_logging
06-30 03:59:31.616  2353  2460 D HeterodyneSyncer: updateFlag: com.google.android.finsky.regular, 83621120, 3, , InAppBilling__enable_dynalog_for_confirming_subs_price_change
06-30 03:59:31.616  2353  2460 D HeterodyneSyncer: updateFlag: com.google.android.finsky.regular, 83621120, 3, , InAppBilling__enable_offer_type_lookup_for_consume_purchase
06-30 03:59:31.616  2353  2460 D HeterodyneSyncer: updateFlag: com.google.android.finsky.regular, 83621120, 3, , InAppBilling__enable_redeem_code_aidl_service
06-30 03:59:31.616  2353  2460 D HeterodyneSyncer: updateFlag: com.google.android.finsky.regular, 83621120, 3, , InAppMessaging__add_billing_library_version_to_request
06-30 03:59:31.616  2353  2460 D HeterodyneSyncer: updateFlag: com.google.android.finsky.regular, 83621120, 3, , InAppMessaging__disable_collapse_popstick_to_fab
06-30 03:59:31.616  2353  2460 D HeterodyneSyncer: updateFlag: com.google.android.finsky.regular, 83621120, 3, , InAppMessaging__disable_not_focusable_container_view
06-30 03:59:31.617  2353  2460 D HeterodyneSyncer: updateFlag: com.google.android.finsky.regular, 83621120, 3, , InAppMessaging__enable_unconditional_popstick_close_button
06-30 03:59:31.617  2353  2460 D HeterodyneSyncer: updateFlag: com.google.android.finsky.regular, 83621120, 3, , InAppMessaging__kill_switch_disable_code_refactor
06-30 03:59:31.617  2353  2460 D HeterodyneSyncer: updateFlag: com.google.android.finsky.regular, 83621120, 3, , InAppMessaging__popstick_display_duration
06-30 03:59:31.617  2353  2460 D HeterodyneSyncer: updateFlag: com.google.android.finsky.regular, 83621120, 3, , InAppOffer__enable_iab_show_in_app_offers
06-30 03:59:31.617  2353  2460 D HeterodyneSyncer: updateFlag: com.google.android.finsky.regular, 83621120, 3, , InAppOffers__enable_in_app_offers_ui
06-30 03:59:31.617  2353  2460 D HeterodyneSyncer: updateFlag: com.google.android.finsky.regular, 83621120, 3, , InAppReview__disable_frosting_check
06-30 03:59:31.618  2353  2460 D HeterodyneSyncer: updateFlag: com.google.android.finsky.regular, 83621120, 3, , InAppReview__in_app_review_package_controller
06-30 03:59:31.618  2353  2460 D HeterodyneSyncer: updateFlag: com.google.android.finsky.regular, 83621120, 3, , InAppReview__kill_switch_disable_in_app_review_threshold_check_from_persistent
06-30 03:59:31.618  2353  2460 D HeterodyneSyncer: updateFlag: com.google.android.finsky.regular, 83621120, 3, , InAppReview__pending_intent_expire_threshold_sec
06-30 03:59:31.618  2353  2460 D HeterodyneSyncer: updateFlag: com.google.android.finsky.regular, 83621120, 3, , InAppReview__pending_intent_no_launch_threshold
06-30 03:59:31.618  2353  2460 D HeterodyneSyncer: updateFlag: com.google.android.finsky.regular, 83621120, 3, , InAppReview__playstamp_check_enabled
06-30 03:59:31.619  2353  2460 D HeterodyneSyncer: updateFlag: com.google.android.finsky.regular, 83621120, 3, , InAppReview__playstamp_reporting_enabled
06-30 03:59:31.619  2353  2460 D HeterodyneSyncer: updateFlag: com.google.android.finsky.regular, 83621120, 3, , InlineExoPlayerControllerFeatures__initialize_on_details_page
06-30 03:59:31.633   348   348 D AF::TrackHandle: OpPlayAudio: track:56 usage:13 not muted
06-30 03:59:31.635  1104  3253 I Nearby  : (REDACTED) is blocked device type %s, isAuto=%s, isIot=%s, isLatchsky=%s, isChinaWearable=%s, isTv=%s, isWearable=%s (supportWearOs=%s), isChromeOsDevice=%s (supportChromeOs=%s)
06-30 03:59:31.637  1938  2250 D PhFileGroupPop: Added file groups smart_actions_ml_models
06-30 03:59:31.640   527   654 D AudioTrack: createTrack_l(8): AUDIO_OUTPUT_FLAG_FAST denied by server; frameCount 0 -> 4512
06-30 03:59:31.652  2353  2460 D HeterodyneSyncer: updateFlag: com.google.android.finsky.regular, 83621120, 3, , InlineExoPlayerControllerFeatures__initialize_on_home_page
06-30 03:59:31.652  2353  2460 D HeterodyneSyncer: updateFlag: com.google.android.finsky.regular, 83621120, 3, , InlineExoPlayerControllerFeatures__is_activity_scoped_inline_exoplayer_controller
06-30 03:59:31.652  2353  2460 D HeterodyneSyncer: updateFlag: com.google.android.finsky.regular, 83621120, 3, , InlineVideo__delay_before_logging_video_player_broken
06-30 03:59:31.652  2353  2460 D HeterodyneSyncer: updateFlag: com.google.android.finsky.regular, 83621120, 3, , InlineVideo__enable_inline_video_on_details_page
06-30 03:59:31.652  2353  2460 D HeterodyneSyncer: updateFlag: com.google.android.finsky.regular, 83621120, 3, , InlineVideo__enable_inline_video_redesign
06-30 03:59:31.653  2353  2460 D HeterodyneSyncer: updateFlag: com.google.android.finsky.regular, 83621120, 3, , InlineVideo__enable_video_play_icon_click_animation
06-30 03:59:31.653  2353  2460 D HeterodyneSyncer: updateFlag: com.google.android.finsky.regular, 83621120, 3, , InlineVideo__enable_video_play_icon_click_full_screen_activity
06-30 03:59:31.653  2353  2460 D HeterodyneSyncer: updateFlag: com.google.android.finsky.regular, 83621120, 3, , InlineVideo__enable_youtube_update_dialog
06-30 03:59:31.653  2353  2460 D HeterodyneSyncer: updateFlag: com.google.android.finsky.regular, 83621120, 3, , InstallBarLite__enable_install_bar_lite_strikethrough_price
06-30 03:59:31.653  2353  2460 D HeterodyneSyncer: updateFlag: com.google.android.finsky.regular, 83621120, 3, , InstallHints__blocklisted_packages_for_install_hints
06-30 03:59:31.656  2353  2460 D HeterodyneSyncer: updateFlag: com.google.android.finsky.regular, 83621120, 3, , InstallHints__install_hint_for_dfm_installs
06-30 03:59:31.656  2353  2460 D HeterodyneSyncer: updateFlag: com.google.android.finsky.regular, 83621120, 3, , InstallHints__install_hint_for_oobe_restore
06-30 03:59:31.657  2353  2460 D HeterodyneSyncer: updateFlag: com.google.android.finsky.regular, 83621120, 3, , InstallNotification__killswitch_uninstall_notification_fix
06-30 03:59:31.657  2353  2460 D HeterodyneSyncer: updateFlag: com.google.android.finsky.regular, 83621120, 3, , InstallQueue__cancel_and_notify_on_package_removed
06-30 03:59:31.657  2353  2460 D HeterodyneSyncer: updateFlag: com.google.android.finsky.regular, 83621120, 3, , InstallQueue__enable_storage_checker_preprocessor_for_testcode_logging
06-30 03:59:31.657  2353  2460 D HeterodyneSyncer: updateFlag: com.google.android.finsky.regular, 83621120, 3, , InstallQueue__let_install_queue_handle_pending_cancels
06-30 03:59:31.657  2353  2460 D HeterodyneSyncer: updateFlag: com.google.android.finsky.regular, 83621120, 3, , InstallQueue__migrate_disallow_by_policy_to_iq
06-30 03:59:31.657  2353  2460 D HeterodyneSyncer: updateFlag: com.google.android.finsky.regular, 83621120, 3, , InstallQueue__run_installs_on_readiness_listener
06-30 03:59:31.657  2353  2460 D HeterodyneSyncer: updateFlag: com.google.android.finsky.regular, 83621120, 3, , InstallReferrer__enable_rads_ping_for_continue_url
06-30 03:59:31.657  2353  2460 D HeterodyneSyncer: updateFlag: com.google.android.finsky.regular, 83621120, 3, , InstallReferrer__server_timestamp_sync_interval_in_minutes
06-30 03:59:31.658  1938  2250 D PhFileGroupPop: Added file groups text_classifier
06-30 03:59:31.669  2353  2460 D HeterodyneSyncer: updateFlag: com.google.android.finsky.regular, 83621120, 3, , Installbar__enable_installbar_pre_jit
06-30 03:59:31.669  2353  2460 D HeterodyneSyncer: updateFlag: com.google.android.finsky.regular, 83621120, 3, , Installbar__enable_installbar_v2
06-30 03:59:31.669  2353  2460 D HeterodyneSyncer: updateFlag: com.google.android.finsky.regular, 83621120, 3, , Installbar__enable_installbar_v3
06-30 03:59:31.669  2353  2460 D HeterodyneSyncer: updateFlag: com.google.android.finsky.regular, 83621120, 3, , InstallerCodegen__cancel_blocking_dormant_download
06-30 03:59:31.669  2353  2460 D HeterodyneSyncer: updateFlag: com.google.android.finsky.regular, 83621120, 3, , InstallerCodegen__cancel_checks_installer_v2
06-30 03:59:31.669  2353  2460 D HeterodyneSyncer: updateFlag: com.google.android.finsky.regular, 83621120, 3, , InstallerCodegen__cancel_install_request_logs_install_rejected_instead_of_abandoned
06-30 03:59:31.670  2353  2460 D HeterodyneSyncer: updateFlag: com.google.android.finsky.regular, 83621120, 3, , InstallerCodegen__check_for_inconsistent_group_values
06-30 03:59:31.670  2353  2460 D HeterodyneSyncer: updateFlag: com.google.android.finsky.regular, 83621120, 3, , InstallerCodegen__disable_non_fresh_install_checksums
06-30 03:59:31.670  2353  2460 D HeterodyneSyncer: updateFlag: com.google.android.finsky.regular, 83621120, 3, , InstallerCodegen__disabled_package_logs_install_rejected_instead_of_abandoned
06-30 03:59:31.671  2353  2460 D HeterodyneSyncer: updateFlag: com.google.android.finsky.regular, 83621120, 3, , InstallerCodegen__enable_add_checksum
06-30 03:59:31.671  2353  2460 D HeterodyneSyncer: updateFlag: com.google.android.finsky.regular, 83621120, 3, , InstallerCodegen__enable_battlestar_auto_update_policy
06-30 03:59:31.671  2353  2460 D HeterodyneSyncer: updateFlag: com.google.android.finsky.regular, 83621120, 3, , InstallerCodegen__enable_cancel_pending_shared_libraries_in_my_apps
06-30 03:59:31.672  2353  2460 D HeterodyneSyncer: updateFlag: com.google.android.finsky.regular, 83621120, 3, , InstallerCodegen__enable_checksum_logging
06-30 03:59:31.672  2353  2460 D HeterodyneSyncer: updateFlag: com.google.android.finsky.regular, 83621120, 3, , InstallerCodegen__enable_commit_constraints_check
06-30 03:59:31.672  2353  2460 D HeterodyneSyncer: updateFlag: com.google.android.finsky.regular, 83621120, 3, , InstallerCodegen__enable_created_time_threshold_for_group_install_grooming
06-30 03:59:31.672  2353  2460 D HeterodyneSyncer: updateFlag: com.google.android.finsky.regular, 83621120, 3, , InstallerCodegen__enable_delta_patching_for_apex_packages
06-30 03:59:31.672  2353  2460 D HeterodyneSyncer: updateFlag: com.google.android.finsky.regular, 83621120, 3, , InstallerCodegen__enable_gmscore_dependency_notification_for_install
06-30 03:59:31.673  2353  2460 D HeterodyneSyncer: updateFlag: com.google.android.finsky.regular, 83621120, 3, , InstallerCodegen__enable_installer_fg_check_fixes
06-30 03:59:31.673  2353  2460 D HeterodyneSyncer: updateFlag: com.google.android.finsky.regular, 83621120, 3, , InstallerCodegen__enable_log_installer_reject_request_due_to_busy
06-30 03:59:31.673  2353  2460 D HeterodyneSyncer: updateFlag: com.google.android.finsky.regular, 83621120, 3, , InstallerCodegen__enable_phonesky_use_foreground_check_with_threshold
06-30 03:59:31.673  2353  2460 D HeterodyneSyncer: updateFlag: com.google.android.finsky.regular, 83621120, 3, , InstallerCodegen__enable_update_missing_splits
06-30 03:59:31.673  2353  2460 D HeterodyneSyncer: updateFlag: com.google.android.finsky.regular, 83621120, 3, , InstallerCodegen__enable_version_update_checker_refactor
06-30 03:59:31.673  2353  2460 D HeterodyneSyncer: updateFlag: com.google.android.finsky.regular, 83621120, 3, , InstallerCodegen__fix_hash_verification_error_logging
06-30 03:59:31.674  2353  2460 D HeterodyneSyncer: updateFlag: com.google.android.finsky.regular, 83621120, 3, , InstallerCodegen__gmscore_dependency_notification_whitelisted_appmodules
06-30 03:59:31.674  2353  2460 D HeterodyneSyncer: updateFlag: com.google.android.finsky.regular, 83621120, 3, , InstallerCodegen__log_installer_reject_request_due_to_busy_threshold
06-30 03:59:31.674  2353  2460 D HeterodyneSyncer: updateFlag: com.google.android.finsky.regular, 83621120, 3, , InstallerCodegen__log_recovery_failures
06-30 03:59:31.674  2353  2460 D HeterodyneSyncer: updateFlag: com.google.android.finsky.regular, 83621120, 3, , InstallerCodegen__max_stacktrace_length_on_copy_ioexception
06-30 03:59:31.674  2353  2460 D HeterodyneSyncer: updateFlag: com.google.android.finsky.regular, 83621120, 3, , InstallerCodegen__notify_install_error_for_invalid_cases
06-30 03:59:31.674  2353  2460 D HeterodyneSyncer: updateFlag: com.google.android.finsky.regular, 83621120, 3, , InstallerCodegen__phonesky_update_storage_offset_mb
06-30 03:59:31.674  2353  2460 D HeterodyneSyncer: updateFlag: com.google.android.finsky.regular, 83621120, 3, , InstallerCodegen__recover_in_start_apk_state
06-30 03:59:31.674  2353  2460 D HeterodyneSyncer: updateFlag: com.google.android.finsky.regular, 83621120, 3, , InstallerCodegen__reject_install_if_the_task_is_idle
06-30 03:59:31.675  2353  2460 D HeterodyneSyncer: updateFlag: com.google.android.finsky.regular, 83621120, 3, , InstallerCodegen__show_gmscore_dependency_warning_for_install
06-30 03:59:31.675  2353  2460 D HeterodyneSyncer: updateFlag: com.google.android.finsky.regular, 83621120, 3, , InstallerCodegen__skip_resource_cancel_when_no_task
06-30 03:59:31.675  2353  2460 D HeterodyneSyncer: updateFlag: com.google.android.finsky.regular, 83621120, 3, , InstallerCodegen__skip_resource_logging_when_no_task
06-30 03:59:31.675  2353  2460 D HeterodyneSyncer: updateFlag: com.google.android.finsky.regular, 83621120, 3, , InstallerCodegen__stop_samegrades_from_derived_id_zero
06-30 03:59:31.678  2353  2460 D HeterodyneSyncer: updateFlag: com.google.android.finsky.regular, 83621120, 3, , InstallerCodegen__update_installreason_for_install_scheduled
06-30 03:59:31.679  2353  2460 D HeterodyneSyncer: updateFlag: com.google.android.finsky.regular, 83621120, 3, , InstallerV2__enable_installer_v2_install_hint_regular
06-30 03:59:31.679  2353  2460 D HeterodyneSyncer: updateFlag: com.google.android.finsky.regular, 83621120, 3, , InstallerV2__enable_remove_phonesky_package_install
06-30 03:59:31.679  2353  2460 D HeterodyneSyncer: updateFlag: com.google.android.finsky.regular, 83621120, 3, , InstallerV2__enable_select_most_recent_session_in_synchronization
06-30 03:59:31.679  2353  2460 D HeterodyneSyncer: updateFlag: com.google.android.finsky.regular, 83621120, 3, , InstallerV2__log_invalid_account_for_bad_auth_account
06-30 03:59:31.679  2353  2460 D HeterodyneSyncer: updateFlag: com.google.android.finsky.regular, 83621120, 3, , Installer__enable_apk_cache_api_v2
06-30 03:59:31.679  2353  2460 D HeterodyneSyncer: updateFlag: com.google.android.finsky.regular, 83621120, 3, , Installer__enable_conflicting_package_logging
06-30 03:59:31.679  2353  2460 D HeterodyneSyncer: updateFlag: com.google.android.finsky.regular, 83621120, 3, , Installer__enable_cross_install_acquisition_log_fix
06-30 03:59:31.680  2353  2460 D HeterodyneSyncer: updateFlag: com.google.android.finsky.regular, 83621120, 3, , Installer__enable_install_request_log_parenting_fix
06-30 03:59:31.680   348   502 D AudioFlinger: mixer(0xb40000753f869a70) throttle end: throttle time(18)
06-30 03:59:31.680  2353  2460 D HeterodyneSyncer: updateFlag: com.google.android.finsky.regular, 83621120, 3, , Installer__enable_instant_app_install_attribution
06-30 03:59:31.680  2353  2460 D HeterodyneSyncer: updateFlag: com.google.android.finsky.regular, 83621120, 3, , Installer__enable_remote_install_request
06-30 03:59:31.680  2353  2460 D HeterodyneSyncer: updateFlag: com.google.android.finsky.regular, 83621120, 3, , Installer__enable_remote_install_status_update_from_notification
06-30 03:59:31.680  2353  2460 D HeterodyneSyncer: updateFlag: com.google.android.finsky.regular, 83621120, 3, , Installer__enable_remote_install_status_update_using_playconnect
06-30 03:59:31.680  2353  2460 D HeterodyneSyncer: updateFlag: com.google.android.finsky.regular, 83621120, 3, , Installer__fix_group_double_logging_on_download_error
06-30 03:59:31.680  2353  2460 D HeterodyneSyncer: updateFlag: com.google.android.finsky.regular, 83621120, 3, , Installer__install_queue_cancel_inactive
06-30 03:59:31.680  2353  2460 D HeterodyneSyncer: updateFlag: com.google.android.finsky.regular, 83621120, 3, , Installer__prioritize_enterprise_install_over_group_install
06-30 03:59:31.680  2353  2460 D HeterodyneSyncer: updateFlag: com.google.android.finsky.regular, 83621120, 3, , Installer__send_remote_install_status_update_notification
06-30 03:59:31.680  2353  2460 D HeterodyneSyncer: updateFlag: com.google.android.finsky.regular, 83621120, 3, , Installer__system_app_check_on_package_removed
06-30 03:59:31.680  2353  2460 D HeterodyneSyncer: updateFlag: com.google.android.finsky.regular, 83621120, 3, , Installer__use_isid_as_background_logger_data_store_key
06-30 03:59:31.680  2353  2460 D HeterodyneSyncer: updateFlag: com.google.android.finsky.regular, 83621120, 3, , InstantAppsAccountManagement__sync_server_opt_in_state_to_gms_core
06-30 03:59:31.680  2353  2460 D HeterodyneSyncer: updateFlag: com.google.android.finsky.regular, 83621120, 3, , InstantAppsAdsReferrer__add_instant_param_to_bundle
06-30 03:59:31.680  2353  2460 D HeterodyneSyncer: updateFlag: com.google.android.finsky.regular, 83621120, 3, , InstantAppsAdsReferrer__enable_instant_app_launch_broadcast_receiver
06-30 03:59:31.681  2353  2460 D HeterodyneSyncer: updateFlag: com.google.android.finsky.regular, 83621120, 3, , InstantAppsAdsReferrer__instant_param_attribution_window
06-30 03:59:31.681  2353  2460 D HeterodyneSyncer: updateFlag: com.google.android.finsky.regular, 83621120, 3, , InstantAppsAdsReferrer__stop_saving_quick_install_referrers
06-30 03:59:31.681  2353  2460 D HeterodyneSyncer: updateFlag: com.google.android.finsky.regular, 83621120, 3, , InstantAppsAds__instant_apps_ads_counterfactual_show_more
06-30 03:59:31.681  2353  2460 D HeterodyneSyncer: updateFlag: com.google.android.finsky.regular, 83621120, 3, , InstantAppsIab__enable_iab_to_use_instant_apps_aware_package_manager
06-30 03:59:31.681  2353  2460 D HeterodyneSyncer: updateFlag: com.google.android.finsky.regular, 83621120, 3, , InstantAppsInit__enable_startup_init
06-30 03:59:31.681  2353  2460 D HeterodyneSyncer: updateFlag: com.google.android.finsky.regular, 83621120, 3, , InstantAppsIntentCreation__use_secure_supervisor_activity_alias_if_available
06-30 03:59:31.681  2353  2460 D HeterodyneSyncer: updateFlag: com.google.android.finsky.regular, 83621120, 3, , InstantAppsLaunchKeys__construct_launch_intent_from_launch_key
06-30 03:59:31.681  2353  2460 D HeterodyneSyncer: updateFlag: com.google.android.finsky.regular, 83621120, 3, , InstantAppsLaunchKeys__disable_default_url_fallback
06-30 03:59:31.682  1938  2250 D PhFileGroupPop: Added file groups smart_actions_emotive_models
06-30 03:59:31.683  2353  2460 D HeterodyneSyncer: updateFlag: com.google.android.finsky.regular, 83621120, 3, , InstantAppsLaunchKeys__enable_launch_key_decoding
06-30 03:59:31.683  2353  2460 D HeterodyneSyncer: updateFlag: com.google.android.finsky.regular, 83621120, 3, , InstantAppsLaunchKeys__enable_launch_key_opt_in_state_checking
06-30 03:59:31.683  2353  2460 D HeterodyneSyncer: updateFlag: com.google.android.finsky.regular, 83621120, 3, , InstantAppsLaunchKeys__enable_launch_keys_for_details_page_and_launch_api
06-30 03:59:31.683  2353  2460 D HeterodyneSyncer: updateFlag: com.google.android.finsky.regular, 83621120, 3, , InstantAppsLaunchKeys__prefer_launch_key_default_url
06-30 03:59:31.684  2353  2460 D HeterodyneSyncer: updateFlag: com.google.android.finsky.regular, 83621120, 3, , InstantAppsOneClickInstall__instant_apps_one_click_install_whitelisted_packages
06-30 03:59:31.684  2353  2460 D HeterodyneSyncer: updateFlag: com.google.android.finsky.regular, 83621120, 3, , InstantAppsQuickInstall__quick_install_sweeper_integration
06-30 03:59:31.684  2353  2460 D HeterodyneSyncer: updateFlag: com.google.android.finsky.regular, 83621120, 3, , InstantAppsSupervisor__remove_supervisor
06-30 03:59:31.684  2353  2460 D HeterodyneSyncer: updateFlag: com.google.android.finsky.regular, 83621120, 3, , InstantAppsTryNowVisibility__disable_instant_apps_launch_intents
06-30 03:59:31.684  2353  2460 D HeterodyneSyncer: updateFlag: com.google.android.finsky.regular, 83621120, 3, , InstantAppsTryNowVisibility__enable_instant_apps_launch_button_for_users_who_prefer_web
06-30 03:59:31.684  2353  2460 D HeterodyneSyncer: updateFlag: com.google.android.finsky.regular, 83621120, 3, , InstantAppsTryNowVisibility__enable_try_now_on_tubesky
06-30 03:59:31.684  2353  2460 D HeterodyneSyncer: updateFlag: com.google.android.finsky.regular, 83621120, 3, , InstantAppsTv__enable_android_tv_compatibility
06-30 03:59:31.684  2353  2460 D HeterodyneSyncer: updateFlag: com.google.android.finsky.regular, 83621120, 3, , InstantAppsUninstallWedgedSupervisor__enable_hygiene_task
06-30 03:59:31.684  2353  2460 D HeterodyneSyncer: updateFlag: com.google.android.finsky.regular, 83621120, 3, , InstantAppsUninstallWedgedSupervisor__uninstall_equal_or_below_supervisor_version
06-30 03:59:31.684  2353  2460 D HeterodyneSyncer: updateFlag: com.google.android.finsky.regular, 83621120, 3, , InstantAppsUpgrades__killswitch_instant_app_upgrade_reporting
06-30 03:59:31.685  2353  2460 D HeterodyneSyncer: updateFlag: com.google.android.finsky.regular, 83621120, 3, , InstantApps__enable_sync_instant_app_status
06-30 03:59:31.685  2353  2460 D HeterodyneSyncer: updateFlag: com.google.android.finsky.regular, 83621120, 3, , InstantApps__trynow_force_framework_resolution_oplus
06-30 03:59:31.685  2353  2460 D HeterodyneSyncer: updateFlag: com.google.android.finsky.regular, 83621120, 3, , InstantCart__add_sku_details_token_from_prefetchable_acquisition
06-30 03:59:31.685  2353  2460 D HeterodyneSyncer: updateFlag: com.google.android.finsky.regular, 83621120, 3, , InstantCart__enable_books_in_store_bundle_prefetch
06-30 03:59:31.685  2353  2460 D HeterodyneSyncer: updateFlag: com.google.android.finsky.regular, 83621120, 3, , InstantCart__enable_bulk_acquire_client_logging
06-30 03:59:31.685  2353  2460 D HeterodyneSyncer: updateFlag: com.google.android.finsky.regular, 83621120, 3, , InstantCart__enable_calling_app_package_name_in_cache_key
06-30 03:59:31.686  2353  2460 D HeterodyneSyncer: updateFlag: com.google.android.finsky.regular, 83621120, 3, , InstantCart__enable_in_store_prefetch_item_offer_type
06-30 03:59:31.686  2353  2460 D HeterodyneSyncer: updateFlag: com.google.android.finsky.regular, 83621120, 3, , InstantCart__enable_in_store_prefetch_phonesky_backend
06-30 03:59:31.686  2353  2460 D HeterodyneSyncer: updateFlag: com.google.android.finsky.regular, 83621120, 3, , InstantCart__enable_new_cache_key_in_acquire_cache
06-30 03:59:31.686  2353  2460 D HeterodyneSyncer: updateFlag: com.google.android.finsky.regular, 83621120, 3, , InstantCart__enable_play_pass_extra_purchase_params_in_cache_key
06-30 03:59:31.687  2353  2460 D HeterodyneSyncer: updateFlag: com.google.android.finsky.regular, 83621120, 3, , InstantCart__enable_prefetch_for_yt_product_dummy
06-30 03:59:31.687  2353  2460 D HeterodyneSyncer: updateFlag: com.google.android.finsky.regular, 83621120, 3, , IntegrityService__add_caller_package_name_to_dg_extras
06-30 03:59:31.687  2353  2460 D HeterodyneSyncer: updateFlag: com.google.android.finsky.regular, 83621120, 3, , IntegrityService__allow_passing_gcp_number
