06-30 03:59:31.775  2353  2460 D HeterodyneSyncer: updateFlag: com.google.android.finsky.regular, 83621120, 3, , TubeskyRapidInstall__enable_background_fix
06-30 03:59:31.776  2353  2460 D HeterodyneSyncer: updateFlag: com.google.android.finsky.regular, 83621120, 3, , TubeskySearchImprovements__is_enabled
06-30 03:59:31.776  2353  2460 D HeterodyneSyncer: updateFlag: com.google.android.finsky.regular, 83621120, 3, , TvAcquisitionFlow__enable_translucent_window
06-30 03:59:31.776  2353  2460 D HeterodyneSyncer: updateFlag: com.google.android.finsky.regular, 83621120, 3, , UnackInAppSubscriptionWarningMessage__enable_details_page_message
06-30 03:59:31.776  2353  2460 D HeterodyneSyncer: updateFlag: com.google.android.finsky.regular, 83621120, 3, , UnackInAppSubscriptionWarningMessage__enable_message_on_details_page
06-30 03:59:31.776  2353  2460 D HeterodyneSyncer: updateFlag: com.google.android.finsky.regular, 83621120, 3, , UnackInAppSubscriptionWarningMessage__enable_test_code_logging
06-30 03:59:31.776  2353  2460 D HeterodyneSyncer: updateFlag: com.google.android.finsky.regular, 83621120, 3, , UnackInAppSubscriptionWarningMessage__enable_test_codes
06-30 03:59:31.776  2353  2460 D HeterodyneSyncer: updateFlag: com.google.android.finsky.regular, 83621120, 3, , UnauthDebugSettings__signed_android_identity_token
06-30 03:59:31.776  2353  2460 D HeterodyneSyncer: updateFlag: com.google.android.finsky.regular, 83621120, 3, , UnauthPaiUpdates__enable_unauth_PAI_app_updates
06-30 03:59:31.776  2353  2460 D HeterodyneSyncer: updateFlag: com.google.android.finsky.regular, 83621120, 3, , UnauthUpdates__enable_unauth_manual_update
06-30 03:59:31.776  2353  2460 D HeterodyneSyncer: updateFlag: com.google.android.finsky.regular, 83621120, 3, , UnicornCodegen__block_unsupervised_kids
06-30 03:59:31.777  2353  2460 D HeterodyneSyncer: updateFlag: com.google.android.finsky.regular, 83621120, 3, , UnicornCodegen__send_app_version_code_for_get_items
06-30 03:59:31.777  2353  2460 D HeterodyneSyncer: updateFlag: com.google.android.finsky.regular, 83621120, 3, , Unicorn__send_app_version_code_for_details
06-30 03:59:31.777  2353  2460 D HeterodyneSyncer: updateFlag: com.google.android.finsky.regular, 83621120, 3, , UnifiedSync__droid_guard_payload_min_latency
06-30 03:59:31.777  2353  2460 D HeterodyneSyncer: updateFlag: com.google.android.finsky.regular, 83621120, 3, , UnifiedSync__droid_guard_payload_reuse_duration
06-30 03:59:31.777  2353  2460 D HeterodyneSyncer: updateFlag: com.google.android.finsky.regular, 83621120, 3, , UnifiedSync__droid_guard_payload_sent_for_current_account_only
06-30 03:59:31.777  2353  2460 D HeterodyneSyncer: updateFlag: com.google.android.finsky.regular, 83621120, 3, , UnifiedSync__droidguard_flow_name
06-30 03:59:31.777  2353  2460 D HeterodyneSyncer: updateFlag: com.google.android.finsky.regular, 83621120, 3, , UnifiedSync__enable_latency_tolerant_sync_requests
06-30 03:59:31.777  2353  2460 D HeterodyneSyncer: updateFlag: com.google.android.finsky.regular, 83621120, 3, , UnifiedSync__enable_server_notification_hygiene_specific_payload
06-30 03:59:31.777  2353  2460 D HeterodyneSyncer: updateFlag: com.google.android.finsky.regular, 83621120, 3, , UnifiedSync__enable_server_notification_trigger_in_response_wrapper
06-30 03:59:31.777  2353  2460 D HeterodyneSyncer: updateFlag: com.google.android.finsky.regular, 83621120, 3, , UnifiedSync__filter_nonreused_synced_payloads
06-30 03:59:31.777  2353  2460 D HeterodyneSyncer: updateFlag: com.google.android.finsky.regular, 83621120, 3, , UnifiedSync__include_server_sync_consistency_cookies_in_request
06-30 03:59:31.777  2353  2460 D HeterodyneSyncer: updateFlag: com.google.android.finsky.regular, 83621120, 3, , UnifiedSync__latency_sensitive_plus_urgencies
06-30 03:59:31.777  2353  2460 D HeterodyneSyncer: updateFlag: com.google.android.finsky.regular, 83621120, 3, , UnifiedSync__max_server_sync_consistency_cookies_to_store
06-30 03:59:31.777  2353  2460 D HeterodyneSyncer: updateFlag: com.google.android.finsky.regular, 83621120, 3, , UnifiedSync__schedule_promotional_notification_refresh_in_hygiene_job
06-30 03:59:31.778  2353  2460 D HeterodyneSyncer: updateFlag: com.google.android.finsky.regular, 83621120, 3, , UnifiedSync__unified_sync_hygiene_delay
06-30 03:59:31.778  2353  2460 D HeterodyneSyncer: updateFlag: com.google.android.finsky.regular, 83621120, 3, , UninstallApp__remove_uninstall_app_auto_refund
06-30 03:59:31.778  2353  2460 D HeterodyneSyncer: updateFlag: com.google.android.finsky.regular, 83621120, 3, , UninstallManager__fix_uninstall_manager_uninstall_reason
06-30 03:59:31.778  2353  2460 D HeterodyneSyncer: updateFlag: com.google.android.finsky.regular, 83621120, 3, , UninstallManager__improve_destination_page_sorting
06-30 03:59:31.778  2353  2460 D HeterodyneSyncer: updateFlag: com.google.android.finsky.regular, 83621120, 3, , UninstallManager__show_system_apps
06-30 03:59:31.778  2353  2460 D HeterodyneSyncer: updateFlag: com.google.android.finsky.regular, 83621120, 3, , UninstallManager__show_uninstall_manager_in_install_queue_for_single_install
06-30 03:59:31.778  2353  2460 D HeterodyneSyncer: updateFlag: com.google.android.finsky.regular, 83621120, 3, , UninstallManager__system_apps_allow_list
06-30 03:59:31.778  2353  2460 D HeterodyneSyncer: updateFlag: com.google.android.finsky.regular, 83621120, 3, , UninstallManager__uninstall_manager_app_data_cache_load_timeout
06-30 03:59:31.778  2353  2460 D HeterodyneSyncer: updateFlag: com.google.android.finsky.regular, 83621120, 3, , UninstallManager__uninstall_manager_on_data_changed_rebind_views_delay
06-30 03:59:31.778  2353  2460 D HeterodyneSyncer: updateFlag: com.google.android.finsky.regular, 83621120, 3, , UnivisionDataAppDownloadProgress__enable_value_validation
06-30 03:59:31.778  2353  2460 D HeterodyneSyncer: updateFlag: com.google.android.finsky.regular, 83621120, 3, , UnivisionDataBatchInstallqueue__actor_channel_buffer_size
06-30 03:59:31.778  2353  2460 D HeterodyneSyncer: updateFlag: com.google.android.finsky.regular, 83621120, 3, , UnivisionDataBatchInstallqueue__batch_timeout
06-30 03:59:31.778  2353  2460 D HeterodyneSyncer: updateFlag: com.google.android.finsky.regular, 83621120, 3, , UnivisionDataBatchInstallqueue__enable
06-30 03:59:31.778  2353  2460 D HeterodyneSyncer: updateFlag: com.google.android.finsky.regular, 83621120, 3, , UnivisionDataBatchItemstore__actor_channel_buffer_size
06-30 03:59:31.779  2353  2460 D HeterodyneSyncer: updateFlag: com.google.android.finsky.regular, 83621120, 3, , UnivisionDataBatchItemstore__batch_timeout
06-30 03:59:31.779  2353  2460 D HeterodyneSyncer: updateFlag: com.google.android.finsky.regular, 83621120, 3, , UnivisionDataBatchItemstore__enable
06-30 03:59:31.779  2353  2460 D HeterodyneSyncer: updateFlag: com.google.android.finsky.regular, 83621120, 3, , UnivisionDataCustomCombine__enable_for_item_client_state
06-30 03:59:31.779  2353  2460 D HeterodyneSyncer: updateFlag: com.google.android.finsky.regular, 83621120, 3, , UnivisionPlayCommerce__enable_session_viewmodel
06-30 03:59:31.779  2353  2460 D HeterodyneSyncer: updateFlag: com.google.android.finsky.regular, 83621120, 3, , UnivisionSubscriptionCenter__is_enabled
06-30 03:59:31.779  2353  2460 D HeterodyneSyncer: updateFlag: com.google.android.finsky.regular, 83621120, 3, , UnivisionWriteReviewPage__enable_back_button_in_legacy_tablet_mode
06-30 03:59:31.782  2353  2460 D HeterodyneSyncer: updateFlag: com.google.android.finsky.regular, 83621120, 3, , UnivisionWriteReviewPage__enable_legacy_edit_text_view_in_univision
06-30 03:59:31.783  2353  2460 D HeterodyneSyncer: updateFlag: com.google.android.finsky.regular, 83621120, 3, , UnivisionWriteReviewPage__enable_transparent_background_in_legacy_tablet_mode
06-30 03:59:31.783  2353  2460 D HeterodyneSyncer: updateFlag: com.google.android.finsky.regular, 83621120, 3, , UnivisionWriteReviewPage__enable_uwrp
06-30 03:59:31.783  2353  2460 D HeterodyneSyncer: updateFlag: com.google.android.finsky.regular, 83621120, 3, , Univision__hawkeye_enable_serp
06-30 03:59:31.783  2353  2460 D HeterodyneSyncer: updateFlag: com.google.android.finsky.regular, 83621120, 3, , UnrecognizedAppStoreListing__is_enabled
06-30 03:59:31.790  2353  2460 D HeterodyneSyncer: updateFlag: com.google.android.finsky.regular, 83621120, 3, , UnrecognizedAppStoreListing__unrecognized_app_store_listing_enabled
06-30 03:59:31.790  2353  2460 D HeterodyneSyncer: updateFlag: com.google.android.finsky.regular, 83621120, 3, , UpdateBackgroundColorsForMaterialNext__is_enabled
06-30 03:59:31.790  2353  2460 D HeterodyneSyncer: updateFlag: com.google.android.finsky.regular, 83621120, 3, , UpdateImportance__update_importance_enabling_filtering_in_outstanding_update_notification
06-30 03:59:31.790  2353  2460 D HeterodyneSyncer: updateFlag: com.google.android.finsky.regular, 83621120, 3, , UpdateImportance__update_importance_manual_action_needed_threshold_days
06-30 03:59:31.790  2353  2460 D HeterodyneSyncer: updateFlag: com.google.android.finsky.regular, 83621120, 3, , UpdateImportance__update_importance_min_clickability_score_to_show_outstanding_update_notification
06-30 03:59:31.791  2353  2460 D HeterodyneSyncer: updateFlag: com.google.android.finsky.regular, 83621120, 3, , UpdateImportance__update_importance_min_clickability_score_to_show_successful_update_notification
06-30 03:59:31.791  2353  2460 D HeterodyneSyncer: updateFlag: com.google.android.finsky.regular, 83621120, 3, , UpdateImportance__update_importance_min_clickability_score_to_show_update_notification
06-30 03:59:31.791  2353  2460 D HeterodyneSyncer: updateFlag: com.google.android.finsky.regular, 83621120, 3, , UpdateImportance__update_importance_min_manual_action_score_to_show_update_notification
06-30 03:59:31.791  2353  2460 D HeterodyneSyncer: updateFlag: com.google.android.finsky.regular, 83621120, 3, , UpdateImportance__update_importance_min_usefulness_score_to_show_update_notification
06-30 03:59:31.791  2353  2460 D HeterodyneSyncer: updateFlag: com.google.android.finsky.regular, 83621120, 3, , UpdateImportance__update_importance_rank_apps_in_outstanding_updates_notifications
06-30 03:59:31.792  2353  2460 D HeterodyneSyncer: updateFlag: com.google.android.finsky.regular, 83621120, 3, , UpdateImportance__update_importance_rank_apps_in_successfully_updated_notifications
06-30 03:59:31.792  2353  2460 D HeterodyneSyncer: updateFlag: com.google.android.finsky.regular, 83621120, 3, , UpdateImportance__update_importance_recent_usage_query_interval_days
06-30 03:59:31.792  2353  2460 D HeterodyneSyncer: updateFlag: com.google.android.finsky.regular, 83621120, 3, , UpdateImportance__update_importance_sort_updates_in_my_apps_updates_per_importance
06-30 03:59:31.792  2353  2460 D HeterodyneSyncer: updateFlag: com.google.android.finsky.regular, 83621120, 3, , UpdateImportance__update_importance_update_frequency_threshold_days
06-30 03:59:31.793  2353  2460 D HeterodyneSyncer: updateFlag: com.google.android.finsky.regular, 83621120, 3, , UpdateImportance__update_importance_use_update_importance_to_trigger_successful_update_notification
06-30 03:59:31.793  2353  2460 D HeterodyneSyncer: updateFlag: com.google.android.finsky.regular, 83621120, 3, , UpdateImportance__update_importance_usefulness_threshold_days
06-30 03:59:31.793  2353  2460 D HeterodyneSyncer: updateFlag: com.google.android.finsky.regular, 83621120, 3, , UseGoogleSansTextForBody__is_enabled
06-30 03:59:31.793  2353  2460 D HeterodyneSyncer: updateFlag: com.google.android.finsky.regular, 83621120, 3, , UserLanguagesCodegen__dont_kill_ignore_importance
06-30 03:59:31.793  2353  2460 D HeterodyneSyncer: updateFlag: com.google.android.finsky.regular, 83621120, 3, , UserLanguagesCodegen__max_background_retries
06-30 03:59:31.793  2353  2460 D HeterodyneSyncer: updateFlag: com.google.android.finsky.regular, 83621120, 3, , UserLanguages__deferred_languages_require_wifi_charging
06-30 03:59:31.793  2353  2460 D HeterodyneSyncer: updateFlag: com.google.android.finsky.regular, 83621120, 3, , UserLanguages__kill_switch_split_installs_for_other_apps_on_locale_change
06-30 03:59:31.793  2353  2460 D HeterodyneSyncer: updateFlag: com.google.android.finsky.regular, 83621120, 3, , UserLanguages__language_check_after_ota
06-30 03:59:31.793  2353  2460 D HeterodyneSyncer: updateFlag: com.google.android.finsky.regular, 83621120, 3, , UserLanguages__network_restriction_for_language_splits
06-30 03:59:31.794  2353  2460 D HeterodyneSyncer: updateFlag: com.google.android.finsky.regular, 83621120, 3, , UserSettings__enable_user_settings_value_store
06-30 03:59:31.794  2353  2460 D HeterodyneSyncer: updateFlag: com.google.android.finsky.regular, 83621120, 3, , VerticalScroller__disable_horizontal_overscroll_when_loading
06-30 03:59:31.794  2353  2460 D HeterodyneSyncer: updateFlag: com.google.android.finsky.regular, 83621120, 3, , VerticalScroller__killswitch_allow_forced_scroll_to_position
06-30 03:59:31.794  2353  2460 D HeterodyneSyncer: updateFlag: com.google.android.finsky.regular, 83621120, 3, , VerticalScroller__use_flat_card_min_width_in_grid_for_generic_grid
06-30 03:59:31.794  2353  2460 D HeterodyneSyncer: updateFlag: com.google.android.finsky.regular, 83621120, 3, , VideoManagerFeatures__autoplay_video_on_render
06-30 03:59:31.794  2353  2460 D HeterodyneSyncer: updateFlag: com.google.android.finsky.regular, 83621120, 3, , VrAcquisitionFlow__deprecate_billing_service
06-30 03:59:31.794  2353  2460 D HeterodyneSyncer: updateFlag: com.google.android.finsky.regular, 83621120, 3, , VrAcquisitionFlow__enable_2D_flow
06-30 03:59:31.794  2353  2460 D HeterodyneSyncer: updateFlag: com.google.android.finsky.regular, 83621120, 3, , WarmStartOptimization__log_mismatch_home_urls
06-30 03:59:31.794  2353  2460 D HeterodyneSyncer: updateFlag: com.google.android.finsky.regular, 83621120, 3, , WarmStartOptimization__toc_loading_indicator_delay_ms
06-30 03:59:31.794  2353  2460 D HeterodyneSyncer: updateFlag: com.google.android.finsky.regular, 83621120, 3, , WearAcquisitionFlow__enable_wear_free_acquire_remote_escalation
06-30 03:59:31.795  2353  2460 D HeterodyneSyncer: updateFlag: com.google.android.finsky.regular, 83621120, 3, , WearAutoUpdate__enable_basic_idle_relaxation_policy
06-30 03:59:31.795  2353  2460 D HeterodyneSyncer: updateFlag: com.google.android.finsky.regular, 83621120, 3, , WearDebugOptions__enable_debug_options_menu
06-30 03:59:31.795  2353  2460 D HeterodyneSyncer: updateFlag: com.google.android.finsky.regular, 83621120, 3, , WearDeferPaginate__is_enabled
06-30 03:59:31.795  2353  2460 D HeterodyneSyncer: updateFlag: com.google.android.finsky.regular, 83621120, 3, , WearHygieneOptimization__enable_wear_dependency_optimization
06-30 03:59:31.795  2353  2460 D HeterodyneSyncer: updateFlag: com.google.android.finsky.regular, 83621120, 3, , WearInstall__use_playconnect_for_companion_app_install
06-30 03:59:31.799  2353  2460 D HeterodyneSyncer: updateFlag: com.google.android.finsky.regular, 83621120, 3, , WearPaymentMultiAccount__enable_wear_payment_ah_amb
06-30 03:59:31.799  2353  2460 D HeterodyneSyncer: updateFlag: com.google.android.finsky.regular, 83621120, 3, , WearSupport__killswitch_foreground_wear_service
06-30 03:59:31.800  2353  2460 D HeterodyneSyncer: updateFlag: com.google.android.finsky.regular, 83621120, 3, , WearSupport__wear_companion_app_list
06-30 03:59:31.800  2353  2460 D HeterodyneSyncer: updateFlag: com.google.android.finsky.regular, 83621120, 3, , WearUserCheckForUpdate__is_enabled
06-30 03:59:31.800  2353  2460 D HeterodyneSyncer: updateFlag: com.google.android.finsky.regular, 83621120, 3, , WideMediaFeatures__toggle_metadata_visibility
06-30 03:59:31.800  2353  2460 D HeterodyneSyncer: updateFlag: com.google.android.finsky.regular, 83621120, 3, , WideMediaText__is_background_bright
06-30 03:59:31.800  2353  2460 D HeterodyneSyncer: updateFlag: com.google.android.finsky.regular, 83621120, 3, , YoutubeUgcVideo__show_youtube_ugc_video_on_dp
06-30 03:59:31.800  2353  2460 D HeterodyneSyncer: updateFlag: com.google.android.finsky.regular, 83621120, 3, , YoutubeUgcVideo__ugc_module_above_rr
06-30 03:59:31.800  2353  2460 D HeterodyneSyncer: updateFlag: com.google.android.finsky.regular, 83621120, 3, , YtWebPlayerBugfix__enable_yt_web_player_bugfix
06-30 03:59:31.800  2353  2460 D HeterodyneSyncer: updateFlag: com.google.android.finsky.regular, 83621120, 3, , Zapp__enable_app_version_override
06-30 03:59:31.801  2353  2460 D HeterodyneSyncer: updateFlag: com.google.android.finsky.regular, 83621120, 3, , ZeroPrefixSearchSuggest__disable_whitespaces_fix
06-30 03:59:31.801  2353  2460 D HeterodyneSyncer: updateFlag: com.google.android.finsky.regular, 83621120, 3, , ZeroPrefixSearchSuggest__enable_on_device_suggest
06-30 03:59:31.801  2353  2460 D HeterodyneSyncer: updateFlag: com.google.android.finsky.regular, 83621120, 3, , ZeroPrefixSearchSuggest__enable_search_suggest_pcsi_v2
06-30 03:59:31.801  2353  2460 D HeterodyneSyncer: updateFlag: com.google.android.finsky.regular, 83621120, 3, , ZeroPrefixSearchSuggest__enable_updated_background
06-30 03:59:31.801  2353  2460 D HeterodyneSyncer: updateFlag: com.google.android.finsky.regular, 83621120, 3, , ZeroPrefixSearchSuggest__enable_updated_search_suggest_theming
06-30 03:59:31.801  2353  2460 D HeterodyneSyncer: updateFlag: com.google.android.finsky.regular, 83621120, 3, , ZeroPrefixSearchSuggest__enable_zero_prefix_response_homepage_prefetch
06-30 03:59:31.801  2353  2460 D HeterodyneSyncer: updateFlag: com.google.android.finsky.regular, 83621120, 3, , ZeroPrefixSearchSuggest__enable_zero_prefix_search_suggest_daily_hygiene
06-30 03:59:31.802  2353  2460 D HeterodyneSyncer: updateFlag: com.google.android.finsky.regular, 83621120, 3, , ZeroPrefixSearchSuggest__enable_zero_prefix_server_suggest
06-30 03:59:31.802  2353  2460 D HeterodyneSyncer: updateFlag: com.google.android.finsky.regular, 83621120, 3, , ZeroPrefixSearchSuggest__hide_keyboard_on_suggest_page_open
06-30 03:59:31.802  2353  2460 D HeterodyneSyncer: updateFlag: com.google.android.finsky.regular, 83621120, 3, , ZeroPrefixSearchSuggest__navigate_back_to_zero_prefix_search_suggest_from_details_page
06-30 03:59:31.802  2353  2460 D HeterodyneSyncer: updateFlag: com.google.android.finsky.regular, 83621120, 3, , ZeroPrefixSearchSuggest__show_no_zero_prefix_suggestions_if_only_ads_are_available
06-30 03:59:31.802  2353  2460 D HeterodyneSyncer: updateFlag: com.google.android.finsky.regular, 83621120, 3, , ZeroPrefixSearchSuggest__show_remote_suggest_above_recent_search
06-30 03:59:31.802  2353  2460 D HeterodyneSyncer: updateFlag: com.google.android.finsky.regular, 83621120, 3, , ZeroPrefixSearchSuggest__zero_prefix_recent_search_suggestion_count
06-30 03:59:31.802  2353  2460 D HeterodyneSyncer: updateFlag: com.google.android.finsky.regular, 83621120, 3, , ZeroPrefixSearchSuggest__zero_prefix_search_suggest_page_max_wait_time_ms
06-30 03:59:31.802  2353  2460 D HeterodyneSyncer: updateFlag: com.google.android.finsky.regular, 83621120, 3, , ZeroRating__enable_zero_rating
06-30 03:59:31.803  2353  2460 D HeterodyneSyncer: updateFlag: com.google.android.finsky.regular, 83621120, 3, , finsky.zapp.rate_limit_num_permitted_calls
06-30 03:59:31.803  2353  2460 D HeterodyneSyncer: updateFlag: com.google.android.finsky.regular, 83621120, 3, , finsky.zapp.rate_limit_window_ms
06-30 03:59:31.804  2353  2460 D HeterodyneSyncer: update experiment token: com.google.android.finsky.regular, 83621120,
06-30 03:59:31.809  2353  2460 D HeterodyneSyncer: update application tag, changed: com.google.android.finsky.stable, 83621120, , 0
06-30 03:59:31.809  2353  2460 D HeterodyneSyncer: Clearing partition: 0
06-30 03:59:31.825  1851  3606 I Auth    : [SupervisedAccountIntentOperation] onHandleIntent(): android.intent.action.PACKAGE_ADDED
06-30 03:59:31.840  1851  1851 D BoundBrokerSvc: onBind: Intent { act=com.google.android.gms.common.BIND_SHARED_PREFS pkg=com.google.android.gms }
06-30 03:59:31.840  1851  1851 D BoundBrokerSvc: Loading bound service for intent: Intent { act=com.google.android.gms.common.BIND_SHARED_PREFS pkg=com.google.android.gms }
06-30 03:59:31.849  2353  2460 D HeterodyneSyncer: updateFlag: com.google.android.finsky.stable, 83621120, 0, , AutoUpdate__enable_atomic_install_cancel_oversample
06-30 03:59:31.849  1104  2995 I Fitness : (REDACTED) FitCleanupIntentOperation received Intent %s
06-30 03:59:31.849  2353  2460 D HeterodyneSyncer: updateFlag: com.google.android.finsky.stable, 83621120, 0, , Cashmere__main_disk_cache_size_increase_mb
06-30 03:59:31.849  2353  2460 D HeterodyneSyncer: updateFlag: com.google.android.finsky.stable, 83621120, 0, , ClusterRenderingLatencyLogging__enable_cluster_rendering_latency
06-30 03:59:31.850  2353  2460 D HeterodyneSyncer: updateFlag: com.google.android.finsky.stable, 83621120, 0, , Cubes__cubes_enabled
06-30 03:59:31.851  2353  2460 D HeterodyneSyncer: updateFlag: com.google.android.finsky.stable, 83621120, 0, , Cubes__cubes_is_developer
06-30 03:59:31.851  2353  2460 D HeterodyneSyncer: updateFlag: com.google.android.finsky.stable, 83621120, 0, , DeveloperPage__developer_page_url
06-30 03:59:31.851  2353  2460 D HeterodyneSyncer: updateFlag: com.google.android.finsky.stable, 83621120, 0, , DownloadService__download_auto_updates_invisibly
06-30 03:59:31.852  2353  2460 D HeterodyneSyncer: updateFlag: com.google.android.finsky.stable, 83621120, 0, , DownloadService__download_background_auto_updates_invisibly
06-30 03:59:31.852  2353  2460 D HeterodyneSyncer: updateFlag: com.google.android.finsky.stable, 83621120, 0, , DownloadService__enable_cancellation_fix
06-30 03:59:31.855  2353  2460 D HeterodyneSyncer: updateFlag: com.google.android.finsky.stable, 83621120, 0, , DownloadService__enable_download_service_in_installer
06-30 03:59:31.855  2353  2460 D HeterodyneSyncer: updateFlag: com.google.android.finsky.stable, 83621120, 0, , DownloadService__fallback_to_download_queue
06-30 03:59:31.855  2353  2460 D HeterodyneSyncer: updateFlag: com.google.android.finsky.stable, 83621120, 0, , DownloadService__file_to_download_prioritization_enabled
06-30 03:59:31.855  2353  2460 D HeterodyneSyncer: updateFlag: com.google.android.finsky.stable, 83621120, 0, , DownloadService__kill_switch_remove_on_cancel
06-30 03:59:31.856  2353  2460 D HeterodyneSyncer: updateFlag: com.google.android.finsky.stable, 83621120, 0, , DownloadService__log_download_events_to_playlogs
06-30 03:59:31.856  2353  2460 D HeterodyneSyncer: updateFlag: com.google.android.finsky.stable, 83621120, 0, , DownloadService__retry_on_server_error
06-30 03:59:31.856  2353  2460 D HeterodyneSyncer: updateFlag: com.google.android.finsky.stable, 83621120, 0, , DownloadService__send_download_complete_broadcast_for_all_terminated_states
06-30 03:59:31.856  2353  2460 D HeterodyneSyncer: updateFlag: com.google.android.finsky.stable, 83621120, 0, , DownloadService__send_new_requests_to_download_service
06-30 03:59:31.856  2353  2460 D HeterodyneSyncer: updateFlag: com.google.android.finsky.stable, 83621120, 0, , DownloadService__send_new_split_install_requests_to_download_service
06-30 03:59:31.856  2353  2460 D HeterodyneSyncer: updateFlag: com.google.android.finsky.stable, 83621120, 0, , DownloadService__set_nocache_qos_when_idle
06-30 03:59:31.856  2353  2460 D HeterodyneSyncer: updateFlag: com.google.android.finsky.stable, 83621120, 0, , DownloadService__show_allow_cellular_data_notification_button
06-30 03:59:31.856  2353  2460 D HeterodyneSyncer: updateFlag: com.google.android.finsky.stable, 83621120, 0, , DownloadService__show_download_cancel_notification_button
06-30 03:59:31.856  2353  2460 D HeterodyneSyncer: updateFlag: com.google.android.finsky.stable, 83621120, 0, , DownloadService__start_foreground_service_when_device_in_background
06-30 03:59:31.857  2353  2460 D HeterodyneSyncer: updateFlag: com.google.android.finsky.stable, 83621120, 0, , EditorialContent__enable_editorial_content_page_in_univision
06-30 03:59:31.857  2353  2460 D HeterodyneSyncer: updateFlag: com.google.android.finsky.stable, 83621120, 0, , FlexibleContentCluster__custom_text_color_override
06-30 03:59:31.857  2353  2460 D HeterodyneSyncer: updateFlag: com.google.android.finsky.stable, 83621120, 0, , InstallerV2__kill_switch_log_external_status_code
06-30 03:59:31.857  2353  2460 D HeterodyneSyncer: updateFlag: com.google.android.finsky.stable, 83621120, 0, , Installer__skip_forced_group_install_queueing_to_installer
06-30 03:59:31.857  2353  2460 D HeterodyneSyncer: updateFlag: com.google.android.finsky.stable, 83621120, 0, , KotlinItemcache__is_enabled
06-30 03:59:31.857  2353  2460 D HeterodyneSyncer: updateFlag: com.google.android.finsky.stable, 83621120, 0, , LargeScreens__filter_bar_chip_list_mode
06-30 03:59:31.857  2353  2460 D HeterodyneSyncer: updateFlag: com.google.android.finsky.stable, 83621120, 0, , Libraryentryignoredoctypeequals__is_enabled
06-30 03:59:31.857  2353  2460 D HeterodyneSyncer: updateFlag: com.google.android.finsky.stable, 83621120, 0, , LocaleChanged__killswitch_enable_locale_header_update_on_locale_changed
06-30 03:59:31.857  2353  2460 D HeterodyneSyncer: updateFlag: com.google.android.finsky.stable, 83621120, 0, , MyAppsV3__enable_hibernation_action
06-30 03:59:31.857  2353  2460 D HeterodyneSyncer: updateFlag: com.google.android.finsky.stable, 83621120, 0, , NetworkOptimizations__use_saved_cronet_experimental_options
06-30 03:59:31.857  2353  2460 D HeterodyneSyncer: updateFlag: com.google.android.finsky.stable, 83621120, 0, , Peeking__killswitch_bugfix_207011005
06-30 03:59:31.857  2353  2460 D HeterodyneSyncer: updateFlag: com.google.android.finsky.stable, 83621120, 0, , ProcessSafeAccounts__enable_save_account_to_pvs
06-30 03:59:31.858  2353  2460 D HeterodyneSyncer: updateFlag: com.google.android.finsky.stable, 83621120, 0, , ProfileInception__aot_compilation_killswitch
06-30 03:59:31.858  2353  2460 D HeterodyneSyncer: updateFlag: com.google.android.finsky.stable, 83621120, 0, , ProfileInception__deadline_in_hours
06-30 03:59:31.858  2353  2460 D HeterodyneSyncer: updateFlag: com.google.android.finsky.stable, 83621120, 0, , ProfileInception__enabled_versions
06-30 03:59:31.858  2353  2460 D HeterodyneSyncer: updateFlag: com.google.android.finsky.stable, 83621120, 0, , QuestContentCard__enable_default_task_status_order
06-30 03:59:31.858  2353  2460 D HeterodyneSyncer: updateFlag: com.google.android.finsky.stable, 83621120, 0, , RedeemAcquireLoadingScreenFix__enable_full_screen
06-30 03:59:31.858  2353  2460 D HeterodyneSyncer: updateFlag: com.google.android.finsky.stable, 83621120, 0, , StandardUiAdapterFlowCollectorUsesSharedFlow__enabled
06-30 03:59:31.858  2353  2460 D HeterodyneSyncer: updateFlag: com.google.android.finsky.stable, 83621120, 0, , StoreDwellTime__enable_first_image_fix
06-30 03:59:31.858  2353  2460 D HeterodyneSyncer: updateFlag: com.google.android.finsky.stable, 83621120, 0, , UnivisionUiLogging__allow_multiple_activities
06-30 03:59:31.858  2353  2460 D HeterodyneSyncer: updateFlag: com.google.android.finsky.stable, 83621120, 0, , Univision__enable_cold_start_optimization
06-30 03:59:31.858  2353  2460 D HeterodyneSyncer: updateFlag: com.google.android.finsky.stable, 83621120, 0, , Univision__enable_generic_card_cluster_v3
06-30 03:59:31.858  2353  2460 D HeterodyneSyncer: updateFlag: com.google.android.finsky.stable, 83621120, 0, , Univision__enable_lazy_column_specifying_item_type
06-30 03:59:31.858  2353  2460 D HeterodyneSyncer: updateFlag: com.google.android.finsky.stable, 83621120, 0, , ViewPoolFrameLayout__is_enabled
06-30 03:59:31.858  2353  2460 D HeterodyneSyncer: updateFlag: com.google.android.finsky.stable, 83621120, 0, , VisRefresh__enable_override_account_name_for_action_buttons
06-30 03:59:31.858  2353  2460 D HeterodyneSyncer: update application tag, changed: com.google.android.finsky.stable, 83621120, , 2
06-30 03:59:31.858  2353  2460 D HeterodyneSyncer: Clearing partition: 2
06-30 03:59:31.861  2353  2460 D HeterodyneSyncer: updateFlag: com.google.android.finsky.stable, 83621120, 2, , Cashmere__enable_cashmere_deep_links
06-30 03:59:31.862  2353  2460 D HeterodyneSyncer: updateFlag: com.google.android.finsky.stable, 83621120, 2, , Cashmere__enable_cashmere_home
06-30 03:59:31.862  2353  2460 D HeterodyneSyncer: updateFlag: com.google.android.finsky.stable, 83621120, 2, , DownloadService__download_stream_exchanger_timeout_seconds
06-30 03:59:31.862  2353  2460 D HeterodyneSyncer: updateFlag: com.google.android.finsky.stable, 83621120, 2, , DownloadService__download_stream_exchanger_write_timeout_seconds
06-30 03:59:31.862  2353  2460 D HeterodyneSyncer: updateFlag: com.google.android.finsky.stable, 83621120, 2, , DownloadService__network_connect_timeout
06-30 03:59:31.862  2353  2460 D HeterodyneSyncer: updateFlag: com.google.android.finsky.stable, 83621120, 2, , InstallerV2__max_install_constraint_retry_attempts
06-30 03:59:31.862  2353  2460 D HeterodyneSyncer: updateFlag: com.google.android.finsky.stable, 83621120, 2, , JankLogging__enable_jank_logging
06-30 03:59:31.862  2353  2460 D HeterodyneSyncer: updateFlag: com.google.android.finsky.stable, 83621120, 2, , PrimesLogging__enable_battery_stats_logging
06-30 03:59:31.862  2353  2460 D HeterodyneSyncer: updateFlag: com.google.android.finsky.stable, 83621120, 2, , PrimesLogging__enable_memory_logging
06-30 03:59:31.862  2353  2460 D HeterodyneSyncer: updateFlag: com.google.android.finsky.stable, 83621120, 2, , PrimesLogging__enable_package_stats_logging
06-30 03:59:31.862  2353  2460 D HeterodyneSyncer: updateFlag: com.google.android.finsky.stable, 83621120, 2, , ReviewPolicyLabel__is_enabled
06-30 03:59:31.863  2353  2460 D HeterodyneSyncer: updateFlag: com.google.android.finsky.stable, 83621120, 2, , UnivisionUiLogging__enable_legacy_for_my_reviews
06-30 03:59:31.863  2353  2460 D HeterodyneSyncer: updateFlag: com.google.android.finsky.stable, 83621120, 2, , UnivisionUiLogging__enable_legacy_for_serp
06-30 03:59:31.863  2353  2460 D HeterodyneSyncer: update application tag, changed: com.google.android.finsky.stable, 83621120, , 3
06-30 03:59:31.863  2353  2460 D HeterodyneSyncer: Clearing partition: 3
06-30 03:59:31.869  1938  2250 D PhFileGroupPop: Added file groups smarts_expressive_content_scoped_v1
06-30 03:59:31.870  1938  2250 D PhFileGroupPop: Added file groups smart_actions_sensitive_classifier_models
06-30 03:59:31.871  1938  2250 D PhFileGroupPop: Added file groups scripted_reply
06-30 03:59:31.872  2353  2460 D HeterodyneSyncer: updateFlag: com.google.android.finsky.stable, 83621120, 3, , AcquireRefresh__compute_elapsed_time_using_uptime_millis
06-30 03:59:31.872  2353  2460 D HeterodyneSyncer: updateFlag: com.google.android.finsky.stable, 83621120, 3, , AcquireRefresh__enable_fix_image_blink
06-30 03:59:31.872  2353  2460 D HeterodyneSyncer: updateFlag: com.google.android.finsky.stable, 83621120, 3, , ActionButtons__show_contains_ads_in_legal_notes
06-30 03:59:31.872  2353  2460 D HeterodyneSyncer: updateFlag: com.google.android.finsky.stable, 83621120, 3, , AlleyOopDeeplinkedCsl__enable_deeplinked_csl
06-30 03:59:31.872  2353  2460 D HeterodyneSyncer: updateFlag: com.google.android.finsky.stable, 83621120, 3, , AlleyOopMigrateToHsdpV1__always_redirect_to_details
06-30 03:59:31.873  2353  2460 D HeterodyneSyncer: updateFlag: com.google.android.finsky.stable, 83621120, 3, , AlleyOopMigrateToHsdpV1__enable_hsdp_opt_in_check
06-30 03:59:31.873  2353  2460 D HeterodyneSyncer: updateFlag: com.google.android.finsky.stable, 83621120, 3, , AlleyOopMigrateToHsdpV1__enable_hsdp_post_install_stream
06-30 03:59:31.873  2353  2460 D HeterodyneSyncer: updateFlag: com.google.android.finsky.stable, 83621120, 3, , AlleyOopMigrateToHsdpV1__enable_hsdp_v1
06-30 03:59:31.873  2353  2460 D HeterodyneSyncer: updateFlag: com.google.android.finsky.stable, 83621120, 3, , AlleyOopMigrateToHsdpV1__enable_loading_and_error_ux
06-30 03:59:31.873  2353  2460 D HeterodyneSyncer: updateFlag: com.google.android.finsky.stable, 83621120, 3, , AlleyOopMigrateToHsdpV1__hsdp_initial_height_percentage
06-30 03:59:31.874  2353  2460 D HeterodyneSyncer: updateFlag: com.google.android.finsky.stable, 83621120, 3, , AlleyOopMigrateToHsdpV1__should_log_market_deeplink_in_oncreate
06-30 03:59:31.874  2353  2460 D HeterodyneSyncer: updateFlag: com.google.android.finsky.stable, 83621120, 3, , AlleyOopMigrateToHsdpV1__should_use_mutable_state_flow
06-30 03:59:31.874  2353  2460 D HeterodyneSyncer: updateFlag: com.google.android.finsky.stable, 83621120, 3, , AlleyOopMigrateToHsdpV1__skip_half_expanded_state
06-30 03:59:31.874  2353  2460 D HeterodyneSyncer: updateFlag: com.google.android.finsky.stable, 83621120, 3, , AlleyOopMigrateToHsdpV1__skip_redirection_for_market_dldp
06-30 03:59:31.874  2353  2460 D HeterodyneSyncer: updateFlag: com.google.android.finsky.stable, 83621120, 3, , AlleyOopMigrateToHsdpV1__switch_alleyoop_kids_host_activity
06-30 03:59:31.874  2353  2460 D HeterodyneSyncer: updateFlag: com.google.android.finsky.stable, 83621120, 3, , AlleyOopMigrateToHsdpV1__use_snap_spec_as_animation_spec
06-30 03:59:31.874  2353  2460 D HeterodyneSyncer: updateFlag: com.google.android.finsky.stable, 83621120, 3, , AlleyOopOnItemModelStable__custom_detailed_page_app_id_exclusion_list
06-30 03:59:31.875  2353  2460 D HeterodyneSyncer: updateFlag: com.google.android.finsky.stable, 83621120, 3, , AlleyOopOnItemModelStable__use_item_model_for_custom_details_page
06-30 03:59:31.875  2353  2460 D HeterodyneSyncer: updateFlag: com.google.android.finsky.stable, 83621120, 3, , AlleyOopOnItemModelStable__use_item_model_stable
06-30 03:59:31.876  2353  2460 D HeterodyneSyncer: updateFlag: com.google.android.finsky.stable, 83621120, 3, , AppActivityLoggingNoticeUi__is_enabled
06-30 03:59:31.877  2353  2460 D HeterodyneSyncer: updateFlag: com.google.android.finsky.stable, 83621120, 3, , AppTargetedRewards__enable_targeted_rewards
06-30 03:59:31.877  2353  2460 D HeterodyneSyncer: updateFlag: com.google.android.finsky.stable, 83621120, 3, , AppsSearch__enable_filtering_animation
06-30 03:59:31.878  2353  2460 D HeterodyneSyncer: updateFlag: com.google.android.finsky.stable, 83621120, 3, , AppsSearch__enable_filters_back_button_fix
06-30 03:59:31.879  2353  2460 D HeterodyneSyncer: updateFlag: com.google.android.finsky.stable, 83621120, 3, , AppsSearch__enable_filters_header_view_scroll_and_snap
06-30 03:59:31.879  2353  2460 D HeterodyneSyncer: updateFlag: com.google.android.finsky.stable, 83621120, 3, , AppsSearch__enable_filters_v2_phase_1
06-30 03:59:31.880  2353  2460 D HeterodyneSyncer: updateFlag: com.google.android.finsky.stable, 83621120, 3, , AppsSearch__enable_kids_search_mode_for_filters
06-30 03:59:31.880  2353  2460 D HeterodyneSyncer: updateFlag: com.google.android.finsky.stable, 83621120, 3, , AppsSearch__enable_zero_prefix_async_loading
06-30 03:59:31.880  2353  2460 D HeterodyneSyncer: updateFlag: com.google.android.finsky.stable, 83621120, 3, , AppsSearch__enable_zero_search_endpoint
06-30 03:59:31.880  2353  2460 D HeterodyneSyncer: updateFlag: com.google.android.finsky.stable, 83621120, 3, , AudiobookPreviewPlayer__disable_audio_capture
06-30 03:59:31.880  2353  2460 D HeterodyneSyncer: updateFlag: com.google.android.finsky.stable, 83621120, 3, , AutoUpdate__battery_relax_battery_percent_budget
06-30 03:59:31.880  2353  2460 D HeterodyneSyncer: updateFlag: com.google.android.finsky.stable, 83621120, 3, , AutoUpdate__battery_relax_num_apps_budget
06-30 03:59:31.880  2353  2460 D HeterodyneSyncer: updateFlag: com.google.android.finsky.stable, 83621120, 3, , AutoUpdate__block_auto_update_on_uncertified_devices
06-30 03:59:31.883  2353  2460 D HeterodyneSyncer: updateFlag: com.google.android.finsky.stable, 83621120, 3, , AutoUpdate__consolidate_common_blocked_reasons
06-30 03:59:31.883  2353  2460 D HeterodyneSyncer: updateFlag: com.google.android.finsky.stable, 83621120, 3, , AutoUpdate__deprecate_installer_db_in_app_freshness_hygiene
06-30 03:59:31.883  2353  2460 D HeterodyneSyncer: updateFlag: com.google.android.finsky.stable, 83621120, 3, , AutoUpdate__enable_atomic_fields_read_from_train
06-30 03:59:31.884  2353  2460 D HeterodyneSyncer: updateFlag: com.google.android.finsky.stable, 83621120, 3, , AutoUpdate__enable_atomic_install_auto_update_stable
06-30 03:59:31.884  2353  2460 D HeterodyneSyncer: updateFlag: com.google.android.finsky.stable, 83621120, 3, , AutoUpdate__enable_atomic_install_content_sync_stable
06-30 03:59:31.884  2353  2460 D HeterodyneSyncer: updateFlag: com.google.android.finsky.stable, 83621120, 3, , AutoUpdate__enable_atomic_install_high_priority_update_stable
06-30 03:59:31.884  2353  2460 D HeterodyneSyncer: updateFlag: com.google.android.finsky.stable, 83621120, 3, , AutoUpdate__enable_discovered_timestamp_read_from_autoupdate_datastore
06-30 03:59:31.884  2353  2460 D HeterodyneSyncer: updateFlag: com.google.android.finsky.stable, 83621120, 3, , AutoUpdate__enable_read_and_write_from_autoupdate_datastore
06-30 03:59:31.885  2353  2460 D HeterodyneSyncer: updateFlag: com.google.android.finsky.stable, 83621120, 3, , AutoUpdate__enable_read_and_write_installer_db_auto_update_db
06-30 03:59:31.885  2353  2460 D HeterodyneSyncer: updateFlag: com.google.android.finsky.stable, 83621120, 3, , AutoUpdate__enable_request_phonesky_in_autoupdate
06-30 03:59:31.885  2353  2460 D HeterodyneSyncer: updateFlag: com.google.android.finsky.stable, 83621120, 3, , AutoUpdate__enable_write_installerdb_to_auto_update_db
06-30 03:59:31.886  2353  2460 D HeterodyneSyncer: updateFlag: com.google.android.finsky.stable, 83621120, 3, , AutoUpdate__enable_write_to_autoupdate_datastore
06-30 03:59:31.886  2353  2460 D HeterodyneSyncer: updateFlag: com.google.android.finsky.stable, 83621120, 3, , AutoUpdate__kill_switch_webview_as_system_service
06-30 03:59:31.886  2353  2460 D HeterodyneSyncer: updateFlag: com.google.android.finsky.stable, 83621120, 3, , AutoUpdate__log_installer_db_auto_update_db_diffs
06-30 03:59:31.887  2353  2460 D HeterodyneSyncer: updateFlag: com.google.android.finsky.stable, 83621120, 3, , AutoUpdate__outstanding_notification_time_delay_ms
06-30 03:59:31.887  2353  2460 D HeterodyneSyncer: updateFlag: com.google.android.finsky.stable, 83621120, 3, , AutoUpdate__patching_for_static_shared_libraries
06-30 03:59:31.887  2353  2460 D HeterodyneSyncer: updateFlag: com.google.android.finsky.stable, 83621120, 3, , AutoUpdate__static_shared_libraries_disabled_for_patching
06-30 03:59:31.887  2353  2460 D HeterodyneSyncer: updateFlag: com.google.android.finsky.stable, 83621120, 3, , AutoUpdate__system_service_auto_update_policy
06-30 03:59:31.887  2353  2460 D HeterodyneSyncer: updateFlag: com.google.android.finsky.stable, 83621120, 3, , BackApiMigration__enable_new_api
06-30 03:59:31.888  1938  2250 D PhFileGroupPop: Added file groups multitask_experiment
06-30 03:59:31.889  1938  2250 D PhFileGroupPop: Added file groups spam_verdict_enforcement_policy_config
06-30 03:59:31.889  2353  2460 D HeterodyneSyncer: updateFlag: com.google.android.finsky.stable, 83621120, 3, , Backstack__backstack_limit
06-30 03:59:31.890  2353  2460 D HeterodyneSyncer: updateFlag: com.google.android.finsky.stable, 83621120, 3, , BillingConfigSync__enable_billing_config_sync
06-30 03:59:31.890  2353  2460 D HeterodyneSyncer: updateFlag: com.google.android.finsky.stable, 83621120, 3, , BillingConfigSync__enable_read_api_version_from_valuestore
06-30 03:59:31.891  2353  2460 D HeterodyneSyncer: updateFlag: com.google.android.finsky.stable, 83621120, 3, , BillingConfigSync__enable_vending_preferences_billing_api_version_sync
06-30 03:59:31.891  2353  2460 D HeterodyneSyncer: updateFlag: com.google.android.finsky.stable, 83621120, 3, , BillingConfigSync__synchronous_timeout_in_milliseconds
06-30 03:59:31.892  1938  2250 D PhFileGroupPop: Added file groups smart_suggestion_reranker_models
06-30 03:59:31.892  2353  2460 D HeterodyneSyncer: updateFlag: com.google.android.finsky.stable, 83621120, 3, , Billing__direct_purchase_api_caller_allowlist_for_apps
06-30 03:59:31.892  2353  2460 D HeterodyneSyncer: updateFlag: com.google.android.finsky.stable, 83621120, 3, , Billing__enable_subscription_instrument_update
06-30 03:59:31.894  2353  2460 D HeterodyneSyncer: updateFlag: com.google.android.finsky.stable, 83621120, 3, , Billing__enable_third_party_direct_purchases
06-30 03:59:31.894  1938  2250 D PhFileGroupPop: Added file groups calendar_appointment_grammar
06-30 03:59:31.894  2353  2460 D HeterodyneSyncer: updateFlag: com.google.android.finsky.stable, 83621120, 3, , Billing__enable_third_party_subscription_instrument_update
06-30 03:59:31.895  2353  2460 D HeterodyneSyncer: updateFlag: com.google.android.finsky.stable, 83621120, 3, , Blurbs__blurb_max_viewpool_size
06-30 03:59:31.896  2353  2460 D HeterodyneSyncer: updateFlag: com.google.android.finsky.stable, 83621120, 3, , Blurbs__disable_impression_log_on_rebind
06-30 03:59:31.896  2353  2460 D HeterodyneSyncer: updateFlag: com.google.android.finsky.stable, 83621120, 3, , Blurbs__enable_mini_blurb_component
06-30 03:59:31.896  2353  2460 D HeterodyneSyncer: updateFlag: com.google.android.finsky.stable, 83621120, 3, , Blurbs__enable_mini_blurb_component_large_thumbnail
06-30 03:59:31.896  2353  2460 D HeterodyneSyncer: updateFlag: com.google.android.finsky.stable, 83621120, 3, , Blurbs__enable_playcardutils_migration
06-30 03:59:31.897  2353  2460 D HeterodyneSyncer: updateFlag: com.google.android.finsky.stable, 83621120, 3, , BooksExperiments__enable_alternative_to_free_in_message
06-30 03:59:31.897  2353  2460 D HeterodyneSyncer: updateFlag: com.google.android.finsky.stable, 83621120, 3, , BooksExperiments__enable_one_button_fixed_duration_rent
06-30 03:59:31.898  2353  2460 D HeterodyneSyncer: updateFlag: com.google.android.finsky.stable, 83621120, 3, , BooksExperiments__enable_one_button_rent
06-30 03:59:31.898  2353  2460 D HeterodyneSyncer: updateFlag: com.google.android.finsky.stable, 83621120, 3, , BooksExperiments__enable_orson_search_result_format_labels_exp
06-30 03:59:31.898  2353  2460 D HeterodyneSyncer: updateFlag: com.google.android.finsky.stable, 83621120, 3, , BooksExperiments__enable_price_drop_message
06-30 03:59:31.899  2353  2460 D HeterodyneSyncer: updateFlag: com.google.android.finsky.stable, 83621120, 3, , BooksExperiments__enable_sample_control
06-30 03:59:31.900  2353  2460 D HeterodyneSyncer: updateFlag: com.google.android.finsky.stable, 83621120, 3, , BooksExperiments__enable_series_subscription_edu_module
06-30 03:59:31.900  1938  2250 D ManifestConfigHelper: Added file groups en_us
06-30 03:59:31.900  2353  2460 D HeterodyneSyncer: updateFlag: com.google.android.finsky.stable, 83621120, 3, , BooksExperiments__enabled_series_subscription
06-30 03:59:31.901  2353  2460 D HeterodyneSyncer: updateFlag: com.google.android.finsky.stable, 83621120, 3, , BooksExperiments__show_report_illegal_content
06-30 03:59:31.901  2353  2460 D HeterodyneSyncer: updateFlag: com.google.android.finsky.stable, 83621120, 3, , BooksExperiments__show_reviews_unverified
06-30 03:59:31.901  2353  2460 D HeterodyneSyncer: updateFlag: com.google.android.finsky.stable, 83621120, 3, , BooksExperiments__update_to_get_for_free
06-30 03:59:31.901  2353  2460 D HeterodyneSyncer: updateFlag: com.google.android.finsky.stable, 83621120, 3, , BooksSearch__enable_filters
06-30 03:59:31.901  2353  2460 D HeterodyneSyncer: updateFlag: com.google.android.finsky.stable, 83621120, 3, , BooksSearch__enable_kids_search_mode_for_filters
06-30 03:59:31.902  2353  2460 D HeterodyneSyncer: updateFlag: com.google.android.finsky.stable, 83621120, 3, , BrowseIntent__enable_private_intent_creation
06-30 03:59:31.902  2353  2460 D HeterodyneSyncer: updateFlag: com.google.android.finsky.stable, 83621120, 3, , CacheClearInvestigations__enable_null_clear_reason_loggin
06-30 03:59:31.902  1104  3253 W NearbyDiscovery: Runnable[subscribe] was delayed for 30:05.029 [CONTEXT service_id=265 ]
06-30 03:59:31.902  2353  2460 D HeterodyneSyncer: updateFlag: com.google.android.finsky.stable, 83621120, 3, , CacheIndependentButtonsOnDetailsPage__itemfreshness_duration
06-30 03:59:31.902  2353  2460 D HeterodyneSyncer: updateFlag: com.google.android.finsky.stable, 83621120, 3, , CacheStickiness__reduce_cache_size_based_on_storage
06-30 03:59:31.903  2353  2460 D HeterodyneSyncer: updateFlag: com.google.android.finsky.stable, 83621120, 3, , CacheStickiness__switch_pre_cache_based_on_storage
06-30 03:59:31.903  2353  2460 D HeterodyneSyncer: updateFlag: com.google.android.finsky.stable, 83621120, 3, , CacheStickiness__switch_pre_cache_storage_bytes_threshold
06-30 03:59:31.903  2353  2460 D HeterodyneSyncer: updateFlag: com.google.android.finsky.stable, 83621120, 3, , CacheStickiness__temp_patch_files_expiration_ms
06-30 03:59:31.903  2353  2460 D HeterodyneSyncer: updateFlag: com.google.android.finsky.stable, 83621120, 3, , CarDelayClosureOnSignout__is_enabled
06-30 03:59:31.903  2353  2460 D HeterodyneSyncer: updateFlag: com.google.android.finsky.stable, 83621120, 3, , CarskyFreeAcquireMigration__is_enabled
06-30 03:59:31.903  2353  2460 D HeterodyneSyncer: updateFlag: com.google.android.finsky.stable, 83621120, 3, , CashmereAppSync__enable_app_sync_no_cache_param
06-30 03:59:31.904  2353  2460 D HeterodyneSyncer: updateFlag: com.google.android.finsky.stable, 83621120, 3, , CashmereAppSync__enable_app_sync_only_attach_iasch_true
06-30 03:59:31.904  2353  2460 D HeterodyneSyncer: updateFlag: com.google.android.finsky.stable, 83621120, 3, , CashmereAppSync__enable_app_sync_pcsi_logging
06-30 03:59:31.904  2353  2460 D HeterodyneSyncer: updateFlag: com.google.android.finsky.stable, 83621120, 3, , CashmereAppSync__enable_app_sync_server_driven_field_mask
06-30 03:59:31.904  2353  2460 D HeterodyneSyncer: updateFlag: com.google.android.finsky.stable, 83621120, 3, , CashmereAppSync__enable_cashmere_app_sync_home_pagination
06-30 03:59:31.904  2353  2460 D HeterodyneSyncer: updateFlag: com.google.android.finsky.stable, 83621120, 3, , CashmereAppSync__enable_cashmere_app_sync_serp_pagination
06-30 03:59:31.905  2353  2460 D HeterodyneSyncer: updateFlag: com.google.android.finsky.stable, 83621120, 3, , CashmereAppSync__enable_cashmere_home_app_sync
06-30 03:59:31.905  2353  2460 D HeterodyneSyncer: updateFlag: com.google.android.finsky.stable, 83621120, 3, , CashmereAppSync__enable_cashmere_serp_app_sync
06-30 03:59:31.905  2353  2460 D HeterodyneSyncer: updateFlag: com.google.android.finsky.stable, 83621120, 3, , CashmereAppSync__enable_smart_cache_logging
06-30 03:59:31.905  2353  2460 D HeterodyneSyncer: updateFlag: com.google.android.finsky.stable, 83621120, 3, , CashmereAppSync__enable_smart_cache_logging_missing_items
06-30 03:59:31.906  2353  2460 D HeterodyneSyncer: updateFlag: com.google.android.finsky.stable, 83621120, 3, , CashmereAppSync__enable_smart_cache_no_field_mask
06-30 03:59:31.906  2353  2460 D HeterodyneSyncer: updateFlag: com.google.android.finsky.stable, 83621120, 3, , CashmereAppSync__enable_smart_cache_prewarming_home
06-30 03:59:31.906  2353  2460 D HeterodyneSyncer: updateFlag: com.google.android.finsky.stable, 83621120, 3, , CashmereAppSync__enable_smart_cache_prewarming_serp
06-30 03:59:31.906  2353  2460 D HeterodyneSyncer: updateFlag: com.google.android.finsky.stable, 83621120, 3, , CashmereAppSync__killswitch_pcsi_power_user_classification_logging
06-30 03:59:31.906  2353  2460 D HeterodyneSyncer: updateFlag: com.google.android.finsky.stable, 83621120, 3, , CashmereAppSync__serp_app_sync_app_fields
06-30 03:59:31.906  2353  2460 D HeterodyneSyncer: updateFlag: com.google.android.finsky.stable, 83621120, 3, , CashmereAppSync__serp_app_sync_shared_fields
06-30 03:59:31.906  2353  2460 D HeterodyneSyncer: updateFlag: com.google.android.finsky.stable, 83621120, 3, , Cashmere__enable_cashmere_serp_app_sync
06-30 03:59:31.907  2353  2460 D HeterodyneSyncer: updateFlag: com.google.android.finsky.stable, 83621120, 3, , Cashmere__enable_power_cache
06-30 03:59:31.907  2353  2364 I android.vendin: Compiler allocated 7617KB to compile void aigl.z(java.util.Set, long, aotm, aotn, java.util.List, java.util.LinkedHashMap, arvb, aigj, boolean, java.util.Map)
06-30 03:59:31.907  2353  2460 D HeterodyneSyncer: updateFlag: com.google.android.finsky.stable, 83621120, 3, , Cashmere__image_disk_cache_size_increase_mb
06-30 03:59:31.907  2353  2460 D HeterodyneSyncer: updateFlag: com.google.android.finsky.stable, 83621120, 3, , Cashmere__main_disk_cache_size_increase_kb
06-30 03:59:31.908  2353  2460 D HeterodyneSyncer: updateFlag: com.google.android.finsky.stable, 83621120, 3, , Cashmere__max_download_attempts
06-30 03:59:31.912  2353  2460 D HeterodyneSyncer: updateFlag: com.google.android.finsky.stable, 83621120, 3, , Cashmere__max_image_prefetches_per_bulk
06-30 03:59:31.912  2353  2460 D HeterodyneSyncer: updateFlag: com.google.android.finsky.stable, 83621120, 3, , Cashmere__max_pgs_prefetches_per_bulk
06-30 03:59:31.912  2353  2460 D HeterodyneSyncer: updateFlag: com.google.android.finsky.stable, 83621120, 3, , Cashmere__normal_user_storage_threshold_high_watermark_bytes
06-30 03:59:31.914  2353  2460 D HeterodyneSyncer: updateFlag: com.google.android.finsky.stable, 83621120, 3, , Cashmere__normal_user_storage_threshold_low_watermark_bytes
06-30 03:59:31.916  2353  2460 D HeterodyneSyncer: updateFlag: com.google.android.finsky.stable, 83621120, 3, , Cashmere__on_device_search_suggestion_model_download_max_waiting_time_min
06-30 03:59:31.916  2353  2460 D HeterodyneSyncer: updateFlag: com.google.android.finsky.stable, 83621120, 3, , Cashmere__power_cache_storage_threshold_high_watermark_bytes
