06-30 04:00:20.252  1104  1391 E AuthPII : 	at meb.a(:com.google.android.gms@232216044@23.22.16 (190400-540586286):8)
06-30 04:00:20.252  1104  1391 E AuthPII : 	at mei.b(:com.google.android.gms@232216044@23.22.16 (190400-540586286):3)
06-30 04:00:20.252  1104  1391 E AuthPII : 	at mcf.m(:com.google.android.gms@232216044@23.22.16 (190400-540586286):47)
06-30 04:00:20.252  1104  1391 E AuthPII : 	at mbg.a(:com.google.android.gms@232216044@23.22.16 (190400-540586286):22)
06-30 04:00:20.252  1104  1391 E AuthPII : 	at mbl.a(:com.google.android.gms@232216044@23.22.16 (190400-540586286):2)
06-30 04:00:20.252  1104  1391 E AuthPII : 	at mfa.b(:com.google.android.gms@232216044@23.22.16 (190400-540586286):3)
06-30 04:00:20.252  1104  1391 E AuthPII : 	at mfa.a(:com.google.android.gms@232216044@23.22.16 (190400-540586286):6)
06-30 04:00:20.252  1104  1391 E AuthPII : 	at mal.hasFeatures(:com.google.android.gms@232216044@23.22.16 (190400-540586286):2)
06-30 04:00:20.252  1104  1391 E AuthPII : 	at android.accounts.AbstractAccountAuthenticator$Transport.hasFeatures(AbstractAccountAuthenticator.java:312)
06-30 04:00:20.252  1104  1391 E AuthPII : 	at android.accounts.IAccountAuthenticator$Stub.onTransact(IAccountAuthenticator.java:345)
06-30 04:00:20.252  1104  1391 E AuthPII : 	at android.os.Binder.transact(Binder.java:1064)
06-30 04:00:20.252  1104  1391 E AuthPII : 	at auqr.onTransact(:com.google.android.gms@232216044@23.22.16 (190400-540586286):1)
06-30 04:00:20.252  1104  1391 E AuthPII : 	at android.os.Binder.transact(Binder.java:1064)
06-30 04:00:20.252  1104  1391 E AuthPII : 	at aohp.onTransact(:com.google.android.gms@232216044@23.22.16 (190400-540586286):22)
06-30 04:00:20.252  1104  1391 E AuthPII : 	at android.os.Binder.execTransactInternal(Binder.java:1184)
06-30 04:00:20.252  1104  1391 E AuthPII : 	at android.os.Binder.execTransact(Binder.java:1143)
06-30 04:00:20.252  3339  3581 D EGL_emulation: app_time_stats: avg=18.96ms min=4.17ms max=221.18ms count=45
06-30 04:00:20.257  1104  1391 W Auth    : [AccountStateSyncher] Unable to look up account state from server: couldn't fetch accessToken [CONTEXT service_id=153 ]
06-30 04:00:20.258  1104  1391 W Auth    : [GaiaServicesFlagManager] Services not available! [CONTEXT service_id=153 ]
06-30 04:00:20.272  1104  2514 E AuthPII : [GoogleAccountDataServiceImpl] getToken() -> BAD_AUTHENTICATION. App: com.google.android.gms, Service: oauth2:https://www.googleapis.com/auth/userinfo.email https://www.googleapis.com/auth/account.capabilities https://www.googleapis.com/auth/account.service_flags
06-30 04:00:20.272  1104  2514 E AuthPII : abgh: Long live credential not available.
06-30 04:00:20.272  1104  2514 E AuthPII : 	at meb.a(:com.google.android.gms@232216044@23.22.16 (190400-540586286):8)
06-30 04:00:20.272  1104  2514 E AuthPII : 	at mei.b(:com.google.android.gms@232216044@23.22.16 (190400-540586286):3)
06-30 04:00:20.272  1104  2514 E AuthPII : 	at mcf.m(:com.google.android.gms@232216044@23.22.16 (190400-540586286):47)
06-30 04:00:20.272  1104  2514 E AuthPII : 	at mbg.a(:com.google.android.gms@232216044@23.22.16 (190400-540586286):22)
06-30 04:00:20.272  1104  2514 E AuthPII : 	at mbl.a(:com.google.android.gms@232216044@23.22.16 (190400-540586286):2)
06-30 04:00:20.272  1104  2514 E AuthPII : 	at mfa.b(:com.google.android.gms@232216044@23.22.16 (190400-540586286):3)
06-30 04:00:20.272  1104  2514 E AuthPII : 	at mfa.a(:com.google.android.gms@232216044@23.22.16 (190400-540586286):6)
06-30 04:00:20.272  1104  2514 E AuthPII : 	at mal.hasFeatures(:com.google.android.gms@232216044@23.22.16 (190400-540586286):2)
06-30 04:00:20.272  1104  2514 E AuthPII : 	at android.accounts.AbstractAccountAuthenticator$Transport.hasFeatures(AbstractAccountAuthenticator.java:312)
06-30 04:00:20.272  1104  2514 E AuthPII : 	at android.accounts.IAccountAuthenticator$Stub.onTransact(IAccountAuthenticator.java:345)
06-30 04:00:20.272  1104  2514 E AuthPII : 	at android.os.Binder.transact(Binder.java:1064)
06-30 04:00:20.272  1104  2514 E AuthPII : 	at auqr.onTransact(:com.google.android.gms@232216044@23.22.16 (190400-540586286):1)
06-30 04:00:20.272  1104  2514 E AuthPII : 	at android.os.Binder.transact(Binder.java:1064)
06-30 04:00:20.272  1104  2514 E AuthPII : 	at aohp.onTransact(:com.google.android.gms@232216044@23.22.16 (190400-540586286):22)
06-30 04:00:20.272  1104  2514 E AuthPII : 	at android.os.Binder.execTransactInternal(Binder.java:1184)
06-30 04:00:20.272  1104  2514 E AuthPII : 	at android.os.Binder.execTransact(Binder.java:1143)
06-30 04:00:20.272  1104  2514 E AuthPII : Message is Long live credential not available.
06-30 04:00:20.272  1104  2514 E AuthPII : abgh: Long live credential not available.
06-30 04:00:20.272  1104  2514 E AuthPII : 	at meb.a(:com.google.android.gms@232216044@23.22.16 (190400-540586286):8)
06-30 04:00:20.272  1104  2514 E AuthPII : 	at mei.b(:com.google.android.gms@232216044@23.22.16 (190400-540586286):3)
06-30 04:00:20.272  1104  2514 E AuthPII : 	at mcf.m(:com.google.android.gms@232216044@23.22.16 (190400-540586286):47)
06-30 04:00:20.272  1104  2514 E AuthPII : 	at mbg.a(:com.google.android.gms@232216044@23.22.16 (190400-540586286):22)
06-30 04:00:20.272  1104  2514 E AuthPII : 	at mbl.a(:com.google.android.gms@232216044@23.22.16 (190400-540586286):2)
06-30 04:00:20.272  1104  2514 E AuthPII : 	at mfa.b(:com.google.android.gms@232216044@23.22.16 (190400-540586286):3)
06-30 04:00:20.272  1104  2514 E AuthPII : 	at mfa.a(:com.google.android.gms@232216044@23.22.16 (190400-540586286):6)
06-30 04:00:20.272  1104  2514 E AuthPII : 	at mal.hasFeatures(:com.google.android.gms@232216044@23.22.16 (190400-540586286):2)
06-30 04:00:20.272  1104  2514 E AuthPII : 	at android.accounts.AbstractAccountAuthenticator$Transport.hasFeatures(AbstractAccountAuthenticator.java:312)
06-30 04:00:20.272  1104  2514 E AuthPII : 	at android.accounts.IAccountAuthenticator$Stub.onTransact(IAccountAuthenticator.java:345)
06-30 04:00:20.272  1104  2514 E AuthPII : 	at android.os.Binder.transact(Binder.java:1064)
06-30 04:00:20.272  1104  2514 E AuthPII : 	at auqr.onTransact(:com.google.android.gms@232216044@23.22.16 (190400-540586286):1)
06-30 04:00:20.272  1104  2514 E AuthPII : 	at android.os.Binder.transact(Binder.java:1064)
06-30 04:00:20.272  1104  2514 E AuthPII : 	at aohp.onTransact(:com.google.android.gms@232216044@23.22.16 (190400-540586286):22)
06-30 04:00:20.272  1104  2514 E AuthPII : 	at android.os.Binder.execTransactInternal(Binder.java:1184)
06-30 04:00:20.272  1104  2514 E AuthPII : 	at android.os.Binder.execTransact(Binder.java:1143)
06-30 04:00:20.273  1104  2514 W Auth    : [AccountStateSyncher] Unable to look up account state from server: couldn't fetch accessToken [CONTEXT service_id=153 ]
06-30 04:00:20.274  1104  2514 W Auth    : [GaiaServicesFlagManager] Services not available! [CONTEXT service_id=153 ]
06-30 04:00:20.306  2353  2530 I Finsky  : [60] jkr.a(11): AIM: AppInfoManager-Perf > ItemModel > CacheSize=0, cacheHitCount=0, cacheMissCount=1, total appsWithNoServerDataCount=0. Missed  in cache (limit 10) : [com.google.android.gms]
06-30 04:00:20.306  2353  2530 I Finsky  : [60] jkt.n(3): AIM: AppInfoManager-Perf > ItemModel > ItemStore Called 1 apps cacheOptions = REFRESH_LOCAL_CACHE
06-30 04:00:20.306  2353  2530 I Finsky  : [60] jkr.a(98): AIM: ItemModel fetch - unauth(1), auth()
06-30 04:00:20.310   527   557 I libprocessgroup: Successfully killed process cgroup uid 10095 pid 4502 in 33ms
06-30 04:00:20.318  5109  5109 V GraphicsEnvironment: ANGLE Developer option for 'com.android.externalstorage' set to: 'default'
06-30 04:00:20.319  5109  5109 V GraphicsEnvironment: Neither updatable production driver nor prerelease driver is supported.
06-30 04:00:20.321  5109  5109 D NetworkSecurityConfig: No Network Security Config specified, using platform default
06-30 04:00:20.321  5109  5109 D NetworkSecurityConfig: No Network Security Config specified, using platform default
06-30 04:00:20.349  5022  5078 D CompatibilityChangeReporter: Compat change id reported: 160794467; UID 10123; state: ENABLED
06-30 04:00:20.354  5109  5109 D ExternalStorage: After updating volumes, found 1 active roots
06-30 04:00:20.359  3339  3339 I ViewInteraction: Performing 'single click' action on view view.getId() is <2131231074/com.example.lunchtray:id/next_button>
06-30 04:00:20.359  5109  5109 D ExternalStorage: After updating volumes, found 1 active roots
06-30 04:00:20.364   312   312 I Zygote  : Process 4502 exited due to signal 9 (Killed)
06-30 04:00:20.376   312   312 D Zygote  : Forked child process 5127
06-30 04:00:20.377   527   557 I libprocessgroup: Successfully killed process cgroup uid 10072 pid 4523 in 0ms
06-30 04:00:20.380  2353  2353 I Finsky  : [2] zls.M(12): IT: DL session turned off due to Incremental install not requested: com.google.android.apps.photos
06-30 04:00:20.381  2353  2353 I Finsky  : [2] xfp.adr(4): PIM: Ignore install package event for: com.google.android.apps.photos, isid: MQwTSB7DRmyRwcZ9Bv-ysQ
06-30 04:00:20.381  2353  2353 I Finsky  : [2] jjo.g(1): AIM: AppInfoManager-Perf > getApps > called for 1 apps
06-30 04:00:20.388  2353  2527 I Finsky  : [58] jku.a(5): AIM: AppInfoManager-Perf > OnDeviceAppInfo > cacheHitCount=0, cacheMissCount=1. Missed  in cache (limit 10) : [com.google.android.apps.photos]
06-30 04:00:20.398  2353  2527 I Finsky  : [58] jik.apply(105): AIM: Got app ownership map. App counts: . Unique apps: 0
06-30 04:00:20.399  2353  4556 I Finsky  : [149] qml.Q(2): IQ: Notifying installation update. [Package:com.google.android.calendar, isid:U_QFkmbdRQunAuxaCFyP2A], status=SCHEDULED, tsc=PT13.862S
06-30 04:00:20.405  1104  1113 I .gms.persisten: Background young concurrent copying GC freed 259210(11MB) AllocSpace objects, 6(188KB) LOS objects, 32% free, 23MB/35MB, paused 23.716ms,274us total 279.670ms
06-30 04:00:20.409   312   312 I Zygote  : Process 4523 exited due to signal 9 (Killed)
06-30 04:00:20.434  5127  5127 E d.process.medi: Not starting debugger since process cannot load the jdwp agent.
06-30 04:00:20.439  2353  2353 I Finsky  : [2] zlt.apply(80): IQ::HLD: Ongoing hold off applicable installs: []
06-30 04:00:20.476  2353  2527 I Finsky  : [58] jkr.a(11): AIM: AppInfoManager-Perf > ItemModel > CacheSize=0, cacheHitCount=0, cacheMissCount=1, total appsWithNoServerDataCount=0. Missed  in cache (limit 10) : [com.google.android.apps.photos]
06-30 04:00:20.476  2353  2527 I Finsky  : [58] jkt.n(3): AIM: AppInfoManager-Perf > ItemModel > ItemStore Called 1 apps cacheOptions = REFRESH_LOCAL_CACHE
06-30 04:00:20.476  2353  2527 I Finsky  : [58] jkr.a(98): AIM: ItemModel fetch - unauth(1), auth()
06-30 04:00:20.483  2353  2353 I Finsky  : [2] zls.M(12): IT: DL session turned off due to Incremental install not requested: com.google.android.calendar
06-30 04:00:20.484  2353  2353 I Finsky  : [2] xfp.adr(4): PIM: Ignore install package event for: com.google.android.calendar, isid: U_QFkmbdRQunAuxaCFyP2A
06-30 04:00:20.484  2353  2353 I Finsky  : [2] jjo.g(1): AIM: AppInfoManager-Perf > getApps > called for 1 apps
06-30 04:00:20.485  2353  2530 I Finsky  : [60] jku.a(5): AIM: AppInfoManager-Perf > OnDeviceAppInfo > cacheHitCount=0, cacheMissCount=1. Missed  in cache (limit 10) : [com.google.android.calendar]
06-30 04:00:20.486  2353  2506 I Finsky  : [52] jik.apply(105): AIM: Got app ownership map. App counts: . Unique apps: 0
06-30 04:00:20.489  2353  4556 I Finsky  : [149] qml.Q(2): IQ: Notifying installation update. [Package:com.google.android.apps.youtube.music, isid:wPyDg0XJQeShxMnUEm6KSw], status=SCHEDULED, tsc=PT15.073S
06-30 04:00:20.489  2353  2353 I Finsky  : [2] zlt.apply(80): IQ::HLD: Ongoing hold off applicable installs: []
06-30 04:00:20.549  2353  2530 I Finsky  : [60] jkr.a(11): AIM: AppInfoManager-Perf > ItemModel > CacheSize=0, cacheHitCount=0, cacheMissCount=1, total appsWithNoServerDataCount=0. Missed  in cache (limit 10) : [com.google.android.calendar]
06-30 04:00:20.550  2353  2530 I Finsky  : [60] jkt.n(3): AIM: AppInfoManager-Perf > ItemModel > ItemStore Called 1 apps cacheOptions = REFRESH_LOCAL_CACHE
06-30 04:00:20.555  2353  2530 I Finsky  : [60] jkr.a(98): AIM: ItemModel fetch - unauth(1), auth()
06-30 04:00:20.589  5127  5127 D CompatibilityChangeReporter: Compat change id reported: 171979766; UID 10061; state: ENABLED
06-30 04:00:20.614  1851  1860 W gle.android.gm: Suspending all threads took: 114.931ms
06-30 04:00:20.656  2353  2353 I Finsky  : [2] zls.M(12): IT: DL session turned off due to Incremental install not requested: com.google.android.apps.youtube.music
06-30 04:00:20.657  2353  2353 I Finsky  : [2] xfp.adr(4): PIM: Ignore install package event for: com.google.android.apps.youtube.music, isid: wPyDg0XJQeShxMnUEm6KSw
06-30 04:00:20.658  2353  2353 I Finsky  : [2] jjo.g(1): AIM: AppInfoManager-Perf > getApps > called for 1 apps
06-30 04:00:20.662  5127  5127 V GraphicsEnvironment: ANGLE Developer option for 'com.android.providers.downloads' set to: 'default'
06-30 04:00:20.662  5127  5127 V GraphicsEnvironment: Neither updatable production driver nor prerelease driver is supported.
06-30 04:00:20.665  5127  5127 D NetworkSecurityConfig: No Network Security Config specified, using platform default
06-30 04:00:20.665  2353  2530 I Finsky  : [60] jku.a(5): AIM: AppInfoManager-Perf > OnDeviceAppInfo > cacheHitCount=0, cacheMissCount=1. Missed  in cache (limit 10) : [com.google.android.apps.youtube.music]
06-30 04:00:20.666  5127  5127 D NetworkSecurityConfig: No Network Security Config specified, using platform default
06-30 04:00:20.666  2353  2530 I Finsky  : [60] jik.apply(105): AIM: Got app ownership map. App counts: . Unique apps: 0
06-30 04:00:20.670  2353  2353 I Finsky  : [2] zlt.apply(80): IQ::HLD: Ongoing hold off applicable installs: []
06-30 04:00:20.685  2353  4556 I Finsky  : [149] qgl.apply(58): IQ: Creating job 345, for (REQ_CHARGING, REQ_DEVICE_IDLE, REQ_GEARHEAD_PROJECTION_OFF, NETWORK=UNMETERED, PROVISIONING_STATE=PROVISIONED, BACKUP_MANAGER_STATE=BACKUP_READY, PROCESS_IMPORTANCE_THRESHOLD=125)
06-30 04:00:20.686  2353  4556 I Finsky  : [149] qml.F(9): IQ: Bulk scheduling created jobs
06-30 04:00:20.686  2353  2527 I Finsky  : [58] jkr.a(11): AIM: AppInfoManager-Perf > ItemModel > CacheSize=0, cacheHitCount=0, cacheMissCount=1, total appsWithNoServerDataCount=0. Missed  in cache (limit 10) : [com.google.android.apps.youtube.music]
06-30 04:00:20.687  2353  2527 I Finsky  : [58] jkt.n(3): AIM: AppInfoManager-Perf > ItemModel > ItemStore Called 1 apps cacheOptions = REFRESH_LOCAL_CACHE
06-30 04:00:20.690  2353  2527 I Finsky  : [58] jkr.a(98): AIM: ItemModel fetch - unauth(1), auth()
06-30 04:00:20.763  2353  2527 I Finsky  : [58] xzs.accept(38): SCH: Scheduling phonesky job Id: 3-345, CT: 1688077820686, Constraints: [{ L: 0, D: 86400000, C: 2, I: 2, N: 2 }]
06-30 04:00:20.767  2353  2530 I Finsky  : [60] ybr.apply(42): SCH: Scheduling 0 system job(s)
06-30 04:00:20.771  2353  2506 I Finsky  : [52] qma.a(2): IQ: start evaluating install requests.
06-30 04:00:20.771  2353  2506 I Finsky  : [52] qma.a(9): IQ: no jobs active. Skipping
06-30 04:00:20.771  2353  2506 I Finsky  : [52] qma.a(28): IQ: no installs to evaluate. Skipping.
06-30 04:00:20.777  3339  3339 I ViewInteraction: Performing 'single click' action on view view.getId() is <2131230835/com.example.lunchtray:id/bread>
06-30 04:00:20.780   312   312 D Zygote  : Forked child process 5149
06-30 04:00:20.787   312   312 I Zygote  : Process 4575 exited due to signal 9 (Killed)
06-30 04:00:20.787  2353  2506 I Finsky  : [52] iqr.accept(30): AIM: AppInfoManager-Perf > getApps > data collection finished
06-30 04:00:20.792  2353  2530 I Finsky  : [60] iqr.accept(30): AIM: AppInfoManager-Perf > getApps > data collection finished
06-30 04:00:20.793  2353  2506 I Finsky  : [52] iqr.accept(30): AIM: AppInfoManager-Perf > getApps > data collection finished
06-30 04:00:20.794  2353  2527 I Finsky  : [58] iqr.accept(30): AIM: AppInfoManager-Perf > getApps > data collection finished
06-30 04:00:20.796  5149  5149 E oid.apps.photo: Not starting debugger since process cannot load the jdwp agent.
06-30 04:00:20.812  5149  5149 D CompatibilityChangeReporter: Compat change id reported: 171979766; UID 10125; state: ENABLED
06-30 04:00:20.819   527   557 I libprocessgroup: Successfully killed process cgroup uid 10101 pid 4575 in 42ms
06-30 04:00:20.884  5149  5149 W oid.apps.photo: Entry not found
06-30 04:00:20.885  5149  5149 W oid.apps.photo: Entry not found
06-30 04:00:20.888  5149  5149 W oid.apps.photo: JIT profile information will not be recorded: profile file does not exist.
06-30 04:00:20.888  5149  5149 W oid.apps.photo: JIT profile information will not be recorded: profile file does not exist.
06-30 04:00:20.901  5149  5149 V GraphicsEnvironment: ANGLE Developer option for 'com.google.android.apps.photos' set to: 'default'
06-30 04:00:20.901  5149  5149 V GraphicsEnvironment: Neither updatable production driver nor prerelease driver is supported.
06-30 04:00:20.902  5149  5149 D NetworkSecurityConfig: No Network Security Config specified, using platform default
06-30 04:00:20.902  5149  5149 D NetworkSecurityConfig: No Network Security Config specified, using platform default
06-30 04:00:20.928  5149  5149 W oid.apps.photo: Accessing hidden field Ljava/util/Collections$SynchronizedCollection;->mutex:Ljava/lang/Object; (max-target-o, reflection, denied)
06-30 04:00:20.928  5149  5149 W oid.apps.photo: Accessing hidden method Ljava/util/Collections$SynchronizedSet;-><init>(Ljava/util/Set;Ljava/lang/Object;)V (max-target-o, reflection, denied)
06-30 04:00:20.929  5149  5149 W oid.apps.photo: Accessing hidden method Ljava/util/Collections$SynchronizedCollection;-><init>(Ljava/util/Collection;Ljava/lang/Object;)V (max-target-o, reflection, denied)
06-30 04:00:21.000   312   312 I Zygote  : Process 4629 exited due to signal 9 (Killed)
06-30 04:00:21.017  1365  1875 I MediaProvider: Begin Intent { act=android.intent.action.MEDIA_MOUNTED dat=file:///storage/emulated/0 flg=0x5000010 cmp=com.google.android.providers.media.module/com.android.providers.media.MediaService (has extras) }
06-30 04:00:21.017  5109  5109 D ExternalStorage: After updating volumes, found 1 active roots
06-30 04:00:21.020  1365  1875 I MediaProvider: Volume MediaVolume name: [external_primary] id: [emulated;0] user: [UserHandle{0}] path: [/storage/emulated/0] already attached
06-30 04:00:21.020  1365  1875 I MediaProvider: End Intent { act=android.intent.action.MEDIA_MOUNTED dat=file:///storage/emulated/0 flg=0x5000010 cmp=com.google.android.providers.media.module/com.android.providers.media.MediaService (has extras) }
06-30 04:00:21.031   527   557 I libprocessgroup: Successfully killed process cgroup uid 10114 pid 4629 in 42ms
06-30 04:00:21.032  1365  1875 I MediaProvider: Begin Intent { act=android.intent.action.MEDIA_MOUNTED dat=file:///storage/emulated/0 flg=0x5000010 cmp=com.google.android.providers.media.module/com.android.providers.media.MediaService (has extras) }
06-30 04:00:21.032  1365  1875 I MediaProvider: Volume MediaVolume name: [external_primary] id: [emulated;0] user: [UserHandle{0}] path: [/storage/emulated/0] already attached
06-30 04:00:21.032  1365  1875 I MediaProvider: End Intent { act=android.intent.action.MEDIA_MOUNTED dat=file:///storage/emulated/0 flg=0x5000010 cmp=com.google.android.providers.media.module/com.android.providers.media.MediaService (has extras) }
06-30 04:00:21.036   527  1885 D ConnectivityService: requestNetwork for uid/pid:10125/5149 activeRequest: null callbackRequest: 154 [NetworkRequest [ REQUEST id=155, [ Capabilities: INTERNET&NOT_RESTRICTED&TRUSTED&NOT_VCN_MANAGED Uid: 10125 RequestorUid: 10125 RequestorPkg: com.google.android.apps.photos] ]] callback flags: 0 priority: 2147483647
06-30 04:00:21.038   527   646 D ConnectivityService: NetReassign [155 : null  101]
06-30 04:00:21.042   527   639 D WifiNetworkFactory: got request NetworkRequest [ REQUEST id=155, [ Capabilities: INTERNET&NOT_RESTRICTED&TRUSTED&NOT_VCN_MANAGED Uid: 10125 RequestorUid: 10125 RequestorPkg: com.google.android.apps.photos] ]
06-30 04:00:21.043   527   639 D UntrustedWifiNetworkFactory: got request NetworkRequest [ REQUEST id=155, [ Capabilities: INTERNET&NOT_RESTRICTED&TRUSTED&NOT_VCN_MANAGED Uid: 10125 RequestorUid: 10125 RequestorPkg: com.google.android.apps.photos] ]
06-30 04:00:21.045   527   639 D OemPaidWifiNetworkFactory: got request NetworkRequest [ REQUEST id=155, [ Capabilities: INTERNET&NOT_RESTRICTED&TRUSTED&NOT_VCN_MANAGED Uid: 10125 RequestorUid: 10125 RequestorPkg: com.google.android.apps.photos] ]
06-30 04:00:21.053  1386  1386 I GsaVoiceInteractionSrv: Handling ACTION_START_HOTWORD
06-30 04:00:21.061  1386  1386 I GsaVoiceInteractionSrv: disregardVoiceMatch: false
06-30 04:00:21.068  1386  1386 I GsaVoiceInteractionSrv: Cannot start hotword, hotword has been explicitly disabled.
06-30 04:00:21.079   312   312 D Zygote  : Forked child process 5179
06-30 04:00:21.107  5179  5179 E .apps.messagin: Not starting debugger since process cannot load the jdwp agent.
06-30 04:00:21.133  3339  3339 I ViewInteraction: Performing 'single click' action on view view.getId() is <2131231074/com.example.lunchtray:id/next_button>
06-30 04:00:21.140  5179  5179 D CompatibilityChangeReporter: Compat change id reported: 171979766; UID 10103; state: ENABLED
06-30 04:00:21.189  5179  5179 D nativeloader: classloader namespace configured for unbundled product apk. library_path=/product/priv-app/PrebuiltBugle/lib/arm64:/product/priv-app/PrebuiltBugle/PrebuiltBugle.apk!/lib/arm64-v8a:/product/lib64:/system/product/lib64
06-30 04:00:21.240  5179  5179 V GraphicsEnvironment: ANGLE Developer option for 'com.google.android.apps.messaging' set to: 'default'
06-30 04:00:21.240  5179  5179 V GraphicsEnvironment: Neither updatable production driver nor prerelease driver is supported.
06-30 04:00:21.241  5179  5179 D NetworkSecurityConfig: No Network Security Config specified, using platform default
06-30 04:00:21.242  5179  5179 D NetworkSecurityConfig: No Network Security Config specified, using platform default
06-30 04:00:21.268  3339  3581 D EGL_emulation: app_time_stats: avg=19.76ms min=4.49ms max=182.02ms count=48
06-30 04:00:21.327  5179  5179 I MultiDex: VM with version 2.1.0 has multidex support
06-30 04:00:21.327  5179  5179 I MultiDex: install
06-30 04:00:21.327  5179  5179 I MultiDex: VM has multidex support, MultiDex support library is disabled.
06-30 04:00:21.486  3339  3339 I ViewInteraction: Performing 'single click' action on view view.getId() is <2131230842/com.example.lunchtray:id/cancel_button>
06-30 04:00:21.497  4849  4859 W oogle.pixel.ex: Suspending all threads took: 22.458ms
06-30 04:00:21.734  5179  5179 I avfy    : SslGuard completed installation.
06-30 04:00:21.769  5179  5179 I Bugle   : BugleApplicationBase: Bugle version: 8.4.041 (upas_rc12_alldpi.arm64-v8a.phone)
06-30 04:00:21.772  5179  5179 I Bugle   : DarkModeManager: setDarkMode: -1
06-30 04:00:21.916  5179  5200 I Bugle   : Initializing EmojiCompat
06-30 04:00:21.922  5179  5209 I CarrierServices: [47] akbw.l: Reinitialize CSLib Flags: com.google.android.ims.library
06-30 04:00:21.929  5179  5200 I CarrierServices: [42] ajre.a: Initializing Carrier Services Library.
06-30 04:00:21.960  5179  5200 I CarrierServices: [42] akbw.l: Reinitialize CSLib Flags: com.google.android.ims.library
06-30 04:00:21.970  1104  2514 I FontLog : (REDACTED) Received query %s, URI %s
06-30 04:00:21.972  1104  2514 I FontLog : (REDACTED) Query [%s] resolved to %s
06-30 04:00:21.991  1104  2514 I FontLog : (REDACTED) Fetch %s end status %s
06-30 04:00:22.034  5022  5099 E PhenotypeFlagCommitter: Retrieving snapshot for com.google.android.gm#com.google.android.gm_Hub failed
06-30 04:00:22.034  5022  5099 E PhenotypeFlagCommitter: java.util.concurrent.TimeoutException: Timed out waiting for Task
06-30 04:00:22.034  5022  5099 E PhenotypeFlagCommitter: 	at pyx.bw(PG:7)
06-30 04:00:22.034  5022  5099 E PhenotypeFlagCommitter: 	at sbf.j(PG:2)
06-30 04:00:22.034  5022  5099 E PhenotypeFlagCommitter: 	at sbf.k(PG:2)
06-30 04:00:22.034  5022  5099 E PhenotypeFlagCommitter: 	at sbf.h(Unknown Source:6)
06-30 04:00:22.034  5022  5099 E PhenotypeFlagCommitter: 	at hzz.run(PG:9)
06-30 04:00:22.034  5022  5099 E PhenotypeFlagCommitter: 	at java.util.concurrent.ThreadPoolExecutor.runWorker(ThreadPoolExecutor.java:1167)
06-30 04:00:22.034  5022  5099 E PhenotypeFlagCommitter: 	at java.util.concurrent.ThreadPoolExecutor$Worker.run(ThreadPoolExecutor.java:641)
06-30 04:00:22.034  5022  5099 E PhenotypeFlagCommitter: 	at java.lang.Thread.run(Thread.java:920)
06-30 04:00:22.040  3339  3339 I ViewInteraction: Performing 'single click' action on view view.getId() is <2131231216/com.example.lunchtray:id/start_order_btn>
06-30 04:00:22.065  1104  3100 I FontLog : (REDACTED) Pulling font file for id = %d, cache size = %d
06-30 04:00:22.069   527   536 I system_server: NativeAlloc concurrent copying GC freed 689992(18MB) AllocSpace objects, 30(1032KB) LOS objects, 49% free, 20MB/41MB, paused 96us,299us total 416.398ms
06-30 04:00:22.081   527   538 W System  : A resource failed to call close.
06-30 04:00:22.081   527   538 W System  : A resource failed to call release.
06-30 04:00:22.082   527   538 W System  : A resource failed to call close.
06-30 04:00:22.082   527   538 W System  : A resource failed to call close.
06-30 04:00:22.083   527   538 W System  : A resource failed to call release.
06-30 04:00:22.083   527   538 W System  : A resource failed to call close.
06-30 04:00:22.084  5179  5209 I CarrierServices: [47] akbw.l: Reinitialize CSLib Flags: com.google.android.ims.library
06-30 04:00:22.084   527   538 W System  : A resource failed to call close.
06-30 04:00:22.084   527   538 W System  : A resource failed to call release.
06-30 04:00:22.085   527   538 W System  : A resource failed to call close.
06-30 04:00:22.089  5179  5209 I CarrierServices: [47] akyy.e: RcsProvisioningManager: combineConfigurationWithAvailability, simId = redacted-pii:sim_id[20-chars], hasConfig = false
06-30 04:00:22.090  5179  5200 I CarrierServices: [42] ajre.b: Initializing Carrier Services Logging.
06-30 04:00:22.091  5179  5209 I BugleRcsEngine: [47] akbw.l: Reinitialize CSLib Flags: com.google.android.ims.library
06-30 04:00:22.095  1104  3100 I FontLog : (REDACTED) Pulling font file for id = %d, cache size = %d
06-30 04:00:22.103  5179  5209 W BugleRcsEngine: [47] akyy.e: RcsProvisioningManager: combineConfigurationWithAvailability, RCS is not available (RcsAvailability{mAvailability=BUGLE_LOADING_AVAILABILITY_IN_PROGRESS (Bugle client is still loading the status)}), return empty configuration
06-30 04:00:22.105  5179  5200 I LogSaver: LogSaver new instance with filename: carrier_services
06-30 04:00:22.106  5179  5209 I BugleRcsProvisioning: RcsProvisioningTrigger: Schedule provisioning on system binding.
06-30 04:00:22.106  5179  5209 I BugleRcsProvisioning: [SR]: Single Registration is disabled, skipping the setupVendorIms
06-30 04:00:22.127  5179  5215 W .apps.messagin: Accessing hidden field Ljava/util/Collections$SynchronizedCollection;->mutex:Ljava/lang/Object; (max-target-o, reflection, denied)
06-30 04:00:22.127  5179  5215 W .apps.messagin: Accessing hidden method Ljava/util/Collections$SynchronizedSet;-><init>(Ljava/util/Set;Ljava/lang/Object;)V (max-target-o, reflection, denied)
06-30 04:00:22.133  5179  5215 W .apps.messagin: Accessing hidden method Ljava/util/Collections$SynchronizedCollection;-><init>(Ljava/util/Collection;Ljava/lang/Object;)V (max-target-o, reflection, denied)
06-30 04:00:22.138  5179  5209 I Bugle   : TelephonyManagerFactory: Returning per-subscription TelephonyManager (>= N) subscription{id:1}
06-30 04:00:22.214  1104  1113 I .gms.persisten: Background young concurrent copying GC freed 186079(10MB) AllocSpace objects, 0(0B) LOS objects, 31% free, 23MB/35MB, paused 56us,78us total 102.766ms
06-30 04:00:22.221  5179  5209 I BugleRcsProvisioning: RcsProvisioningTrigger: schedule provisioning
06-30 04:00:22.268  3339  3581 D EGL_emulation: app_time_stats: avg=34.66ms min=4.55ms max=260.57ms count=26
06-30 04:00:22.276   312   312 I Zygote  : Process 1273 exited due to signal 9 (Killed)
06-30 04:00:22.280   527   557 I libprocessgroup: Successfully killed process cgroup uid 10141 pid 1273 in 42ms
06-30 04:00:22.289  5179  5198 I BugleRcsEngine: [40] albk.n: No RCS Configuration was found in Bugle for simID: redacted-pii:sim_id[20-chars]
06-30 04:00:22.301  5179  5198 I BugleRcsEngine: [40] alsz.d: Checking if using CarrierServices.apk is possible. Enabled: true, isAtLeastM: true, runningInsideBugle: true
06-30 04:00:22.302  5179  5198 W BugleRcsEngine: [40] alsz.g: Carrier Services Apk was not found.
06-30 04:00:22.302  5179  5198 I BugleRcsEngine: [40] alsz.e: Cannot get service version because CS.apk was not found, not pre-loaded or disabled.
06-30 04:00:22.302  5179  5198 W BugleRcsEngine: [40] alsz.e: Service with meta data key: JibeServiceApiVersions is not compatible. Service Version 1 is not supported. Supported versions: []
06-30 04:00:22.305  5179  5199 D CompatibilityChangeReporter: Compat change id reported: 160794467; UID 10103; state: ENABLED
06-30 04:00:22.307  5179  5198 W BugleRcsEngine: [40] akrz.a: [SR]: Single Registration is disabled. Skipping Single Registration capability check for subId: 1
06-30 04:00:22.307  5179  5198 I BugleRcsProvisioning: RcsAvailabilityUpdaterLocal: [SR]: SingleRegistration capability, singleRegistrationCapability: false, simId: redacted-pii:sim_id[20-chars], subId: 1
06-30 04:00:22.308  5179  5198 I BugleRcsEngine: [40] albk.n: No RCS Configuration was found in Bugle for simID: redacted-pii:sim_id[20-chars]
06-30 04:00:22.308  5179  5198 I BugleRcsProvisioning: RcsAvailabilityUpdaterLocal: [SR]: SingleRegistration configuration, singleRegistrationRcsConfigAvailableAndEnabled: false, simId: redacted-pii:sim_id[20-chars]
06-30 04:00:22.309  5179  5198 I BugleRcsEngine: [40] albk.n: No RCS Configuration was found in Bugle for simID: redacted-pii:sim_id[20-chars]
06-30 04:00:22.310  5179  5198 I BugleRcsProvisioning: RcsAvailabilityUpdaterLocal: updateRcsAvailability, currentAvailability: 1, newAvailability: 9, hint: NO_HINT
06-30 04:00:22.313  5179  5198 I BugleRcsEngine: [40] jsj.run: Skipping provisioning scheduling since RCS is disabled
06-30 04:00:22.316  5179  5202 I BugleRcsProvisioning: RcsProvisioningTrigger: onRcsAvailabilityUpdate : availability is updated to RCS is disabled due to SIM absent, lastAvailability is null, simId hash = -4195747258614128190, isPev3Enabled = true
06-30 04:00:22.321  5179  5202 I BugleRcsEngine: [44] jtw.a: RcsProvisioningManager: Receive onRcsAvailabilityUpdate, SIM = redacted-pii:sim_id[20-chars], availability = RcsAvailability{mAvailability=DISABLED_SIM_ABSENT (RCS is disabled due to SIM absent)}
06-30 04:00:22.334  5179  5202 I BugleRcsProvisioning: RcsProvisioningTrigger: onRcsAvailabilityUpdate : isPreviousDisabled = true, isCurrentDisabled = true
06-30 04:00:22.336  5179  5202 I BugleRcsEngine: [44] albk.n: No RCS Configuration was found in Bugle for simID: redacted-pii:sim_id[20-chars]
06-30 04:00:22.341  4898  4909 W .apps.wellbein: Suspending all threads took: 22.114ms
06-30 04:00:22.424  5179  5200 I BugleBackup: Registering preference change listener for "bugle".
06-30 04:00:22.433  5179  5198 W BugleRcs: couldn't get package info for carrier services package with name com.google.android.ims
06-30 04:00:22.434   312   312 D Zygote  : Forked child process 5220
06-30 04:00:22.435  5179  5198 W BugleRcs: android.content.pm.PackageManager$NameNotFoundException: com.google.android.ims
06-30 04:00:22.435  5179  5198 W BugleRcs: 	at android.app.ApplicationPackageManager.getPackageInfoAsUser(ApplicationPackageManager.java:241)
06-30 04:00:22.435  5179  5198 W BugleRcs: 	at android.app.ApplicationPackageManager.getPackageInfo(ApplicationPackageManager.java:213)
06-30 04:00:22.435  5179  5198 W BugleRcs: 	at zod.<init>(PG:7)
06-30 04:00:22.435  5179  5198 W BugleRcs: 	at zod.a(PG:1)
06-30 04:00:22.435  5179  5198 W BugleRcs: 	at tae.a(PG:5)
06-30 04:00:22.435  5179  5198 W BugleRcs: 	at kbf.run(PG:2)
06-30 04:00:22.435  5179  5198 W BugleRcs: 	at aypj.run(PG:2)
06-30 04:00:22.435  5179  5198 W BugleRcs: 	at java.util.concurrent.Executors$RunnableAdapter.call(Executors.java:462)
06-30 04:00:22.435  5179  5198 W BugleRcs: 	at bcic.c(PG:1)
06-30 04:00:22.435  5179  5198 W BugleRcs: 	at bchf.run(PG:4)
06-30 04:00:22.435  5179  5198 W BugleRcs: 	at bcid.run(PG:1)
06-30 04:00:22.435  5179  5198 W BugleRcs: 	at aosz.run(PG:1)
06-30 04:00:22.435  5179  5198 W BugleRcs: 	at java.util.concurrent.ThreadPoolExecutor.runWorker(ThreadPoolExecutor.java:1167)
06-30 04:00:22.435  5179  5198 W BugleRcs: 	at java.util.concurrent.ThreadPoolExecutor$Worker.run(ThreadPoolExecutor.java:641)
06-30 04:00:22.435  5179  5198 W BugleRcs: 	at aosl.run(PG:2)
06-30 04:00:22.435  5179  5198 W BugleRcs: 	at aorz.run(PG:2)
06-30 04:00:22.435  5179  5198 W BugleRcs: 	at java.lang.Thread.run(Thread.java:920)
06-30 04:00:22.439  1540  1890 W SearchServiceCore: Abort, client detached.
06-30 04:00:22.453  5220  5220 E ndroid.calenda: Not starting debugger since process cannot load the jdwp agent.
06-30 04:00:22.467  5220  5220 D CompatibilityChangeReporter: Compat change id reported: 171979766; UID 10113; state: DISABLED
06-30 04:00:22.484  5220  5220 D nativeloader: classloader namespace configured for unbundled product apk. library_path=/product/app/CalendarGooglePrebuilt/lib/arm64:/product/lib64:/system/product/lib64
06-30 04:00:22.498  3339  3339 I ViewInteraction: Checking 'MatchesViewAssertion{viewMatcher=(view has effective visibility <VISIBLE> and view.getGlobalVisibleRect() to return non-empty rectangle)}' assertion on view an instance of android.widget.TextView and view.getText() with or without transformation to match: is "Subtotal: $0.00"
06-30 04:00:22.498  3339  3563 I TestRunner: finished: order_reset_after_cancel_from_checkout(com.example.lunchtray.OrderFunctionalityTests)
